Loading plugins phase: Elapsed time ==> 0s.150ms
<CYPRESSTAG name="CyDsfit arguments...">
cydsfit arguments: -.fdsnotice -.fdswarpdepfile=warp_dependencies.txt -.fdselabdepfile=elab_dependencies.txt -.fdsbldfile=generated_files.txt -.fdsreffile=referenced_files.txt -p C:\Users\michael.machate\Desktop\Cypress_Firsttests\FirstTestMutal.cydsn\FirstTestMutal.cyprj -d CY8C4045AZI-S413 -s C:\Users\michael.machate\Desktop\Cypress_Firsttests\FirstTestMutal.cydsn\Generated_Source\PSoC4 -- -yv2 -q10 -ygs -o2 -v3 -.fftcfgtype=LE
</CYPRESSTAG>
<CYPRESSTAG name="Design elaboration results...">
ADD: sdb.M0061: information: Info from component: CapSense_1. Enabling the multi-frequency scan reduces the IMO accuracy to +/-10%. Timing of asynchronous communication may be affected.
 * C:\Users\michael.machate\Desktop\Cypress_Firsttests\FirstTestMutal.cydsn\TopDesign\TopDesign.cysch (Instance:CapSense_1)

</CYPRESSTAG>
Elaboration phase: Elapsed time ==> 1s.961ms
<CYPRESSTAG name="HDL generation results...">
</CYPRESSTAG>
HDL generation phase: Elapsed time ==> 0s.059ms
<CYPRESSTAG name="Synthesis results...">

     | | | | | | |
   _________________
  -|               |-
  -|               |-
  -|               |-
  -|    CYPRESS    |-
  -|               |-
  -|               |-   Warp Verilog Synthesis Compiler: Version 6.3 IR 41
  -|               |-   Copyright (C) 1991-2001 Cypress Semiconductor
   |_______________|
     | | | | | | |

======================================================================
Compiling:  FirstTestMutal.v
Program  :   C:\Program Files (x86)\Cypress\PSoC Creator\4.2\PSoC Creator\warp\bin\warp.exe
Options  :    -yv2 -q10 -ygs -o2 -v3 -.fftcfgtype=LE -ya -.fftprj=C:\Users\michael.machate\Desktop\Cypress_Firsttests\FirstTestMutal.cydsn\FirstTestMutal.cyprj -dcpsoc3 FirstTestMutal.v -verilog
======================================================================

======================================================================
Compiling:  FirstTestMutal.v
Program  :   C:\Program Files (x86)\Cypress\PSoC Creator\4.2\PSoC Creator\warp\bin\warp.exe
Options  :    -yv2 -q10 -ygs -o2 -v3 -.fftcfgtype=LE -ya -.fftprj=C:\Users\michael.machate\Desktop\Cypress_Firsttests\FirstTestMutal.cydsn\FirstTestMutal.cyprj -dcpsoc3 FirstTestMutal.v -verilog
======================================================================

======================================================================
Compiling:  FirstTestMutal.v
Program  :   vlogfe
Options  :    -yv2 -q10 -ygs -o2 -v3 -.fftcfgtype=LE -ya -.fftprj=C:\Users\michael.machate\Desktop\Cypress_Firsttests\FirstTestMutal.cydsn\FirstTestMutal.cyprj -dcpsoc3 -verilog FirstTestMutal.v
======================================================================

vlogfe V6.3 IR 41:  Verilog parser
Fri Aug 03 10:08:41 2018


======================================================================
Compiling:  FirstTestMutal.v
Program  :   vpp
Options  :    -yv2 -q10 FirstTestMutal.v
======================================================================

vpp V6.3 IR 41:  Verilog Pre-Processor
Fri Aug 03 10:08:41 2018

Flattening file 'C:\Program Files (x86)\Cypress\PSoC Creator\4.2\PSoC Creator\psoc\content\CyPrimitives\cyprimitives.cylib\cy_virtualmux_v1_0\cy_virtualmux_v1_0.v'
Flattening file 'C:\Program Files (x86)\Cypress\PSoC Creator\4.2\PSoC Creator\psoc\content\CyPrimitives\cyprimitives.cylib\ZeroTerminal\ZeroTerminal.v'
Flattening file 'C:\Program Files (x86)\Cypress\PSoC Creator\4.2\PSoC Creator\psoc\content\CyPrimitives\cyprimitives.cylib\or_v1_0\or_v1_0.v'
Flattening file 'C:\Program Files (x86)\Cypress\PSoC Creator\4.2\PSoC Creator\psoc\content\CyPrimitives\cyprimitives.cylib\cy_analog_virtualmux_v1_0\cy_analog_virtualmux_v1_0.v'

vpp:  No errors.

Library 'work' => directory 'lcpsoc3'
General_symbol_table
General_symbol_table
Linking 'C:\Program Files (x86)\Cypress\PSoC Creator\4.2\PSoC Creator\warp\lib\common\std.vhd'.
Linking 'C:\Program Files (x86)\Cypress\PSoC Creator\4.2\PSoC Creator\warp\lib\common\cypress.vhd'.
Linking 'C:\Program Files (x86)\Cypress\PSoC Creator\4.2\PSoC Creator\warp\lib\common\work\cypress.vif'.
Linking 'C:\Program Files (x86)\Cypress\PSoC Creator\4.2\PSoC Creator\warp\lib\ieee\work\stdlogic.vif'.
Linking 'C:\Program Files (x86)\Cypress\PSoC Creator\4.2\PSoC Creator\warp\lib\common\stdlogic\lpmpkg.vif'.
Linking 'C:\Program Files (x86)\Cypress\PSoC Creator\4.2\PSoC Creator\warp\lib\common\stdlogic\rtlpkg.vif'.
Linking 'C:\Program Files (x86)\Cypress\PSoC Creator\4.2\PSoC Creator\warp\lib\common\stdlogic\mod_cnst.vif'.
Linking 'C:\Program Files (x86)\Cypress\PSoC Creator\4.2\PSoC Creator\warp\lib\common\stdlogic\mod_mthv.vif'.
Linking 'C:\Program Files (x86)\Cypress\PSoC Creator\4.2\PSoC Creator\warp\lib\common\stdlogic\mod_genv.vif'.
Using control file 'FirstTestMutal.ctl'.

vlogfe:  No errors.


======================================================================
Compiling:  FirstTestMutal.v
Program  :   tovif
Options  :    -yv2 -q10 -ygs -o2 -v3 -.fftcfgtype=LE -ya -.fftprj=C:\Users\michael.machate\Desktop\Cypress_Firsttests\FirstTestMutal.cydsn\FirstTestMutal.cyprj -dcpsoc3 -verilog FirstTestMutal.v
======================================================================

tovif V6.3 IR 41:  High-level synthesis
Fri Aug 03 10:08:41 2018

Linking 'C:\Program Files (x86)\Cypress\PSoC Creator\4.2\PSoC Creator\warp\lib\common\std.vhd'.
Linking 'C:\Program Files (x86)\Cypress\PSoC Creator\4.2\PSoC Creator\warp\lib\common\cypress.vhd'.
Linking 'C:\Program Files (x86)\Cypress\PSoC Creator\4.2\PSoC Creator\warp\lib\common\work\cypress.vif'.
Linking 'C:\Program Files (x86)\Cypress\PSoC Creator\4.2\PSoC Creator\warp\lib\ieee\work\stdlogic.vif'.
Linking 'C:\Program Files (x86)\Cypress\PSoC Creator\4.2\PSoC Creator\warp\lib\common\stdlogic\lpmpkg.vif'.
Linking 'C:\Program Files (x86)\Cypress\PSoC Creator\4.2\PSoC Creator\warp\lib\common\stdlogic\rtlpkg.vif'.
Linking 'C:\Program Files (x86)\Cypress\PSoC Creator\4.2\PSoC Creator\warp\lib\common\stdlogic\mod_cnst.vif'.
Linking 'C:\Program Files (x86)\Cypress\PSoC Creator\4.2\PSoC Creator\warp\lib\common\stdlogic\mod_mthv.vif'.
Linking 'C:\Program Files (x86)\Cypress\PSoC Creator\4.2\PSoC Creator\warp\lib\common\stdlogic\mod_genv.vif'.
Linking 'C:\Users\michael.machate\Desktop\Cypress_Firsttests\FirstTestMutal.cydsn\codegentemp\FirstTestMutal.ctl'.
Linking 'C:\Program Files (x86)\Cypress\PSoC Creator\4.2\PSoC Creator\psoc\content\CyPrimitives\cyprimitives.cylib\cy_virtualmux_v1_0\cy_virtualmux_v1_0.v'.
Linking 'C:\Users\michael.machate\Desktop\Cypress_Firsttests\FirstTestMutal.cydsn\codegentemp\FirstTestMutal.v'.
Linking 'C:\Program Files (x86)\Cypress\PSoC Creator\4.2\PSoC Creator\psoc\content\CyPrimitives\cyprimitives.cylib\ZeroTerminal\ZeroTerminal.v'.
Linking 'C:\Program Files (x86)\Cypress\PSoC Creator\4.2\PSoC Creator\psoc\content\CyPrimitives\cyprimitives.cylib\or_v1_0\or_v1_0.v'.
Linking 'C:\Program Files (x86)\Cypress\PSoC Creator\4.2\PSoC Creator\psoc\content\CyPrimitives\cyprimitives.cylib\cy_analog_virtualmux_v1_0\cy_analog_virtualmux_v1_0.v'.

tovif:  No errors.


======================================================================
Compiling:  FirstTestMutal.v
Program  :   topld
Options  :    -yv2 -q10 -ygs -o2 -v3 -.fftcfgtype=LE -ya -.fftprj=C:\Users\michael.machate\Desktop\Cypress_Firsttests\FirstTestMutal.cydsn\FirstTestMutal.cyprj -dcpsoc3 -verilog FirstTestMutal.v
======================================================================

topld V6.3 IR 41:  Synthesis and optimization
Fri Aug 03 10:08:41 2018

Linking 'C:\Program Files (x86)\Cypress\PSoC Creator\4.2\PSoC Creator\warp\lib\common\std.vhd'.
Linking 'C:\Program Files (x86)\Cypress\PSoC Creator\4.2\PSoC Creator\warp\lib\common\cypress.vhd'.
Linking 'C:\Program Files (x86)\Cypress\PSoC Creator\4.2\PSoC Creator\warp\lib\common\work\cypress.vif'.
Linking 'C:\Program Files (x86)\Cypress\PSoC Creator\4.2\PSoC Creator\warp\lib\ieee\work\stdlogic.vif'.
Linking 'C:\Program Files (x86)\Cypress\PSoC Creator\4.2\PSoC Creator\warp\lib\common\stdlogic\lpmpkg.vif'.
Linking 'C:\Program Files (x86)\Cypress\PSoC Creator\4.2\PSoC Creator\warp\lib\common\stdlogic\rtlpkg.vif'.
Linking 'C:\Program Files (x86)\Cypress\PSoC Creator\4.2\PSoC Creator\warp\lib\common\stdlogic\mod_cnst.vif'.
Linking 'C:\Program Files (x86)\Cypress\PSoC Creator\4.2\PSoC Creator\warp\lib\common\stdlogic\mod_mthv.vif'.
Linking 'C:\Program Files (x86)\Cypress\PSoC Creator\4.2\PSoC Creator\warp\lib\common\stdlogic\mod_genv.vif'.
Linking 'C:\Users\michael.machate\Desktop\Cypress_Firsttests\FirstTestMutal.cydsn\codegentemp\FirstTestMutal.ctl'.
Linking 'C:\Program Files (x86)\Cypress\PSoC Creator\4.2\PSoC Creator\psoc\content\CyPrimitives\cyprimitives.cylib\cy_virtualmux_v1_0\cy_virtualmux_v1_0.v'.
Linking 'C:\Users\michael.machate\Desktop\Cypress_Firsttests\FirstTestMutal.cydsn\codegentemp\FirstTestMutal.v'.
Linking 'C:\Program Files (x86)\Cypress\PSoC Creator\4.2\PSoC Creator\psoc\content\CyPrimitives\cyprimitives.cylib\ZeroTerminal\ZeroTerminal.v'.
Linking 'C:\Program Files (x86)\Cypress\PSoC Creator\4.2\PSoC Creator\psoc\content\CyPrimitives\cyprimitives.cylib\or_v1_0\or_v1_0.v'.
Linking 'C:\Program Files (x86)\Cypress\PSoC Creator\4.2\PSoC Creator\psoc\content\CyPrimitives\cyprimitives.cylib\cy_analog_virtualmux_v1_0\cy_analog_virtualmux_v1_0.v'.
Linking 'C:\Program Files (x86)\Cypress\PSoC Creator\4.2\PSoC Creator\warp\lib\lcpsoc3\stdlogic\cpsoc3.vif'.

----------------------------------------------------------
Detecting unused logic.
----------------------------------------------------------
    User names
	\UART:Net_1257\
	\UART:uncfg_rx_irq\
	\UART:Net_1099\
	\UART:Net_1258\
	Net_1121
	Net_1130
	Net_1131
	Net_1132
	Net_1133
	Net_1134
	Net_1135
	Net_1136
	Net_1138
	Net_1141
	\I2CS:Net_1257\
	\I2CS:uncfg_rx_irq\
	\I2CS:Net_1099\
	\I2CS:Net_1258\
	Net_1143
	Net_1152
	Net_1153
	Net_1154
	Net_1155
	Net_1156
	Net_1157
	Net_1158
	Net_1160
	Net_1163
	\CapSense_1:Net_44\
	\CapSense_1:Net_46\
	\CapSense_1:Net_47\
	\CapSense_1:Net_48\
	\CapSense_1:Net_147\
	\CapSense_1:Net_146\


Deleted 34 User equations/components.
Deleted 0 Synthesized equations/components.

------------------------------------------------------
Alias Detection
------------------------------------------------------
Aliasing one to tmpOE__LED1_net_0
Aliasing \UART:select_s_wire\ to zero
Aliasing \UART:rx_wire\ to zero
Aliasing \UART:sclk_s_wire\ to zero
Aliasing \UART:mosi_s_wire\ to zero
Aliasing \UART:miso_m_wire\ to zero
Aliasing \UART:tmpOE__tx_net_0\ to tmpOE__LED1_net_0
Aliasing \UART:cts_wire\ to zero
Aliasing \I2CS:select_s_wire\ to zero
Aliasing \I2CS:rx_wire\ to zero
Aliasing \I2CS:sclk_s_wire\ to zero
Aliasing \I2CS:mosi_s_wire\ to zero
Aliasing \I2CS:miso_m_wire\ to zero
Aliasing \I2CS:tmpOE__sda_net_0\ to tmpOE__LED1_net_0
Aliasing \I2CS:tmpOE__scl_net_0\ to tmpOE__LED1_net_0
Aliasing \I2CS:cts_wire\ to zero
Aliasing \CapSense_1:Net_95\ to zero
Aliasing \CapSense_1:Net_94\ to zero
Aliasing \CapSense_1:Net_93\ to zero
Aliasing \CapSense_1:Net_92\ to zero
Aliasing \CapSense_1:tmpOE__Rx_net_5\ to tmpOE__LED1_net_0
Aliasing \CapSense_1:tmpOE__Rx_net_4\ to tmpOE__LED1_net_0
Aliasing \CapSense_1:tmpOE__Rx_net_3\ to tmpOE__LED1_net_0
Aliasing \CapSense_1:tmpOE__Rx_net_2\ to tmpOE__LED1_net_0
Aliasing \CapSense_1:tmpOE__Rx_net_1\ to tmpOE__LED1_net_0
Aliasing \CapSense_1:tmpOE__Rx_net_0\ to tmpOE__LED1_net_0
Aliasing \CapSense_1:tmpOE__CintA_net_0\ to tmpOE__LED1_net_0
Aliasing \CapSense_1:tmpOE__CintB_net_0\ to tmpOE__LED1_net_0
Aliasing \CapSense_1:Net_57\ to zero
Aliasing \CapSense_1:Net_56\ to zero
Aliasing \CapSense_1:Net_55\ to zero
Aliasing \CapSense_1:Net_54\ to zero
Aliasing \CapSense_1:tmpOE__Tx_net_0\ to tmpOE__LED1_net_0
Aliasing tmpOE__LED2_net_0 to tmpOE__LED1_net_0
Aliasing tmpOE__LED4_net_0 to tmpOE__LED1_net_0
Aliasing tmpOE__LED5_net_0 to tmpOE__LED1_net_0
Aliasing tmpOE__LED3_net_0 to tmpOE__LED1_net_0
Aliasing tmpOE__LED0_net_0 to tmpOE__LED1_net_0
Removing Lhs of wire one[6] = tmpOE__LED1_net_0[1]
Removing Lhs of wire \UART:select_s_wire\[10] = zero[2]
Removing Lhs of wire \UART:rx_wire\[11] = zero[2]
Removing Lhs of wire \UART:Net_1170\[14] = \UART:Net_847\[9]
Removing Lhs of wire \UART:sclk_s_wire\[15] = zero[2]
Removing Lhs of wire \UART:mosi_s_wire\[16] = zero[2]
Removing Lhs of wire \UART:miso_m_wire\[17] = zero[2]
Removing Lhs of wire \UART:tmpOE__tx_net_0\[19] = tmpOE__LED1_net_0[1]
Removing Lhs of wire \UART:cts_wire\[27] = zero[2]
Removing Lhs of wire \I2CS:select_s_wire\[55] = zero[2]
Removing Lhs of wire \I2CS:rx_wire\[56] = zero[2]
Removing Lhs of wire \I2CS:Net_1170\[59] = \I2CS:Net_847\[54]
Removing Lhs of wire \I2CS:sclk_s_wire\[60] = zero[2]
Removing Lhs of wire \I2CS:mosi_s_wire\[61] = zero[2]
Removing Lhs of wire \I2CS:miso_m_wire\[62] = zero[2]
Removing Lhs of wire \I2CS:tmpOE__sda_net_0\[64] = tmpOE__LED1_net_0[1]
Removing Lhs of wire \I2CS:tmpOE__scl_net_0\[70] = tmpOE__LED1_net_0[1]
Removing Lhs of wire \I2CS:cts_wire\[79] = zero[2]
Removing Lhs of wire \CapSense_1:Net_95\[126] = zero[2]
Removing Lhs of wire \CapSense_1:Net_94\[127] = zero[2]
Removing Lhs of wire \CapSense_1:Net_93\[131] = zero[2]
Removing Lhs of wire \CapSense_1:Net_92\[151] = zero[2]
Removing Lhs of wire \CapSense_1:tmpOE__Rx_net_5\[154] = tmpOE__LED1_net_0[1]
Removing Lhs of wire \CapSense_1:tmpOE__Rx_net_4\[155] = tmpOE__LED1_net_0[1]
Removing Lhs of wire \CapSense_1:tmpOE__Rx_net_3\[156] = tmpOE__LED1_net_0[1]
Removing Lhs of wire \CapSense_1:tmpOE__Rx_net_2\[157] = tmpOE__LED1_net_0[1]
Removing Lhs of wire \CapSense_1:tmpOE__Rx_net_1\[158] = tmpOE__LED1_net_0[1]
Removing Lhs of wire \CapSense_1:tmpOE__Rx_net_0\[159] = tmpOE__LED1_net_0[1]
Removing Lhs of wire \CapSense_1:tmpOE__CintA_net_0\[175] = tmpOE__LED1_net_0[1]
Removing Lhs of wire \CapSense_1:tmpOE__CintB_net_0\[183] = tmpOE__LED1_net_0[1]
Removing Lhs of wire \CapSense_1:Net_57\[189] = zero[2]
Removing Lhs of wire \CapSense_1:Net_56\[190] = zero[2]
Removing Lhs of wire \CapSense_1:Net_55\[191] = zero[2]
Removing Lhs of wire \CapSense_1:Net_54\[192] = zero[2]
Removing Lhs of wire \CapSense_1:tmpOE__Tx_net_0\[198] = tmpOE__LED1_net_0[1]
Removing Lhs of wire tmpOE__LED2_net_0[210] = tmpOE__LED1_net_0[1]
Removing Lhs of wire tmpOE__LED4_net_0[216] = tmpOE__LED1_net_0[1]
Removing Lhs of wire tmpOE__LED5_net_0[222] = tmpOE__LED1_net_0[1]
Removing Lhs of wire tmpOE__LED3_net_0[228] = tmpOE__LED1_net_0[1]
Removing Lhs of wire tmpOE__LED0_net_0[234] = tmpOE__LED1_net_0[1]

------------------------------------------------------
Aliased 0 equations, 40 wires.
------------------------------------------------------

----------------------------------------------------------
Circuit simplification
----------------------------------------------------------

Substituting virtuals - pass 1:


----------------------------------------------------------
Circuit simplification results:

	Expanded 0 signals.
	Turned 0 signals into soft nodes.
	Maximum default expansion cost was set at 3.
----------------------------------------------------------

topld:  No errors.

CYPRESS_DIR    : C:\Program Files (x86)\Cypress\PSoC Creator\4.2\PSoC Creator\warp
Warp Program   : C:\Program Files (x86)\Cypress\PSoC Creator\4.2\PSoC Creator\warp\bin\warp.exe
Warp Arguments : -yv2 -q10 -ygs -o2 -v3 -.fftcfgtype=LE -ya -.fftprj=C:\Users\michael.machate\Desktop\Cypress_Firsttests\FirstTestMutal.cydsn\FirstTestMutal.cyprj -dcpsoc3 FirstTestMutal.v -verilog
</CYPRESSTAG>
Warp synthesis phase: Elapsed time ==> 0s.540ms
<CYPRESSTAG name="Fitter results...">
<CYPRESSTAG name="Fitter startup details...">
cyp3fit: V4.2.0.641, Family: PSoC3, Started at: Friday, 03 August 2018 10:08:41
Options: -yv2 -q10 -ygs -o2 -v3 -.fftcfgtype=LE -ya -.fftprj=C:\Users\michael.machate\Desktop\Cypress_Firsttests\FirstTestMutal.cydsn\FirstTestMutal.cyprj -d CY8C4045AZI-S413 FirstTestMutal.v -verilog
</CYPRESSTAG>
<CYPRESSTAG name="Design parsing">
Design parsing phase: Elapsed time ==> 0s.010ms
</CYPRESSTAG>
<CYPRESSTAG name="Tech Mapping">
<CYPRESSTAG name="Initial Mapping" icon="FILE_RPT_TECHM">
<CYPRESSTAG name="Global Clock Selection" icon="FILE_RPT_TECHM">
    Fixed Function Clock 2: Automatic-assigning  clock 'CapSense_1_ModClk'. Signal=\CapSense_1:Net_1423_ff2\
    Fixed Function Clock 0: Automatic-assigning  clock 'I2CS_SCBCLK'. Signal=\I2CS:Net_847_ff0\
    Fixed Function Clock 1: Automatic-assigning  clock 'UART_SCBCLK'. Signal=\UART:Net_847_ff1\
<CYPRESSTAG name="UDB Clock/Enable Remapping Results">
</CYPRESSTAG>
</CYPRESSTAG>

Removing unused cells resulting from optimization
Done removing unused cells.
<CYPRESSTAG name="Duplicate Macrocell detection">
</CYPRESSTAG>
</CYPRESSTAG>
<CYPRESSTAG name="Duplicate Macrocell detection">
</CYPRESSTAG>
<CYPRESSTAG name="Design Equations" icon="FILE_RPT_EQUATION">

------------------------------------------------------------
Design Equations
------------------------------------------------------------
    <CYPRESSTAG name="Pin listing">

    ------------------------------------------------------------
    Pin listing
    ------------------------------------------------------------

    Pin : Name = LED1(0)
        Attributes:
            In Group/Port: True
            In Sync Option: AUTO
            Out Sync Option: NOSYNC
            Interrupt generated: False
            Interrupt mode: NONE
            Drive mode: CMOS_OUT
            VTrip: EITHER
            Slew: FAST
            Input Sync needed: False
            Output Sync needed: False
            SC shield enabled: False
            POR State: ANY
            LCD Mode: COMMON
            Register Mode: RegComb
            CaSense Mode: NEITHER
            Treat as pin: True
            Is OE Registered: False
            Uses Analog: False
            Can contain Digital: True
            Is SIO: False
            SIO Output Buf: NONREGULATED
            SIO Input Buf: SINGLE_ENDED
            SIO HiFreq: LOW
            SIO Hyst: DISABLED
            SIO Vtrip: MULTIPLIER_0_5
            SIO Multiplier Index: 0
            SIO RefSel: VCC_IO
            Required Capabilities: DIGITAL
            Initial Value: 0
            IO Voltage: 0
        PORT MAP (
            pa_out => LED1(0)__PA ,
            pad => LED1(0)_PAD );
        Properties:
        {
        }

    Pin : Name = \UART:tx(0)\
        Attributes:
            In Group/Port: True
            In Sync Option: NOSYNC
            Out Sync Option: NOSYNC
            Interrupt generated: False
            Interrupt mode: NONE
            Drive mode: CMOS_OUT
            VTrip: CMOS
            Slew: FAST
            Input Sync needed: False
            Output Sync needed: False
            SC shield enabled: False
            POR State: ANY
            LCD Mode: COMMON
            Register Mode: RegComb
            CaSense Mode: NEITHER
            Treat as pin: True
            Is OE Registered: False
            Uses Analog: False
            Can contain Digital: True
            Is SIO: False
            SIO Output Buf: NONREGULATED
            SIO Input Buf: SINGLE_ENDED
            SIO HiFreq: LOW
            SIO Hyst: DISABLED
            SIO Vtrip: MULTIPLIER_0_5
            SIO Multiplier Index: 0
            SIO RefSel: VCC_IO
            Required Capabilities: DIGITAL
            Initial Value: 1
            IO Voltage: 0
        PORT MAP (
            pa_out => \UART:tx(0)\__PA ,
            pin_input => \UART:tx_wire\ ,
            pad => \UART:tx(0)_PAD\ );
        Properties:
        {
        }

    Pin : Name = \I2CS:sda(0)\
        Attributes:
            In Group/Port: True
            In Sync Option: NOSYNC
            Out Sync Option: NOSYNC
            Interrupt generated: False
            Interrupt mode: NONE
            Drive mode: OPEN_DRAIN_LO
            VTrip: CMOS
            Slew: FAST
            Input Sync needed: False
            Output Sync needed: False
            SC shield enabled: False
            POR State: ANY
            LCD Mode: COMMON
            Register Mode: RegComb
            CaSense Mode: NEITHER
            Treat as pin: True
            Is OE Registered: False
            Uses Analog: False
            Can contain Digital: True
            Is SIO: False
            SIO Output Buf: NONREGULATED
            SIO Input Buf: SINGLE_ENDED
            SIO HiFreq: LOW
            SIO Hyst: DISABLED
            SIO Vtrip: MULTIPLIER_0_5
            SIO Multiplier Index: 0
            SIO RefSel: VCC_IO
            Required Capabilities: DIGITAL
            Initial Value: 1
            IO Voltage: 0
        PORT MAP (
            pa_out => \I2CS:sda(0)\__PA ,
            fb => Net_1162 ,
            pad => \I2CS:sda(0)_PAD\ );
        Properties:
        {
        }

    Pin : Name = \I2CS:scl(0)\
        Attributes:
            In Group/Port: True
            In Sync Option: NOSYNC
            Out Sync Option: NOSYNC
            Interrupt generated: False
            Interrupt mode: NONE
            Drive mode: OPEN_DRAIN_LO
            VTrip: CMOS
            Slew: FAST
            Input Sync needed: False
            Output Sync needed: False
            SC shield enabled: False
            POR State: ANY
            LCD Mode: COMMON
            Register Mode: RegComb
            CaSense Mode: NEITHER
            Treat as pin: True
            Is OE Registered: False
            Uses Analog: False
            Can contain Digital: True
            Is SIO: False
            SIO Output Buf: NONREGULATED
            SIO Input Buf: SINGLE_ENDED
            SIO HiFreq: LOW
            SIO Hyst: DISABLED
            SIO Vtrip: MULTIPLIER_0_5
            SIO Multiplier Index: 0
            SIO RefSel: VCC_IO
            Required Capabilities: DIGITAL
            Initial Value: 1
            IO Voltage: 0
        PORT MAP (
            pa_out => \I2CS:scl(0)\__PA ,
            fb => Net_1161 ,
            pad => \I2CS:scl(0)_PAD\ );
        Properties:
        {
        }

    Pin : Name = \CapSense_1:Rx(0)\
        Attributes:
            Alias: Button0_Rx0
            In Group/Port: True
            In Sync Option: AUTO
            Out Sync Option: AUTO
            Interrupt generated: False
            Interrupt mode: NONE
            Drive mode: HI_Z_ANALOG
            VTrip: EITHER
            Slew: FAST
            Input Sync needed: False
            Output Sync needed: False
            SC shield enabled: False
            POR State: ANY
            LCD Mode: COMMON
            Register Mode: RegComb
            CaSense Mode: NEITHER
            Treat as pin: True
            Is OE Registered: False
            Uses Analog: True
            Can contain Digital: False
            Is SIO: False
            SIO Output Buf: NONREGULATED
            SIO Input Buf: SINGLE_ENDED
            SIO HiFreq: LOW
            SIO Hyst: DISABLED
            SIO Vtrip: MULTIPLIER_0_5
            SIO Multiplier Index: 0
            SIO RefSel: VCC_IO
            Required Capabilities: ANALOG
            Initial Value: 0
            IO Voltage: 0
        PORT MAP (
            pa_out => \CapSense_1:Rx(0)\__PA ,
            analog_term => \CapSense_1:Net_13_0\ ,
            pad => \CapSense_1:Rx(0)_PAD\ );
        Properties:
        {
        }

    Pin : Name = \CapSense_1:Rx(1)\
        Attributes:
            Alias: Button1_Rx0
            In Group/Port: True
            In Sync Option: AUTO
            Out Sync Option: AUTO
            Interrupt generated: False
            Interrupt mode: NONE
            Drive mode: HI_Z_ANALOG
            VTrip: EITHER
            Slew: FAST
            Input Sync needed: False
            Output Sync needed: False
            SC shield enabled: False
            POR State: ANY
            LCD Mode: COMMON
            Register Mode: RegComb
            CaSense Mode: NEITHER
            Treat as pin: True
            Is OE Registered: False
            Uses Analog: True
            Can contain Digital: False
            Is SIO: False
            SIO Output Buf: NONREGULATED
            SIO Input Buf: SINGLE_ENDED
            SIO HiFreq: LOW
            SIO Hyst: DISABLED
            SIO Vtrip: MULTIPLIER_0_5
            SIO Multiplier Index: 0
            SIO RefSel: VCC_IO
            Required Capabilities: ANALOG
            Initial Value: 1
            IO Voltage: 0
        PORT MAP (
            pa_out => \CapSense_1:Rx(1)\__PA ,
            analog_term => \CapSense_1:Net_13_0\ ,
            pad => \CapSense_1:Rx(1)_PAD\ );
        Properties:
        {
        }

    Pin : Name = \CapSense_1:Rx(2)\
        Attributes:
            Alias: Button2_Rx0
            In Group/Port: True
            In Sync Option: AUTO
            Out Sync Option: AUTO
            Interrupt generated: False
            Interrupt mode: NONE
            Drive mode: HI_Z_ANALOG
            VTrip: EITHER
            Slew: FAST
            Input Sync needed: False
            Output Sync needed: False
            SC shield enabled: False
            POR State: ANY
            LCD Mode: COMMON
            Register Mode: RegComb
            CaSense Mode: NEITHER
            Treat as pin: True
            Is OE Registered: False
            Uses Analog: True
            Can contain Digital: False
            Is SIO: False
            SIO Output Buf: NONREGULATED
            SIO Input Buf: SINGLE_ENDED
            SIO HiFreq: LOW
            SIO Hyst: DISABLED
            SIO Vtrip: MULTIPLIER_0_5
            SIO Multiplier Index: 0
            SIO RefSel: VCC_IO
            Required Capabilities: ANALOG
            Initial Value: 1
            IO Voltage: 0
        PORT MAP (
            pa_out => \CapSense_1:Rx(2)\__PA ,
            analog_term => \CapSense_1:Net_13_0\ ,
            pad => \CapSense_1:Rx(2)_PAD\ );
        Properties:
        {
        }

    Pin : Name = \CapSense_1:Rx(3)\
        Attributes:
            Alias: Button3_Rx0
            In Group/Port: True
            In Sync Option: AUTO
            Out Sync Option: AUTO
            Interrupt generated: False
            Interrupt mode: NONE
            Drive mode: HI_Z_ANALOG
            VTrip: EITHER
            Slew: FAST
            Input Sync needed: False
            Output Sync needed: False
            SC shield enabled: False
            POR State: ANY
            LCD Mode: COMMON
            Register Mode: RegComb
            CaSense Mode: NEITHER
            Treat as pin: True
            Is OE Registered: False
            Uses Analog: True
            Can contain Digital: False
            Is SIO: False
            SIO Output Buf: NONREGULATED
            SIO Input Buf: SINGLE_ENDED
            SIO HiFreq: LOW
            SIO Hyst: DISABLED
            SIO Vtrip: MULTIPLIER_0_5
            SIO Multiplier Index: 0
            SIO RefSel: VCC_IO
            Required Capabilities: ANALOG
            Initial Value: 1
            IO Voltage: 0
        PORT MAP (
            pa_out => \CapSense_1:Rx(3)\__PA ,
            analog_term => \CapSense_1:Net_13_0\ ,
            pad => \CapSense_1:Rx(3)_PAD\ );
        Properties:
        {
        }

    Pin : Name = \CapSense_1:Rx(4)\
        Attributes:
            Alias: Button4_Rx0
            In Group/Port: True
            In Sync Option: AUTO
            Out Sync Option: AUTO
            Interrupt generated: False
            Interrupt mode: NONE
            Drive mode: HI_Z_ANALOG
            VTrip: EITHER
            Slew: FAST
            Input Sync needed: False
            Output Sync needed: False
            SC shield enabled: False
            POR State: ANY
            LCD Mode: COMMON
            Register Mode: RegComb
            CaSense Mode: NEITHER
            Treat as pin: True
            Is OE Registered: False
            Uses Analog: True
            Can contain Digital: False
            Is SIO: False
            SIO Output Buf: NONREGULATED
            SIO Input Buf: SINGLE_ENDED
            SIO HiFreq: LOW
            SIO Hyst: DISABLED
            SIO Vtrip: MULTIPLIER_0_5
            SIO Multiplier Index: 0
            SIO RefSel: VCC_IO
            Required Capabilities: ANALOG
            Initial Value: 1
            IO Voltage: 0
        PORT MAP (
            pa_out => \CapSense_1:Rx(4)\__PA ,
            analog_term => \CapSense_1:Net_13_0\ ,
            pad => \CapSense_1:Rx(4)_PAD\ );
        Properties:
        {
        }

    Pin : Name = \CapSense_1:Rx(5)\
        Attributes:
            Alias: Button5_Rx0
            In Group/Port: True
            In Sync Option: AUTO
            Out Sync Option: AUTO
            Interrupt generated: False
            Interrupt mode: NONE
            Drive mode: HI_Z_ANALOG
            VTrip: EITHER
            Slew: FAST
            Input Sync needed: False
            Output Sync needed: False
            SC shield enabled: False
            POR State: ANY
            LCD Mode: COMMON
            Register Mode: RegComb
            CaSense Mode: NEITHER
            Treat as pin: True
            Is OE Registered: False
            Uses Analog: True
            Can contain Digital: False
            Is SIO: False
            SIO Output Buf: NONREGULATED
            SIO Input Buf: SINGLE_ENDED
            SIO HiFreq: LOW
            SIO Hyst: DISABLED
            SIO Vtrip: MULTIPLIER_0_5
            SIO Multiplier Index: 0
            SIO RefSel: VCC_IO
            Required Capabilities: ANALOG
            Initial Value: 1
            IO Voltage: 0
        PORT MAP (
            pa_out => \CapSense_1:Rx(5)\__PA ,
            analog_term => \CapSense_1:Net_13_0\ ,
            pad => \CapSense_1:Rx(5)_PAD\ );
        Properties:
        {
        }

    Pin : Name = \CapSense_1:CintA(0)\
        Attributes:
            In Group/Port: True
            In Sync Option: AUTO
            Out Sync Option: AUTO
            Interrupt generated: False
            Interrupt mode: NONE
            Drive mode: HI_Z_ANALOG
            VTrip: EITHER
            Slew: FAST
            Input Sync needed: False
            Output Sync needed: False
            SC shield enabled: False
            POR State: ANY
            LCD Mode: COMMON
            Register Mode: RegComb
            CaSense Mode: NEITHER
            Treat as pin: True
            Is OE Registered: False
            Uses Analog: True
            Can contain Digital: False
            Is SIO: False
            SIO Output Buf: NONREGULATED
            SIO Input Buf: SINGLE_ENDED
            SIO HiFreq: LOW
            SIO Hyst: DISABLED
            SIO Vtrip: MULTIPLIER_0_5
            SIO Multiplier Index: 0
            SIO RefSel: VCC_IO
            Required Capabilities: NONE
            Initial Value: 0
            IO Voltage: 0
        PORT MAP (
            pa_out => \CapSense_1:CintA(0)\__PA ,
            analog_term => \CapSense_1:Net_86\ ,
            pad => \CapSense_1:CintA(0)_PAD\ );
        Properties:
        {
        }

    Pin : Name = \CapSense_1:CintB(0)\
        Attributes:
            In Group/Port: True
            In Sync Option: AUTO
            Out Sync Option: AUTO
            Interrupt generated: False
            Interrupt mode: NONE
            Drive mode: HI_Z_ANALOG
            VTrip: EITHER
            Slew: FAST
            Input Sync needed: False
            Output Sync needed: False
            SC shield enabled: False
            POR State: ANY
            LCD Mode: COMMON
            Register Mode: RegComb
            CaSense Mode: NEITHER
            Treat as pin: True
            Is OE Registered: False
            Uses Analog: True
            Can contain Digital: False
            Is SIO: False
            SIO Output Buf: NONREGULATED
            SIO Input Buf: SINGLE_ENDED
            SIO HiFreq: LOW
            SIO Hyst: DISABLED
            SIO Vtrip: MULTIPLIER_0_5
            SIO Multiplier Index: 0
            SIO RefSel: VCC_IO
            Required Capabilities: NONE
            Initial Value: 0
            IO Voltage: 0
        PORT MAP (
            pa_out => \CapSense_1:CintB(0)\__PA ,
            analog_term => \CapSense_1:Net_84\ ,
            pad => \CapSense_1:CintB(0)_PAD\ );
        Properties:
        {
        }

    Pin : Name = \CapSense_1:Tx(0)\
        Attributes:
            Alias: Button0_Tx
            In Group/Port: True
            In Sync Option: AUTO
            Out Sync Option: AUTO
            Interrupt generated: False
            Interrupt mode: NONE
            Drive mode: HI_Z_ANALOG
            VTrip: EITHER
            Slew: FAST
            Input Sync needed: False
            Output Sync needed: False
            SC shield enabled: False
            POR State: ANY
            LCD Mode: COMMON
            Register Mode: RegComb
            CaSense Mode: NEITHER
            Treat as pin: True
            Is OE Registered: False
            Uses Analog: True
            Can contain Digital: False
            Is SIO: False
            SIO Output Buf: NONREGULATED
            SIO Input Buf: SINGLE_ENDED
            SIO HiFreq: LOW
            SIO Hyst: DISABLED
            SIO Vtrip: MULTIPLIER_0_5
            SIO Multiplier Index: 0
            SIO RefSel: VCC_IO
            Required Capabilities: ANALOG
            Initial Value: 0
            IO Voltage: 0
        PORT MAP (
            pa_out => \CapSense_1:Tx(0)\__PA ,
            analog_term => \CapSense_1:Net_121\ ,
            pad => \CapSense_1:Tx(0)_PAD\ );
        Properties:
        {
        }

    Pin : Name = LED2(0)
        Attributes:
            In Group/Port: True
            In Sync Option: AUTO
            Out Sync Option: NOSYNC
            Interrupt generated: False
            Interrupt mode: NONE
            Drive mode: CMOS_OUT
            VTrip: EITHER
            Slew: FAST
            Input Sync needed: False
            Output Sync needed: False
            SC shield enabled: False
            POR State: ANY
            LCD Mode: COMMON
            Register Mode: RegComb
            CaSense Mode: NEITHER
            Treat as pin: True
            Is OE Registered: False
            Uses Analog: False
            Can contain Digital: True
            Is SIO: False
            SIO Output Buf: NONREGULATED
            SIO Input Buf: SINGLE_ENDED
            SIO HiFreq: LOW
            SIO Hyst: DISABLED
            SIO Vtrip: MULTIPLIER_0_5
            SIO Multiplier Index: 0
            SIO RefSel: VCC_IO
            Required Capabilities: DIGITAL
            Initial Value: 0
            IO Voltage: 0
        PORT MAP (
            pa_out => LED2(0)__PA ,
            pad => LED2(0)_PAD );
        Properties:
        {
        }

    Pin : Name = LED4(0)
        Attributes:
            In Group/Port: True
            In Sync Option: AUTO
            Out Sync Option: NOSYNC
            Interrupt generated: False
            Interrupt mode: NONE
            Drive mode: CMOS_OUT
            VTrip: EITHER
            Slew: FAST
            Input Sync needed: False
            Output Sync needed: False
            SC shield enabled: False
            POR State: ANY
            LCD Mode: COMMON
            Register Mode: RegComb
            CaSense Mode: NEITHER
            Treat as pin: True
            Is OE Registered: False
            Uses Analog: False
            Can contain Digital: True
            Is SIO: False
            SIO Output Buf: NONREGULATED
            SIO Input Buf: SINGLE_ENDED
            SIO HiFreq: LOW
            SIO Hyst: DISABLED
            SIO Vtrip: MULTIPLIER_0_5
            SIO Multiplier Index: 0
            SIO RefSel: VCC_IO
            Required Capabilities: DIGITAL
            Initial Value: 0
            IO Voltage: 0
        PORT MAP (
            pa_out => LED4(0)__PA ,
            pad => LED4(0)_PAD );
        Properties:
        {
        }

    Pin : Name = LED5(0)
        Attributes:
            In Group/Port: True
            In Sync Option: AUTO
            Out Sync Option: NOSYNC
            Interrupt generated: False
            Interrupt mode: NONE
            Drive mode: CMOS_OUT
            VTrip: EITHER
            Slew: FAST
            Input Sync needed: False
            Output Sync needed: False
            SC shield enabled: False
            POR State: ANY
            LCD Mode: COMMON
            Register Mode: RegComb
            CaSense Mode: NEITHER
            Treat as pin: True
            Is OE Registered: False
            Uses Analog: False
            Can contain Digital: True
            Is SIO: False
            SIO Output Buf: NONREGULATED
            SIO Input Buf: SINGLE_ENDED
            SIO HiFreq: LOW
            SIO Hyst: DISABLED
            SIO Vtrip: MULTIPLIER_0_5
            SIO Multiplier Index: 0
            SIO RefSel: VCC_IO
            Required Capabilities: DIGITAL
            Initial Value: 0
            IO Voltage: 0
        PORT MAP (
            pa_out => LED5(0)__PA ,
            pad => LED5(0)_PAD );
        Properties:
        {
        }

    Pin : Name = LED3(0)
        Attributes:
            In Group/Port: True
            In Sync Option: AUTO
            Out Sync Option: NOSYNC
            Interrupt generated: False
            Interrupt mode: NONE
            Drive mode: CMOS_OUT
            VTrip: EITHER
            Slew: FAST
            Input Sync needed: False
            Output Sync needed: False
            SC shield enabled: False
            POR State: ANY
            LCD Mode: COMMON
            Register Mode: RegComb
            CaSense Mode: NEITHER
            Treat as pin: True
            Is OE Registered: False
            Uses Analog: False
            Can contain Digital: True
            Is SIO: False
            SIO Output Buf: NONREGULATED
            SIO Input Buf: SINGLE_ENDED
            SIO HiFreq: LOW
            SIO Hyst: DISABLED
            SIO Vtrip: MULTIPLIER_0_5
            SIO Multiplier Index: 0
            SIO RefSel: VCC_IO
            Required Capabilities: DIGITAL
            Initial Value: 0
            IO Voltage: 0
        PORT MAP (
            pa_out => LED3(0)__PA ,
            pad => LED3(0)_PAD );
        Properties:
        {
        }

    Pin : Name = LED0(0)
        Attributes:
            In Group/Port: True
            In Sync Option: AUTO
            Out Sync Option: NOSYNC
            Interrupt generated: False
            Interrupt mode: NONE
            Drive mode: CMOS_OUT
            VTrip: EITHER
            Slew: FAST
            Input Sync needed: False
            Output Sync needed: False
            SC shield enabled: False
            POR State: ANY
            LCD Mode: COMMON
            Register Mode: RegComb
            CaSense Mode: NEITHER
            Treat as pin: True
            Is OE Registered: False
            Uses Analog: False
            Can contain Digital: True
            Is SIO: False
            SIO Output Buf: NONREGULATED
            SIO Input Buf: SINGLE_ENDED
            SIO HiFreq: LOW
            SIO Hyst: DISABLED
            SIO Vtrip: MULTIPLIER_0_5
            SIO Multiplier Index: 0
            SIO RefSel: VCC_IO
            Required Capabilities: DIGITAL
            Initial Value: 0
            IO Voltage: 0
        PORT MAP (
            pa_out => LED0(0)__PA ,
            pad => LED0(0)_PAD );
        Properties:
        {
        }
    </CYPRESSTAG>
    <CYPRESSTAG name="Macrocell listing" icon="FILE_RPT_EQUATION">
    </CYPRESSTAG>
    <CYPRESSTAG name="Datapath listing">
    </CYPRESSTAG>
    <CYPRESSTAG name="Status register listing">
    </CYPRESSTAG>
    <CYPRESSTAG name="StatusI register listing">
    </CYPRESSTAG>
    <CYPRESSTAG name="Sync listing">
    </CYPRESSTAG>
    <CYPRESSTAG name="Control register listing">
    </CYPRESSTAG>
    <CYPRESSTAG name="Count7 listing">
    </CYPRESSTAG>
    <CYPRESSTAG name="DRQ listing">
    </CYPRESSTAG>
    <CYPRESSTAG name="Interrupt listing">

    ------------------------------------------------------------
    Interrupt listing
    ------------------------------------------------------------

    interrupt: Name =\I2CS:SCB_IRQ\
        PORT MAP (
            interrupt => Net_1144 );
        Properties:
        {
            int_type = "10"
            is_nmi = 0
        }

    interrupt: Name =\CapSense_1:ISR\
        PORT MAP (
            interrupt => \CapSense_1:Net_120\ );
        Properties:
        {
            int_type = "10"
            is_nmi = 0
        }
    </CYPRESSTAG>
</CYPRESSTAG>
<CYPRESSTAG name="Technology mapping summary" expanded>

------------------------------------------------------------
Technology mapping summary
------------------------------------------------------------

Resource Type                 : Used : Free :  Max :  % Used
============================================================
Interrupts                    :    2 :   14 :   16 : 12.50 %
IO                            :   20 :   16 :   36 : 55.56 %
Segment LCD                   :    0 :    1 :    1 :  0.00 %
CapSense                      :    1 :    0 :    1 : 100.00 %
Serial Communication (SCB)    :    2 :    0 :    2 : 100.00 %
Timer/Counter/PWM             :    0 :    5 :    5 :  0.00 %
Smart IO Ports                :    0 :    2 :    2 :  0.00 %
Comparator                    :    1 :    0 :    1 : 100.00 %
LP Comparator                 :    0 :    2 :    2 :  0.00 %
DAC                           :      :      :      :        
  7-bit IDAC                  :    1 :    1 :    2 : 50.00 %
</CYPRESSTAG>
Technology Mapping: Elapsed time ==> 0s.040ms
Tech Mapping phase: Elapsed time ==> 0s.050ms
</CYPRESSTAG>
<CYPRESSTAG name="Analog Placement">
<CYPRESSTAG name="FFB & IO Pre Placement">
<CYPRESSTAG name="Placement" icon="FILE_RPT_PLACEMENT">

Cell                                : Block                              
=========================================================================
LED1(0)                             : [IOP=(3)][IoId=(5)]                
\UART:tx(0)\                        : [IOP=(3)][IoId=(1)]                
\I2CS:sda(0)\                       : [IOP=(1)][IoId=(1)]                
\I2CS:scl(0)\                       : [IOP=(1)][IoId=(0)]                
\CapSense_1:Rx(0)\                  : [IOP=(0)][IoId=(0)]                
\CapSense_1:Rx(1)\                  : [IOP=(0)][IoId=(1)]                
\CapSense_1:Rx(2)\                  : [IOP=(0)][IoId=(2)]                
\CapSense_1:Rx(3)\                  : [IOP=(0)][IoId=(3)]                
\CapSense_1:Rx(4)\                  : [IOP=(0)][IoId=(4)]                
\CapSense_1:Rx(5)\                  : [IOP=(0)][IoId=(5)]                
\CapSense_1:CintA(0)\               : [IOP=(4)][IoId=(2)]                
\CapSense_1:CintB(0)\               : [IOP=(4)][IoId=(3)]                
\CapSense_1:Tx(0)\                  : [IOP=(0)][IoId=(7)]                
LED2(0)                             : [IOP=(3)][IoId=(4)]                
LED4(0)                             : [IOP=(2)][IoId=(1)]                
LED5(0)                             : [IOP=(2)][IoId=(2)]                
LED3(0)                             : [IOP=(2)][IoId=(0)]                
LED0(0)                             : [IOP=(3)][IoId=(6)]                
ClockGenBlock                       : CLK_GEN_[FFB(CLK_GEN,0)]           
\UART:SCB\                          : SCB_[FFB(SCB,1)]                   
\I2CS:SCB\                          : SCB_[FFB(SCB,0)]                   
\CapSense_1:CSD\                    : CSD_[FFB(CSD,0)]                   
\CapSense_1:IDACMod\                : CSIDAC7_[FFB(CSIDAC7,0)]           

</CYPRESSTAG>
</CYPRESSTAG>
<CYPRESSTAG name="Real Analog Placement">
Elapsed time ==> 0.1413825s
</CYPRESSTAG>
Analog Placement phase: Elapsed time ==> 0s.325ms
</CYPRESSTAG>
<CYPRESSTAG name="Analog Routing">
<CYPRESSTAG name="Analog Routing">
Route success=True, Iterations=1 Elapsed=0.0028005 secs
</CYPRESSTAG>
Analog Routing phase: Elapsed time ==> 0s.000ms
</CYPRESSTAG>
<CYPRESSTAG name="Analog Code Generation">
============ Analog Final Answer Routes ============
Dump of CyAnalogRoutingResultsDB
Map of net to items {
  Net: \CapSense_1:Net_121\ {
    CSD0_sense_internal
    swh_7
    sense0
    BYA
    amuxbusa
    P0_P47
    p0_7
  }
  Net: \CapSense_1:Net_13_0\ {
    P0_P40
    p0_0
    P0_P41
    p0_1
    P0_P43
    p0_3
    P0_P42
    p0_2
    P0_P44
    p0_4
    P0_P45
    p0_5
  }
  Net: \CapSense_1:Net_150\ {
  }
  Net: \CapSense_1:Net_341\ {
    idac0_out
    swhv_3
  }
  Net: \CapSense_1:Net_84\ {
    csh0
    swh_4
    p4_3
    P4_P53
  }
  Net: \CapSense_1:Net_86\ {
    cmod0
    swh_3
    p4_2
    P4_P42
  }
}
Map of item to net {
  CSD0_sense_internal                              -> \CapSense_1:Net_121\
  swh_7                                            -> \CapSense_1:Net_121\
  sense0                                           -> \CapSense_1:Net_121\
  BYA                                              -> \CapSense_1:Net_121\
  amuxbusa                                         -> \CapSense_1:Net_121\
  P0_P47                                           -> \CapSense_1:Net_121\
  p0_7                                             -> \CapSense_1:Net_121\
  P0_P40                                           -> \CapSense_1:Net_13_0\
  p0_0                                             -> \CapSense_1:Net_13_0\
  P0_P41                                           -> \CapSense_1:Net_13_0\
  p0_1                                             -> \CapSense_1:Net_13_0\
  P0_P43                                           -> \CapSense_1:Net_13_0\
  p0_3                                             -> \CapSense_1:Net_13_0\
  P0_P42                                           -> \CapSense_1:Net_13_0\
  p0_2                                             -> \CapSense_1:Net_13_0\
  P0_P44                                           -> \CapSense_1:Net_13_0\
  p0_4                                             -> \CapSense_1:Net_13_0\
  P0_P45                                           -> \CapSense_1:Net_13_0\
  p0_5                                             -> \CapSense_1:Net_13_0\
  idac0_out                                        -> \CapSense_1:Net_341\
  swhv_3                                           -> \CapSense_1:Net_341\
  csh0                                             -> \CapSense_1:Net_84\
  swh_4                                            -> \CapSense_1:Net_84\
  p4_3                                             -> \CapSense_1:Net_84\
  P4_P53                                           -> \CapSense_1:Net_84\
  cmod0                                            -> \CapSense_1:Net_86\
  swh_3                                            -> \CapSense_1:Net_86\
  p4_2                                             -> \CapSense_1:Net_86\
  P4_P42                                           -> \CapSense_1:Net_86\
}
Mux Info {
}
Analog Code Generation phase: Elapsed time ==> 0s.019ms
</CYPRESSTAG>
<CYPRESSTAG name="Digital Placement">
<CYPRESSTAG name="Detailed placement messages">
I2076: Total run-time: 0.1 sec.

</CYPRESSTAG>
<CYPRESSTAG name="PLD Packing">
<CYPRESSTAG name="PLD Packing Summary">
No PLDs were packed.
</CYPRESSTAG>
PLD Packing: Elapsed time ==> 0s.000ms
</CYPRESSTAG>
<CYPRESSTAG name="Partitioning">
<CYPRESSTAG name="Initial Partitioning Summary">
Initial Partitioning Summary not displayed at this verbose level.</CYPRESSTAG>
<CYPRESSTAG name="Final Partitioning Summary">
Final Partitioning Summary not displayed at this verbose level.</CYPRESSTAG>
Partitioning: Elapsed time ==> 0s.010ms
</CYPRESSTAG>
<CYPRESSTAG name="Final Placement Summary">

------------------------------------------------------------
Final Placement Summary
------------------------------------------------------------

       Resource Type :      Count : Avg Inputs : Avg Outputs
    ========================================================
                 UDB :          0 :       0.00 :       0.00
<CYPRESSTAG name="Final Placement Details">
<CYPRESSTAG name="Component Details">

------------------------------------------------------------
Component Placement Details
------------------------------------------------------------
Intr container @ [IntrContainer=(0)]: 
  Intr@ [IntrContainer=(0)][IntrId=(7)] 
    interrupt: Name =\I2CS:SCB_IRQ\
        PORT MAP (
            interrupt => Net_1144 );
        Properties:
        {
            int_type = "10"
            is_nmi = 0
        }
  Intr@ [IntrContainer=(0)][IntrId=(10)] 
    interrupt: Name =\CapSense_1:ISR\
        PORT MAP (
            interrupt => \CapSense_1:Net_120\ );
        Properties:
        {
            int_type = "10"
            is_nmi = 0
        }
Port 0 contains the following IO cells:
[IoId=0]: 
Pin : Name = \CapSense_1:Rx(0)\
    Attributes:
        Alias: Button0_Rx0
        In Group/Port: True
        In Sync Option: AUTO
        Out Sync Option: AUTO
        Interrupt generated: False
        Interrupt mode: NONE
        Drive mode: HI_Z_ANALOG
        VTrip: EITHER
        Slew: FAST
        Input Sync needed: False
        Output Sync needed: False
        SC shield enabled: False
        POR State: ANY
        LCD Mode: COMMON
        Register Mode: RegComb
        CaSense Mode: NEITHER
        Treat as pin: True
        Is OE Registered: False
        Uses Analog: True
        Can contain Digital: False
        Is SIO: False
        SIO Output Buf: NONREGULATED
        SIO Input Buf: SINGLE_ENDED
        SIO HiFreq: LOW
        SIO Hyst: DISABLED
        SIO Vtrip: MULTIPLIER_0_5
        SIO Multiplier Index: 0
        SIO RefSel: VCC_IO
        Required Capabilities: ANALOG
        Initial Value: 0
        IO Voltage: 0
    PORT MAP (
        pa_out => \CapSense_1:Rx(0)\__PA ,
        analog_term => \CapSense_1:Net_2\ ,
        pad => \CapSense_1:Rx(0)_PAD\ );
    Properties:
    {
    }

[IoId=1]: 
Pin : Name = \CapSense_1:Rx(1)\
    Attributes:
        Alias: Button1_Rx0
        In Group/Port: True
        In Sync Option: AUTO
        Out Sync Option: AUTO
        Interrupt generated: False
        Interrupt mode: NONE
        Drive mode: HI_Z_ANALOG
        VTrip: EITHER
        Slew: FAST
        Input Sync needed: False
        Output Sync needed: False
        SC shield enabled: False
        POR State: ANY
        LCD Mode: COMMON
        Register Mode: RegComb
        CaSense Mode: NEITHER
        Treat as pin: True
        Is OE Registered: False
        Uses Analog: True
        Can contain Digital: False
        Is SIO: False
        SIO Output Buf: NONREGULATED
        SIO Input Buf: SINGLE_ENDED
        SIO HiFreq: LOW
        SIO Hyst: DISABLED
        SIO Vtrip: MULTIPLIER_0_5
        SIO Multiplier Index: 0
        SIO RefSel: VCC_IO
        Required Capabilities: ANALOG
        Initial Value: 1
        IO Voltage: 0
    PORT MAP (
        pa_out => \CapSense_1:Rx(1)\__PA ,
        analog_term => \CapSense_1:Net_2\ ,
        pad => \CapSense_1:Rx(1)_PAD\ );
    Properties:
    {
    }

[IoId=2]: 
Pin : Name = \CapSense_1:Rx(2)\
    Attributes:
        Alias: Button2_Rx0
        In Group/Port: True
        In Sync Option: AUTO
        Out Sync Option: AUTO
        Interrupt generated: False
        Interrupt mode: NONE
        Drive mode: HI_Z_ANALOG
        VTrip: EITHER
        Slew: FAST
        Input Sync needed: False
        Output Sync needed: False
        SC shield enabled: False
        POR State: ANY
        LCD Mode: COMMON
        Register Mode: RegComb
        CaSense Mode: NEITHER
        Treat as pin: True
        Is OE Registered: False
        Uses Analog: True
        Can contain Digital: False
        Is SIO: False
        SIO Output Buf: NONREGULATED
        SIO Input Buf: SINGLE_ENDED
        SIO HiFreq: LOW
        SIO Hyst: DISABLED
        SIO Vtrip: MULTIPLIER_0_5
        SIO Multiplier Index: 0
        SIO RefSel: VCC_IO
        Required Capabilities: ANALOG
        Initial Value: 1
        IO Voltage: 0
    PORT MAP (
        pa_out => \CapSense_1:Rx(2)\__PA ,
        analog_term => \CapSense_1:Net_2\ ,
        pad => \CapSense_1:Rx(2)_PAD\ );
    Properties:
    {
    }

[IoId=3]: 
Pin : Name = \CapSense_1:Rx(3)\
    Attributes:
        Alias: Button3_Rx0
        In Group/Port: True
        In Sync Option: AUTO
        Out Sync Option: AUTO
        Interrupt generated: False
        Interrupt mode: NONE
        Drive mode: HI_Z_ANALOG
        VTrip: EITHER
        Slew: FAST
        Input Sync needed: False
        Output Sync needed: False
        SC shield enabled: False
        POR State: ANY
        LCD Mode: COMMON
        Register Mode: RegComb
        CaSense Mode: NEITHER
        Treat as pin: True
        Is OE Registered: False
        Uses Analog: True
        Can contain Digital: False
        Is SIO: False
        SIO Output Buf: NONREGULATED
        SIO Input Buf: SINGLE_ENDED
        SIO HiFreq: LOW
        SIO Hyst: DISABLED
        SIO Vtrip: MULTIPLIER_0_5
        SIO Multiplier Index: 0
        SIO RefSel: VCC_IO
        Required Capabilities: ANALOG
        Initial Value: 1
        IO Voltage: 0
    PORT MAP (
        pa_out => \CapSense_1:Rx(3)\__PA ,
        analog_term => \CapSense_1:Net_2\ ,
        pad => \CapSense_1:Rx(3)_PAD\ );
    Properties:
    {
    }

[IoId=4]: 
Pin : Name = \CapSense_1:Rx(4)\
    Attributes:
        Alias: Button4_Rx0
        In Group/Port: True
        In Sync Option: AUTO
        Out Sync Option: AUTO
        Interrupt generated: False
        Interrupt mode: NONE
        Drive mode: HI_Z_ANALOG
        VTrip: EITHER
        Slew: FAST
        Input Sync needed: False
        Output Sync needed: False
        SC shield enabled: False
        POR State: ANY
        LCD Mode: COMMON
        Register Mode: RegComb
        CaSense Mode: NEITHER
        Treat as pin: True
        Is OE Registered: False
        Uses Analog: True
        Can contain Digital: False
        Is SIO: False
        SIO Output Buf: NONREGULATED
        SIO Input Buf: SINGLE_ENDED
        SIO HiFreq: LOW
        SIO Hyst: DISABLED
        SIO Vtrip: MULTIPLIER_0_5
        SIO Multiplier Index: 0
        SIO RefSel: VCC_IO
        Required Capabilities: ANALOG
        Initial Value: 1
        IO Voltage: 0
    PORT MAP (
        pa_out => \CapSense_1:Rx(4)\__PA ,
        analog_term => \CapSense_1:Net_2\ ,
        pad => \CapSense_1:Rx(4)_PAD\ );
    Properties:
    {
    }

[IoId=5]: 
Pin : Name = \CapSense_1:Rx(5)\
    Attributes:
        Alias: Button5_Rx0
        In Group/Port: True
        In Sync Option: AUTO
        Out Sync Option: AUTO
        Interrupt generated: False
        Interrupt mode: NONE
        Drive mode: HI_Z_ANALOG
        VTrip: EITHER
        Slew: FAST
        Input Sync needed: False
        Output Sync needed: False
        SC shield enabled: False
        POR State: ANY
        LCD Mode: COMMON
        Register Mode: RegComb
        CaSense Mode: NEITHER
        Treat as pin: True
        Is OE Registered: False
        Uses Analog: True
        Can contain Digital: False
        Is SIO: False
        SIO Output Buf: NONREGULATED
        SIO Input Buf: SINGLE_ENDED
        SIO HiFreq: LOW
        SIO Hyst: DISABLED
        SIO Vtrip: MULTIPLIER_0_5
        SIO Multiplier Index: 0
        SIO RefSel: VCC_IO
        Required Capabilities: ANALOG
        Initial Value: 1
        IO Voltage: 0
    PORT MAP (
        pa_out => \CapSense_1:Rx(5)\__PA ,
        analog_term => \CapSense_1:Net_2\ ,
        pad => \CapSense_1:Rx(5)_PAD\ );
    Properties:
    {
    }

[IoId=7]: 
Pin : Name = \CapSense_1:Tx(0)\
    Attributes:
        Alias: Button0_Tx
        In Group/Port: True
        In Sync Option: AUTO
        Out Sync Option: AUTO
        Interrupt generated: False
        Interrupt mode: NONE
        Drive mode: HI_Z_ANALOG
        VTrip: EITHER
        Slew: FAST
        Input Sync needed: False
        Output Sync needed: False
        SC shield enabled: False
        POR State: ANY
        LCD Mode: COMMON
        Register Mode: RegComb
        CaSense Mode: NEITHER
        Treat as pin: True
        Is OE Registered: False
        Uses Analog: True
        Can contain Digital: False
        Is SIO: False
        SIO Output Buf: NONREGULATED
        SIO Input Buf: SINGLE_ENDED
        SIO HiFreq: LOW
        SIO Hyst: DISABLED
        SIO Vtrip: MULTIPLIER_0_5
        SIO Multiplier Index: 0
        SIO RefSel: VCC_IO
        Required Capabilities: ANALOG
        Initial Value: 0
        IO Voltage: 0
    PORT MAP (
        pa_out => \CapSense_1:Tx(0)\__PA ,
        analog_term => \CapSense_1:Net_2\ ,
        pad => \CapSense_1:Tx(0)_PAD\ );
    Properties:
    {
    }

Port 1 contains the following IO cells:
[IoId=0]: 
Pin : Name = \I2CS:scl(0)\
    Attributes:
        In Group/Port: True
        In Sync Option: NOSYNC
        Out Sync Option: NOSYNC
        Interrupt generated: False
        Interrupt mode: NONE
        Drive mode: OPEN_DRAIN_LO
        VTrip: CMOS
        Slew: FAST
        Input Sync needed: False
        Output Sync needed: False
        SC shield enabled: False
        POR State: ANY
        LCD Mode: COMMON
        Register Mode: RegComb
        CaSense Mode: NEITHER
        Treat as pin: True
        Is OE Registered: False
        Uses Analog: False
        Can contain Digital: True
        Is SIO: False
        SIO Output Buf: NONREGULATED
        SIO Input Buf: SINGLE_ENDED
        SIO HiFreq: LOW
        SIO Hyst: DISABLED
        SIO Vtrip: MULTIPLIER_0_5
        SIO Multiplier Index: 0
        SIO RefSel: VCC_IO
        Required Capabilities: DIGITAL
        Initial Value: 1
        IO Voltage: 0
    PORT MAP (
        pa_out => \I2CS:scl(0)\__PA ,
        fb => Net_1161 ,
        pad => \I2CS:scl(0)_PAD\ );
    Properties:
    {
    }

[IoId=1]: 
Pin : Name = \I2CS:sda(0)\
    Attributes:
        In Group/Port: True
        In Sync Option: NOSYNC
        Out Sync Option: NOSYNC
        Interrupt generated: False
        Interrupt mode: NONE
        Drive mode: OPEN_DRAIN_LO
        VTrip: CMOS
        Slew: FAST
        Input Sync needed: False
        Output Sync needed: False
        SC shield enabled: False
        POR State: ANY
        LCD Mode: COMMON
        Register Mode: RegComb
        CaSense Mode: NEITHER
        Treat as pin: True
        Is OE Registered: False
        Uses Analog: False
        Can contain Digital: True
        Is SIO: False
        SIO Output Buf: NONREGULATED
        SIO Input Buf: SINGLE_ENDED
        SIO HiFreq: LOW
        SIO Hyst: DISABLED
        SIO Vtrip: MULTIPLIER_0_5
        SIO Multiplier Index: 0
        SIO RefSel: VCC_IO
        Required Capabilities: DIGITAL
        Initial Value: 1
        IO Voltage: 0
    PORT MAP (
        pa_out => \I2CS:sda(0)\__PA ,
        fb => Net_1162 ,
        pad => \I2CS:sda(0)_PAD\ );
    Properties:
    {
    }

Port 2 contains the following IO cells:
[IoId=0]: 
Pin : Name = LED3(0)
    Attributes:
        In Group/Port: True
        In Sync Option: AUTO
        Out Sync Option: NOSYNC
        Interrupt generated: False
        Interrupt mode: NONE
        Drive mode: CMOS_OUT
        VTrip: EITHER
        Slew: FAST
        Input Sync needed: False
        Output Sync needed: False
        SC shield enabled: False
        POR State: ANY
        LCD Mode: COMMON
        Register Mode: RegComb
        CaSense Mode: NEITHER
        Treat as pin: True
        Is OE Registered: False
        Uses Analog: False
        Can contain Digital: True
        Is SIO: False
        SIO Output Buf: NONREGULATED
        SIO Input Buf: SINGLE_ENDED
        SIO HiFreq: LOW
        SIO Hyst: DISABLED
        SIO Vtrip: MULTIPLIER_0_5
        SIO Multiplier Index: 0
        SIO RefSel: VCC_IO
        Required Capabilities: DIGITAL
        Initial Value: 0
        IO Voltage: 0
    PORT MAP (
        pa_out => LED3(0)__PA ,
        pad => LED3(0)_PAD );
    Properties:
    {
    }

[IoId=1]: 
Pin : Name = LED4(0)
    Attributes:
        In Group/Port: True
        In Sync Option: AUTO
        Out Sync Option: NOSYNC
        Interrupt generated: False
        Interrupt mode: NONE
        Drive mode: CMOS_OUT
        VTrip: EITHER
        Slew: FAST
        Input Sync needed: False
        Output Sync needed: False
        SC shield enabled: False
        POR State: ANY
        LCD Mode: COMMON
        Register Mode: RegComb
        CaSense Mode: NEITHER
        Treat as pin: True
        Is OE Registered: False
        Uses Analog: False
        Can contain Digital: True
        Is SIO: False
        SIO Output Buf: NONREGULATED
        SIO Input Buf: SINGLE_ENDED
        SIO HiFreq: LOW
        SIO Hyst: DISABLED
        SIO Vtrip: MULTIPLIER_0_5
        SIO Multiplier Index: 0
        SIO RefSel: VCC_IO
        Required Capabilities: DIGITAL
        Initial Value: 0
        IO Voltage: 0
    PORT MAP (
        pa_out => LED4(0)__PA ,
        pad => LED4(0)_PAD );
    Properties:
    {
    }

[IoId=2]: 
Pin : Name = LED5(0)
    Attributes:
        In Group/Port: True
        In Sync Option: AUTO
        Out Sync Option: NOSYNC
        Interrupt generated: False
        Interrupt mode: NONE
        Drive mode: CMOS_OUT
        VTrip: EITHER
        Slew: FAST
        Input Sync needed: False
        Output Sync needed: False
        SC shield enabled: False
        POR State: ANY
        LCD Mode: COMMON
        Register Mode: RegComb
        CaSense Mode: NEITHER
        Treat as pin: True
        Is OE Registered: False
        Uses Analog: False
        Can contain Digital: True
        Is SIO: False
        SIO Output Buf: NONREGULATED
        SIO Input Buf: SINGLE_ENDED
        SIO HiFreq: LOW
        SIO Hyst: DISABLED
        SIO Vtrip: MULTIPLIER_0_5
        SIO Multiplier Index: 0
        SIO RefSel: VCC_IO
        Required Capabilities: DIGITAL
        Initial Value: 0
        IO Voltage: 0
    PORT MAP (
        pa_out => LED5(0)__PA ,
        pad => LED5(0)_PAD );
    Properties:
    {
    }

Port 3 contains the following IO cells:
[IoId=1]: 
Pin : Name = \UART:tx(0)\
    Attributes:
        In Group/Port: True
        In Sync Option: NOSYNC
        Out Sync Option: NOSYNC
        Interrupt generated: False
        Interrupt mode: NONE
        Drive mode: CMOS_OUT
        VTrip: CMOS
        Slew: FAST
        Input Sync needed: False
        Output Sync needed: False
        SC shield enabled: False
        POR State: ANY
        LCD Mode: COMMON
        Register Mode: RegComb
        CaSense Mode: NEITHER
        Treat as pin: True
        Is OE Registered: False
        Uses Analog: False
        Can contain Digital: True
        Is SIO: False
        SIO Output Buf: NONREGULATED
        SIO Input Buf: SINGLE_ENDED
        SIO HiFreq: LOW
        SIO Hyst: DISABLED
        SIO Vtrip: MULTIPLIER_0_5
        SIO Multiplier Index: 0
        SIO RefSel: VCC_IO
        Required Capabilities: DIGITAL
        Initial Value: 1
        IO Voltage: 0
    PORT MAP (
        pa_out => \UART:tx(0)\__PA ,
        pin_input => \UART:tx_wire\ ,
        pad => \UART:tx(0)_PAD\ );
    Properties:
    {
    }

[IoId=4]: 
Pin : Name = LED2(0)
    Attributes:
        In Group/Port: True
        In Sync Option: AUTO
        Out Sync Option: NOSYNC
        Interrupt generated: False
        Interrupt mode: NONE
        Drive mode: CMOS_OUT
        VTrip: EITHER
        Slew: FAST
        Input Sync needed: False
        Output Sync needed: False
        SC shield enabled: False
        POR State: ANY
        LCD Mode: COMMON
        Register Mode: RegComb
        CaSense Mode: NEITHER
        Treat as pin: True
        Is OE Registered: False
        Uses Analog: False
        Can contain Digital: True
        Is SIO: False
        SIO Output Buf: NONREGULATED
        SIO Input Buf: SINGLE_ENDED
        SIO HiFreq: LOW
        SIO Hyst: DISABLED
        SIO Vtrip: MULTIPLIER_0_5
        SIO Multiplier Index: 0
        SIO RefSel: VCC_IO
        Required Capabilities: DIGITAL
        Initial Value: 0
        IO Voltage: 0
    PORT MAP (
        pa_out => LED2(0)__PA ,
        pad => LED2(0)_PAD );
    Properties:
    {
    }

[IoId=5]: 
Pin : Name = LED1(0)
    Attributes:
        In Group/Port: True
        In Sync Option: AUTO
        Out Sync Option: NOSYNC
        Interrupt generated: False
        Interrupt mode: NONE
        Drive mode: CMOS_OUT
        VTrip: EITHER
        Slew: FAST
        Input Sync needed: False
        Output Sync needed: False
        SC shield enabled: False
        POR State: ANY
        LCD Mode: COMMON
        Register Mode: RegComb
        CaSense Mode: NEITHER
        Treat as pin: True
        Is OE Registered: False
        Uses Analog: False
        Can contain Digital: True
        Is SIO: False
        SIO Output Buf: NONREGULATED
        SIO Input Buf: SINGLE_ENDED
        SIO HiFreq: LOW
        SIO Hyst: DISABLED
        SIO Vtrip: MULTIPLIER_0_5
        SIO Multiplier Index: 0
        SIO RefSel: VCC_IO
        Required Capabilities: DIGITAL
        Initial Value: 0
        IO Voltage: 0
    PORT MAP (
        pa_out => LED1(0)__PA ,
        pad => LED1(0)_PAD );
    Properties:
    {
    }

[IoId=6]: 
Pin : Name = LED0(0)
    Attributes:
        In Group/Port: True
        In Sync Option: AUTO
        Out Sync Option: NOSYNC
        Interrupt generated: False
        Interrupt mode: NONE
        Drive mode: CMOS_OUT
        VTrip: EITHER
        Slew: FAST
        Input Sync needed: False
        Output Sync needed: False
        SC shield enabled: False
        POR State: ANY
        LCD Mode: COMMON
        Register Mode: RegComb
        CaSense Mode: NEITHER
        Treat as pin: True
        Is OE Registered: False
        Uses Analog: False
        Can contain Digital: True
        Is SIO: False
        SIO Output Buf: NONREGULATED
        SIO Input Buf: SINGLE_ENDED
        SIO HiFreq: LOW
        SIO Hyst: DISABLED
        SIO Vtrip: MULTIPLIER_0_5
        SIO Multiplier Index: 0
        SIO RefSel: VCC_IO
        Required Capabilities: DIGITAL
        Initial Value: 0
        IO Voltage: 0
    PORT MAP (
        pa_out => LED0(0)__PA ,
        pad => LED0(0)_PAD );
    Properties:
    {
    }

Port 4 contains the following IO cells:
[IoId=2]: 
Pin : Name = \CapSense_1:CintA(0)\
    Attributes:
        In Group/Port: True
        In Sync Option: AUTO
        Out Sync Option: AUTO
        Interrupt generated: False
        Interrupt mode: NONE
        Drive mode: HI_Z_ANALOG
        VTrip: EITHER
        Slew: FAST
        Input Sync needed: False
        Output Sync needed: False
        SC shield enabled: False
        POR State: ANY
        LCD Mode: COMMON
        Register Mode: RegComb
        CaSense Mode: NEITHER
        Treat as pin: True
        Is OE Registered: False
        Uses Analog: True
        Can contain Digital: False
        Is SIO: False
        SIO Output Buf: NONREGULATED
        SIO Input Buf: SINGLE_ENDED
        SIO HiFreq: LOW
        SIO Hyst: DISABLED
        SIO Vtrip: MULTIPLIER_0_5
        SIO Multiplier Index: 0
        SIO RefSel: VCC_IO
        Required Capabilities: NONE
        Initial Value: 0
        IO Voltage: 0
    PORT MAP (
        pa_out => \CapSense_1:CintA(0)\__PA ,
        analog_term => \CapSense_1:Net_86\ ,
        pad => \CapSense_1:CintA(0)_PAD\ );
    Properties:
    {
    }

[IoId=3]: 
Pin : Name = \CapSense_1:CintB(0)\
    Attributes:
        In Group/Port: True
        In Sync Option: AUTO
        Out Sync Option: AUTO
        Interrupt generated: False
        Interrupt mode: NONE
        Drive mode: HI_Z_ANALOG
        VTrip: EITHER
        Slew: FAST
        Input Sync needed: False
        Output Sync needed: False
        SC shield enabled: False
        POR State: ANY
        LCD Mode: COMMON
        Register Mode: RegComb
        CaSense Mode: NEITHER
        Treat as pin: True
        Is OE Registered: False
        Uses Analog: True
        Can contain Digital: False
        Is SIO: False
        SIO Output Buf: NONREGULATED
        SIO Input Buf: SINGLE_ENDED
        SIO HiFreq: LOW
        SIO Hyst: DISABLED
        SIO Vtrip: MULTIPLIER_0_5
        SIO Multiplier Index: 0
        SIO RefSel: VCC_IO
        Required Capabilities: NONE
        Initial Value: 0
        IO Voltage: 0
    PORT MAP (
        pa_out => \CapSense_1:CintB(0)\__PA ,
        analog_term => \CapSense_1:Net_84\ ,
        pad => \CapSense_1:CintB(0)_PAD\ );
    Properties:
    {
    }

Clock group 0: 
    Clock Block @ F(Clock,0): 
    m0s8clockblockcell: Name =ClockBlock
        PORT MAP (
            hfclk => ClockBlock_HFClk ,
            imo => ClockBlock_IMO ,
            ext => ClockBlock_ExtClk ,
            sysclk => ClockBlock_SysClk ,
            ilo => ClockBlock_ILO ,
            lfclk => ClockBlock_LFClk ,
            wco => ClockBlock_WCO ,
            ff_div_2 => \CapSense_1:Net_1423_ff2\ ,
            ff_div_0 => \I2CS:Net_847_ff0\ ,
            ff_div_1 => \UART:Net_847_ff1\ );
        Properties:
        {
        }
LCD group 0: empty
PICU group 0: empty
LPCOMP group 0: empty
SCB group 0: 
    SCB Block @ F(SCB,0): 
    m0s8scbcell: Name =\I2CS:SCB\
        PORT MAP (
            clock => \I2CS:Net_847_ff0\ ,
            interrupt => Net_1144 ,
            uart_tx => \I2CS:tx_wire\ ,
            uart_rts => \I2CS:rts_wire\ ,
            mosi_m => \I2CS:mosi_m_wire\ ,
            select_m_3 => \I2CS:select_m_wire_3\ ,
            select_m_2 => \I2CS:select_m_wire_2\ ,
            select_m_1 => \I2CS:select_m_wire_1\ ,
            select_m_0 => \I2CS:select_m_wire_0\ ,
            sclk_m => \I2CS:sclk_m_wire\ ,
            miso_s => \I2CS:miso_s_wire\ ,
            i2c_scl => Net_1161 ,
            i2c_sda => Net_1162 ,
            tr_tx_req => Net_1147 ,
            tr_rx_req => Net_1146 );
        Properties:
        {
            cy_registers = ""
            scb_mode = 0
        }
    SCB Block @ F(SCB,1): 
    m0s8scbcell: Name =\UART:SCB\
        PORT MAP (
            clock => \UART:Net_847_ff1\ ,
            interrupt => Net_1122 ,
            uart_tx => \UART:tx_wire\ ,
            uart_rts => \UART:rts_wire\ ,
            mosi_m => \UART:mosi_m_wire\ ,
            select_m_3 => \UART:select_m_wire_3\ ,
            select_m_2 => \UART:select_m_wire_2\ ,
            select_m_1 => \UART:select_m_wire_1\ ,
            select_m_0 => \UART:select_m_wire_0\ ,
            sclk_m => \UART:sclk_m_wire\ ,
            miso_s => \UART:miso_s_wire\ ,
            tr_tx_req => Net_1125 ,
            tr_rx_req => Net_1124 );
        Properties:
        {
            cy_registers = ""
            scb_mode = 2
        }
CSD group 0: 
    CapSense @ F(CSD,0): 
    p4csdcell: Name =\CapSense_1:CSD\
        PORT MAP (
            source => \CapSense_1:Net_2\ ,
            shield => \CapSense_1:Net_122\ ,
            csh => \CapSense_1:Net_84\ ,
            cmod => \CapSense_1:Net_86\ ,
            shield_pad => \CapSense_1:Net_15\ ,
            vref_ext => \CapSense_1:Net_150\ ,
            sense_out => \CapSense_1:Net_317\ ,
            sample_out => \CapSense_1:Net_316\ ,
            dsi_csh_tank => \CapSense_1:Net_323\ ,
            dsi_cmod => \CapSense_1:Net_322\ ,
            dsi_hscmp => \CapSense_1:Net_321\ ,
            dsi_sampling => \CapSense_1:Net_318\ ,
            dsi_adc_on => \CapSense_1:Net_319\ ,
            tr_adc_done => \CapSense_1:Net_354\ ,
            dsi_count_15 => \CapSense_1:Net_320_15\ ,
            dsi_count_14 => \CapSense_1:Net_320_14\ ,
            dsi_count_13 => \CapSense_1:Net_320_13\ ,
            dsi_count_12 => \CapSense_1:Net_320_12\ ,
            dsi_count_11 => \CapSense_1:Net_320_11\ ,
            dsi_count_10 => \CapSense_1:Net_320_10\ ,
            dsi_count_9 => \CapSense_1:Net_320_9\ ,
            dsi_count_8 => \CapSense_1:Net_320_8\ ,
            dsi_count_7 => \CapSense_1:Net_320_7\ ,
            dsi_count_6 => \CapSense_1:Net_320_6\ ,
            dsi_count_5 => \CapSense_1:Net_320_5\ ,
            dsi_count_4 => \CapSense_1:Net_320_4\ ,
            dsi_count_3 => \CapSense_1:Net_320_3\ ,
            dsi_count_2 => \CapSense_1:Net_320_2\ ,
            dsi_count_1 => \CapSense_1:Net_320_1\ ,
            dsi_count_0 => \CapSense_1:Net_320_0\ ,
            clk => \CapSense_1:Net_1423_ff2\ ,
            irq => \CapSense_1:Net_120\ );
        Properties:
        {
            adc_channel_count = 1
            cy_registers = ""
            dedicated_io_count = 2
            ganged_csx = 1
            is_capsense = 1
            is_cmod_charge = 0
            is_csh_charge = 0
            is_mutual = 0
            rx_count = 6
            sense_as_shield = 0
            sensors_count = 1
            shield_as_sense = 0
            shield_count = 1
            tx_count = 1
        }
CSIDAC7 group 0: 
    7-bit IDAC @ F(CSIDAC7,0): 
    p4csidacV2cell: Name =\CapSense_1:IDACMod\
        PORT MAP (
            iout => \CapSense_1:Net_2\ );
        Properties:
        {
            cy_registers = ""
            leg3_needed = 0
        }
TCPWM group 0: empty
CLK_GEN group 0: 
    M0S8 Clock Gen Block @ F(CLK_GEN,0): 
    m0s8clockgenblockcell: Name =ClockGenBlock
        PORT MAP (
             );
        Properties:
        {
        }
LPCOMPBLOCK group 0: empty
WCO group 0: empty
SmartIO group 0: empty
SRSS group 0: empty
CPUSS group 0: empty
IOSS group 0: empty
EXCO group 0: empty
</CYPRESSTAG>
<CYPRESSTAG name="Port Configuration Details">

------------------------------------------------------------
Port Configuration report
------------------------------------------------------------
     |     |       | Interrupt |                  |                       | 
Port | Pin | Fixed |      Type |       Drive Mode |                  Name | Connections
-----+-----+-------+-----------+------------------+-----------------------+----------------------------
   0 |   0 |     * |      NONE |      HI_Z_ANALOG |    \CapSense_1:Rx(0)\ | Analog(\CapSense_1:Net_2\)
     |   1 |     * |      NONE |      HI_Z_ANALOG |    \CapSense_1:Rx(1)\ | Analog(\CapSense_1:Net_2\)
     |   2 |     * |      NONE |      HI_Z_ANALOG |    \CapSense_1:Rx(2)\ | Analog(\CapSense_1:Net_2\)
     |   3 |     * |      NONE |      HI_Z_ANALOG |    \CapSense_1:Rx(3)\ | Analog(\CapSense_1:Net_2\)
     |   4 |     * |      NONE |      HI_Z_ANALOG |    \CapSense_1:Rx(4)\ | Analog(\CapSense_1:Net_2\)
     |   5 |     * |      NONE |      HI_Z_ANALOG |    \CapSense_1:Rx(5)\ | Analog(\CapSense_1:Net_2\)
     |   7 |     * |      NONE |      HI_Z_ANALOG |    \CapSense_1:Tx(0)\ | Analog(\CapSense_1:Net_2\)
-----+-----+-------+-----------+------------------+-----------------------+----------------------------
   1 |   0 |     * |      NONE |    OPEN_DRAIN_LO |         \I2CS:scl(0)\ | FB(Net_1161)
     |   1 |     * |      NONE |    OPEN_DRAIN_LO |         \I2CS:sda(0)\ | FB(Net_1162)
-----+-----+-------+-----------+------------------+-----------------------+----------------------------
   2 |   0 |     * |      NONE |         CMOS_OUT |               LED3(0) | 
     |   1 |     * |      NONE |         CMOS_OUT |               LED4(0) | 
     |   2 |     * |      NONE |         CMOS_OUT |               LED5(0) | 
-----+-----+-------+-----------+------------------+-----------------------+----------------------------
   3 |   1 |     * |      NONE |         CMOS_OUT |          \UART:tx(0)\ | In(\UART:tx_wire\)
     |   4 |     * |      NONE |         CMOS_OUT |               LED2(0) | 
     |   5 |     * |      NONE |         CMOS_OUT |               LED1(0) | 
     |   6 |     * |      NONE |         CMOS_OUT |               LED0(0) | 
-----+-----+-------+-----------+------------------+-----------------------+----------------------------
   4 |   2 |     * |      NONE |      HI_Z_ANALOG | \CapSense_1:CintA(0)\ | Analog(\CapSense_1:Net_86\)
     |   3 |     * |      NONE |      HI_Z_ANALOG | \CapSense_1:CintB(0)\ | Analog(\CapSense_1:Net_84\)
-------------------------------------------------------------------------------------------------------
</CYPRESSTAG>
</CYPRESSTAG>
</CYPRESSTAG>
Digital component placer commit/Report: Elapsed time ==> 0s.030ms
Digital Placement phase: Elapsed time ==> 0s.210ms
</CYPRESSTAG>
<CYPRESSTAG name="Digital Routing">
"C:\Program Files (x86)\Cypress\PSoC Creator\4.2\PSoC Creator\bin/sjrouter.exe" --xml-path "C:\Program Files (x86)\Cypress\PSoC Creator\4.2\PSoC Creator\dev\psoc4/9/route_arch-rrg.cydata" --vh2-path "FirstTestMutal_r.vh2" --pcf-path "FirstTestMutal.pco" --des-name "FirstTestMutal" --dsf-path "FirstTestMutal.dsf"
Routing successful.
Digital Routing phase: Elapsed time ==> 0s.180ms
</CYPRESSTAG>
<CYPRESSTAG name="Bitstream Generation">
Bitstream Generation phase: Elapsed time ==> 0s.110ms
</CYPRESSTAG>
<CYPRESSTAG name="Bitstream Verification">
Bitstream Verification phase: Elapsed time ==> 0s.000ms
</CYPRESSTAG>
<CYPRESSTAG name="Static timing analysis">
No timing parameter file available for CY8C4045AZI-S413
Static timing analysis phase: Elapsed time ==> 0s.000ms
</CYPRESSTAG>
<CYPRESSTAG name="Data reporting">
Data reporting phase: Elapsed time ==> 0s.000ms
</CYPRESSTAG>
<CYPRESSTAG name="Database update...">
Design database save phase: Elapsed time ==> 0s.140ms
</CYPRESSTAG>
cydsfit: Elapsed time ==> 1s.076ms
</CYPRESSTAG>
Fitter phase: Elapsed time ==> 1s.086ms
API generation phase: Elapsed time ==> 2s.341ms
Dependency generation phase: Elapsed time ==> 0s.020ms
Cleanup phase: Elapsed time ==> 0s.000ms
