Archive member included to satisfy reference by file (symbol)

.\CortexM0p\ARM_GCC_541\Debug\FirstTest.a(UART.o)
                              .\CortexM0p\ARM_GCC_541\Debug\main.o (UART_Start)
.\CortexM0p\ARM_GCC_541\Debug\FirstTest.a(UART_SPI_UART.o)
                              .\CortexM0p\ARM_GCC_541\Debug\main.o (UART_SpiUartPutArray)
.\CortexM0p\ARM_GCC_541\Debug\FirstTest.a(UART_UART.o)
                              .\CortexM0p\ARM_GCC_541\Debug\FirstTest.a(UART.o) (UART_UartInit)
.\CortexM0p\ARM_GCC_541\Debug\FirstTest.a(CapSense_1_Control.o)
                              .\CortexM0p\ARM_GCC_541\Debug\main.o (CapSense_1_Start)
.\CortexM0p\ARM_GCC_541\Debug\FirstTest.a(CapSense_1_Processing.o)
                              .\CortexM0p\ARM_GCC_541\Debug\FirstTest.a(CapSense_1_Control.o) (CapSense_1_DpInitialize)
.\CortexM0p\ARM_GCC_541\Debug\FirstTest.a(CapSense_1_Structure.o)
                              .\CortexM0p\ARM_GCC_541\Debug\FirstTest.a(CapSense_1_Control.o) (CapSense_1_DsInitialize)
.\CortexM0p\ARM_GCC_541\Debug\FirstTest.a(CapSense_1_Tuner.o)
                              .\CortexM0p\ARM_GCC_541\Debug\FirstTest.a(CapSense_1_Control.o) (CapSense_1_TuInitialize)
.\CortexM0p\ARM_GCC_541\Debug\FirstTest.a(CapSense_1_Filter.o)
                              .\CortexM0p\ARM_GCC_541\Debug\FirstTest.a(CapSense_1_Control.o) (CapSense_1_InitializeAllBaselines)
.\CortexM0p\ARM_GCC_541\Debug\FirstTest.a(CapSense_1_Sensing.o)
                              .\CortexM0p\ARM_GCC_541\Debug\main.o (CapSense_1_IsBusy)
.\CortexM0p\ARM_GCC_541\Debug\FirstTest.a(CapSense_1_SensingCSD_LL.o)
                              .\CortexM0p\ARM_GCC_541\Debug\FirstTest.a(CapSense_1_Sensing.o) (CapSense_1_SsCSDInitialize)
.\CortexM0p\ARM_GCC_541\Debug\FirstTest.a(CapSense_1_ISR.o)
                              .\CortexM0p\ARM_GCC_541\Debug\FirstTest.a(CapSense_1_Sensing.o) (CapSense_1_ISR_StartEx)
.\CortexM0p\ARM_GCC_541\Debug\FirstTest.a(CyLib.o)
                              .\CortexM0p\ARM_GCC_541\Debug\FirstTest.a(CapSense_1_SensingCSD_LL.o) (CyIntEnable)
.\CortexM0p\ARM_GCC_541\Debug\FirstTest.a(cyPm.o)
                              .\CortexM0p\ARM_GCC_541\Debug\main.o (CySysPmSleep)
.\CortexM0p\ARM_GCC_541\Debug\FirstTest.a(CyLFClk.o)
                              .\CortexM0p\ARM_GCC_541\Debug\FirstTest.a(CyLib.o) (CySysClkWcoEnabled)
.\CortexM0p\ARM_GCC_541\Debug\FirstTest.a(LED1.o)
                              .\CortexM0p\ARM_GCC_541\Debug\main.o (LED1_Write)
.\CortexM0p\ARM_GCC_541\Debug\FirstTest.a(CyBootAsmGnu.o)
                              .\CortexM0p\ARM_GCC_541\Debug\FirstTest.a(CyLib.o) (CyDelayCycles)
.\CortexM0p\ARM_GCC_541\Debug\FirstTest.a(CapSense_1_INT.o)
                              .\CortexM0p\ARM_GCC_541\Debug\FirstTest.a(CapSense_1_SensingCSD_LL.o) (CapSense_1_CSDPostSingleScan)
.\CortexM0p\ARM_GCC_541\Debug\FirstTest.a(CyFlash.o)
                              .\CortexM0p\ARM_GCC_541\Debug\FirstTest.a(CyLib.o) (CySysFlashSetWaitCycles)
c:/program files (x86)/cypress/psoc creator/4.2/psoc creator/import/gnu/arm/5.4.1/bin/../lib/gcc/arm-none-eabi/5.4.1/armv6-m\libgcc.a(_udivsi3.o)
                              .\CortexM0p\ARM_GCC_541\Debug\FirstTest.a(CapSense_1_SensingCSD_LL.o) (__aeabi_uidiv)
c:/program files (x86)/cypress/psoc creator/4.2/psoc creator/import/gnu/arm/5.4.1/bin/../lib/gcc/arm-none-eabi/5.4.1/armv6-m\libgcc.a(_dvmd_tls.o)
                              c:/program files (x86)/cypress/psoc creator/4.2/psoc creator/import/gnu/arm/5.4.1/bin/../lib/gcc/arm-none-eabi/5.4.1/armv6-m\libgcc.a(_udivsi3.o) (__aeabi_idiv0)
c:/program files (x86)/cypress/psoc creator/4.2/psoc creator/import/gnu/arm/5.4.1/bin/../lib/gcc/arm-none-eabi/5.4.1/../../../../arm-none-eabi/lib/armv6-m\libg_nano.a(lib_a-errno.o)
                              .\CortexM0p\ARM_GCC_541\Debug\Cm0plusStart.o (__errno)
c:/program files (x86)/cypress/psoc creator/4.2/psoc creator/import/gnu/arm/5.4.1/bin/../lib/gcc/arm-none-eabi/5.4.1/../../../../arm-none-eabi/lib/armv6-m\libg_nano.a(lib_a-exit.o)
                              c:/program files (x86)/cypress/psoc creator/4.2/psoc creator/import/gnu/arm/5.4.1/bin/../lib/gcc/arm-none-eabi/5.4.1/../../../../arm-none-eabi/lib/armv6-m/crt0.o (exit)
c:/program files (x86)/cypress/psoc creator/4.2/psoc creator/import/gnu/arm/5.4.1/bin/../lib/gcc/arm-none-eabi/5.4.1/../../../../arm-none-eabi/lib/armv6-m\libg_nano.a(lib_a-impure.o)
                              c:/program files (x86)/cypress/psoc creator/4.2/psoc creator/import/gnu/arm/5.4.1/bin/../lib/gcc/arm-none-eabi/5.4.1/../../../../arm-none-eabi/lib/armv6-m\libg_nano.a(lib_a-exit.o) (_global_impure_ptr)
c:/program files (x86)/cypress/psoc creator/4.2/psoc creator/import/gnu/arm/5.4.1/bin/../lib/gcc/arm-none-eabi/5.4.1/../../../../arm-none-eabi/lib/armv6-m\libg_nano.a(lib_a-init.o)
[...]
Memory Configuration

Name             Origin             Length             Attributes
rom              0x00000000         0x00008000         xr
ram              0x20000000         0x00001000         xrw
*default*        0x00000000         0xffffffff

Linker script and memory map

LOAD c:/program files (x86)/cypress/psoc creator/4.2/psoc creator/import/gnu/arm/5.4.1/bin/../lib/gcc/arm-none-eabi/5.4.1/armv6-m/crti.o
LOAD c:/program files (x86)/cypress/psoc creator/4.2/psoc creator/import/gnu/arm/5.4.1/bin/../lib/gcc/arm-none-eabi/5.4.1/armv6-m/crtbegin.o
LOAD c:/program files (x86)/cypress/psoc creator/4.2/psoc creator/import/gnu/arm/5.4.1/bin/../lib/gcc/arm-none-eabi/5.4.1/../../../../arm-none-eabi/lib/armv6-m/crt0.o
START GROUP
LOAD .\CortexM0p\ARM_GCC_541\Debug\main.o
LOAD .\CortexM0p\ARM_GCC_541\Debug\cyfitter_cfg.o
LOAD .\CortexM0p\ARM_GCC_541\Debug\cymetadata.o
LOAD .\CortexM0p\ARM_GCC_541\Debug\Cm0plusStart.o
LOAD .\CortexM0p\ARM_GCC_541\Debug\FirstTest.a
LOAD ..\..\..\Documents\PSoC Creator\4.2\Downloads ( 4.2).cylib\CapSense_P4_v5_20\PSoC4\Library\Capsense_P4Library_GCCp.a
END GROUP
START GROUP
LOAD c:/program files (x86)/cypress/psoc creator/4.2/psoc creator/import/gnu/arm/5.4.1/bin/../lib/gcc/arm-none-eabi/5.4.1/armv6-m\libgcc.a
LOAD c:/program files (x86)/cypress/psoc creator/4.2/psoc creator/import/gnu/arm/5.4.1/bin/../lib/gcc/arm-none-eabi/5.4.1/../../../../arm-none-eabi/lib/armv6-m\libg_nano.a
LOAD c:/program files (x86)/cypress/psoc creator/4.2/psoc creator/import/gnu/arm/5.4.1/bin/../lib/gcc/arm-none-eabi/5.4.1/../../../../arm-none-eabi/lib/armv6-m\libc_nano.a
END GROUP
START GROUP
LOAD c:/program files (x86)/cypress/psoc creator/4.2/psoc creator/import/gnu/arm/5.4.1/bin/../lib/gcc/arm-none-eabi/5.4.1/armv6-m\libgcc.a
LOAD c:/program files (x86)/cypress/psoc creator/4.2/psoc creator/import/gnu/arm/5.4.1/bin/../lib/gcc/arm-none-eabi/5.4.1/../../../../arm-none-eabi/lib/armv6-m\libc_nano.a
END GROUP
LOAD c:/program files (x86)/cypress/psoc creator/4.2/psoc creator/import/gnu/arm/5.4.1/bin/../lib/gcc/arm-none-eabi/5.4.1/armv6-m/crtend.o
LOAD c:/program files (x86)/cypress/psoc creator/4.2/psoc creator/import/gnu/arm/5.4.1/bin/../lib/gcc/arm-none-eabi/5.4.1/armv6-m/crtn.o
START GROUP
LOAD c:/program files (x86)/cypress/psoc creator/4.2/psoc creator/import/gnu/arm/5.4.1/bin/../lib/gcc/arm-none-eabi/5.4.1/armv6-m\libgcc.a
LOAD c:/program files (x86)/cypress/psoc creator/4.2/psoc creator/import/gnu/arm/5.4.1/bin/../lib/gcc/arm-none-eabi/5.4.1/../../../../arm-none-eabi/lib/armv6-m\libc.a
LOAD c:/program files (x86)/cypress/psoc creator/4.2/psoc creator/import/gnu/arm/5.4.1/bin/../lib/gcc/arm-none-eabi/5.4.1/../../../../arm-none-eabi/lib/armv6-m\libnosys.a
END GROUP
                0x00000000                CY_APPL_ORIGIN = 0x0
                0x00000080                CY_FLASH_ROW_SIZE = 0x80
                0x00000001                CY_APPL_NUM = 0x1
                0x00000001                CY_APPL_MAX = 0x1
                0x00000040                CY_METADATA_SIZE = 0x40
                0x00000000                CY_APPL_LOADABLE = 0x0
                0x00000000                CY_CHECKSUM_EXCLUDE_SIZE = ALIGN (0x0, CY_FLASH_ROW_SIZE)
                0x00000000                CY_APP_FOR_STACK_AND_COPIER = 0x0
                [!provide]                PROVIDE (__cy_heap_start, _end)
                0x00000001                PROVIDE (__cy_region_num, ((__cy_regions_end - __cy_regions) / 0x10))
                0x20001000                PROVIDE (__cy_stack, (ORIGIN (ram) + LENGTH (ram)))
                [!provide]                PROVIDE (__cy_heap_end, (__cy_stack - 0x400))

.cybootloader   0x00000000        0x0
 *(.cybootloader)
                0x00000000                appl1_start = CY_APPL_ORIGIN?CY_APPL_ORIGIN:ALIGN (CY_FLASH_ROW_SIZE)
                0x00003f80                appl2_start = (appl1_start + ALIGN ((((LENGTH (rom) - appl1_start) - (0x2 * CY_FLASH_ROW_SIZE)) / 0x2), CY_FLASH_ROW_SIZE))
                0x00000000                appl_start = (CY_APPL_NUM == 0x1)?appl1_start:appl2_start
                0x00000001                cy_project_type_bootloader = (appl_start == 0x0)?0x1:0x0
                0x00000000                cy_project_type_app_for_stack_and_copier = (CY_APP_FOR_STACK_AND_COPIER == 0x1)?0x1:0x0

.text           0x00000000     0x1ce6
 CREATE_OBJECT_SYMBOLS
                0x00000000                PROVIDE (__cy_interrupt_vector, RomVectors)
 *(.romvectors)
 .romvectors    0x00000000       0x10 .\CortexM0p\ARM_GCC_541\Debug\Cm0plusStart.o
                0x00000000                RomVectors
                0x00000001                ASSERT ((. != __cy_interrupt_vector), No interrupt vector)
                0x00000001                ASSERT (CY_APPL_ORIGIN?(SIZEOF (.cybootloader) <= CY_APPL_ORIGIN):0x1, Wrong image location)
                0x00000010                PROVIDE (__cy_reset, Reset)
 *(.text.Reset)
 .text.Reset    0x00000010        0xc .\CortexM0p\ARM_GCC_541\Debug\Cm0plusStart.o
                0x00000010                Reset
                0x00000001                ASSERT ((. != __cy_reset), No reset code)
 *(.psocinit)
 .psocinit      0x0000001c       0xec .\CortexM0p\ARM_GCC_541\Debug\cyfitter_cfg.o
                0x0000009c                cyfitter_cfg
                0x00000108                . = MAX (., 0x100)
 *(.text .text.* .gnu.linkonce.t.*)
 .text          0x00000108       0x60 c:/program files (x86)/cypress/psoc creator/4.2/psoc creator/import/gnu/arm/5.4.1/bin/../lib/gcc/arm-none-eabi/5.4.1/armv6-m/crtbegin.o
 .text.LED_Control
                0x00000168       0x14 .\CortexM0p\ARM_GCC_541\Debug\main.o
                0x00000168                LED_Control
 .text.main     0x0000017c       0x54 .\CortexM0p\ARM_GCC_541\Debug\main.o
                0x0000017c                main
 .text.SetAnalogRoutingPumps
                0x000001d0       0x38 .\CortexM0p\ARM_GCC_541\Debug\cyfitter_cfg.o
                0x000001d0                SetAnalogRoutingPumps
 .text.AnalogSetDefault
                0x00000208        0xc .\CortexM0p\ARM_GCC_541\Debug\cyfitter_cfg.o
 .text.IntDefaultHandler
                0x00000214       0x10 .\CortexM0p\ARM_GCC_541\Debug\Cm0plusStart.o
                0x00000214                IntDefaultHandler
 .text.Start_c  0x00000224       0x48 .\CortexM0p\ARM_GCC_541\Debug\Cm0plusStart.o
                0x00000224                Start_c
 .text.initialize_psoc
                0x0000026c       0x40 .\CortexM0p\ARM_GCC_541\Debug\Cm0plusStart.o
                0x0000026c                initialize_psoc
 .text.UART_ScbModePostEnable
                0x000002ac        0x8 .\CortexM0p\ARM_GCC_541\Debug\FirstTest.a(UART.o)
 .text.UART_Init
                0x000002b4        0x8 .\CortexM0p\ARM_GCC_541\Debug\FirstTest.a(UART.o)
                0x000002b4                UART_Init
 .text.UART_Enable
                0x000002bc       0x18 .\CortexM0p\ARM_GCC_541\Debug\FirstTest.a(UART.o)
                0x000002bc                UART_Enable
 .text.UART_Start
                0x000002d4       0x20 .\CortexM0p\ARM_GCC_541\Debug\FirstTest.a(UART.o)
                0x000002d4                UART_Start
 .text.UART_SpiUartWriteTxData
                0x000002f4       0x1c .\CortexM0p\ARM_GCC_541\Debug\FirstTest.a(UART_SPI_UART.o)
                0x000002f4                UART_SpiUartWriteTxData
 .text.UART_SpiUartPutArray
                0x00000310       0x18 .\CortexM0p\ARM_GCC_541\Debug\FirstTest.a(UART_SPI_UART.o)
                0x00000310                UART_SpiUartPutArray
 .text.UART_UartInit
                0x00000328       0xa8 .\CortexM0p\ARM_GCC_541\Debug\FirstTest.a(UART_UART.o)
                0x00000328                UART_UartInit
 .text.UART_UartPostEnable
                0x000003d0       0x24 .\CortexM0p\ARM_GCC_541\Debug\FirstTest.a(UART_UART.o)
                0x000003d0                UART_UartPostEnable
 .text.CapSense_1_Initialize
                0x000003f4       0x28 .\CortexM0p\ARM_GCC_541\Debug\FirstTest.a(CapSense_1_Control.o)
                0x000003f4                CapSense_1_Initialize
 .text.CapSense_1_Start
                0x0000041c       0x34 .\CortexM0p\ARM_GCC_541\Debug\FirstTest.a(CapSense_1_Control.o)
                0x0000041c                CapSense_1_Start
 .text.CapSense_1_ProcessAllWidgets
                0x00000450       0x44 .\CortexM0p\ARM_GCC_541\Debug\FirstTest.a(CapSense_1_Control.o)
                0x00000450                CapSense_1_ProcessAllWidgets
 .text.CapSense_1_DpInitialize
                0x00000494       0x58 .\CortexM0p\ARM_GCC_541\Debug\FirstTest.a(CapSense_1_Processing.o)
                0x00000494                CapSense_1_DpInitialize
 .text.CapSense_1_DpUpdateDifferences
                0x000004ec       0x18 .\CortexM0p\ARM_GCC_541\Debug\FirstTest.a(CapSense_1_Processing.o)
                0x000004ec                CapSense_1_DpUpdateDifferences
 .text.CapSense_1_DpProcessCsdWidgetRawCounts
                0x00000504       0x68 .\CortexM0p\ARM_GCC_541\Debug\FirstTest.a(CapSense_1_Processing.o)
                0x00000504                CapSense_1_DpProcessCsdWidgetRawCounts
 .text.CapSense_1_DpProcessButton
                0x0000056c       0x64 .\CortexM0p\ARM_GCC_541\Debug\FirstTest.a(CapSense_1_Processing.o)
                0x0000056c                CapSense_1_DpProcessButton
 .text.CapSense_1_DpProcessCsdWidgetStatus
                0x000005d0       0x58 .\CortexM0p\ARM_GCC_541\Debug\FirstTest.a(CapSense_1_Processing.o)
                0x000005d0                CapSense_1_DpProcessCsdWidgetStatus
 .text.CapSense_1_DsInitialize
                0x00000628       0x6c .\CortexM0p\ARM_GCC_541\Debug\FirstTest.a(CapSense_1_Structure.o)
                0x00000628                CapSense_1_DsInitialize
 .text.CapSense_1_IsAnyWidgetActive
                0x00000694       0x20 .\CortexM0p\ARM_GCC_541\Debug\FirstTest.a(CapSense_1_Structure.o)
                0x00000694                CapSense_1_IsAnyWidgetActive
 .text.CapSense_1_IsWidgetActive
                0x000006b4       0x24 .\CortexM0p\ARM_GCC_541\Debug\FirstTest.a(CapSense_1_Structure.o)
                0x000006b4                CapSense_1_IsWidgetActive
 .text.CapSense_1_TuInitialize
                0x000006d8       0x14 .\CortexM0p\ARM_GCC_541\Debug\FirstTest.a(CapSense_1_Tuner.o)
                0x000006d8                CapSense_1_TuInitialize
 .text.CapSense_1_RunTuner
                0x000006ec      0x110 .\CortexM0p\ARM_GCC_541\Debug\FirstTest.a(CapSense_1_Tuner.o)
                0x000006ec                CapSense_1_RunTuner
 .text.CapSense_1_FtInitializeBaselineChannel
                0x000007fc       0x20 .\CortexM0p\ARM_GCC_541\Debug\FirstTest.a(CapSense_1_Filter.o)
                0x000007fc                CapSense_1_FtInitializeBaselineChannel
 .text.CapSense_1_FtInitializeBaseline
                0x0000081c       0x20 .\CortexM0p\ARM_GCC_541\Debug\FirstTest.a(CapSense_1_Filter.o)
                0x0000081c                CapSense_1_FtInitializeBaseline
 .text.CapSense_1_InitializeSensorBaseline
                0x0000083c       0x2c .\CortexM0p\ARM_GCC_541\Debug\FirstTest.a(CapSense_1_Filter.o)
                0x0000083c                CapSense_1_InitializeSensorBaseline
 .text.CapSense_1_InitializeWidgetBaseline
                0x00000868       0x28 .\CortexM0p\ARM_GCC_541\Debug\FirstTest.a(CapSense_1_Filter.o)
                0x00000868                CapSense_1_InitializeWidgetBaseline
 .text.CapSense_1_InitializeAllBaselines
                0x00000890       0x18 .\CortexM0p\ARM_GCC_541\Debug\FirstTest.a(CapSense_1_Filter.o)
                0x00000890                CapSense_1_InitializeAllBaselines
 .text.CapSense_1_InitializeIIRInternal
                0x000008a8       0x24 .\CortexM0p\ARM_GCC_541\Debug\FirstTest.a(CapSense_1_Filter.o)
                0x000008a8                CapSense_1_InitializeIIRInternal
 .text.CapSense_1_InitializeMedianInternal
                0x000008cc       0x28 .\CortexM0p\ARM_GCC_541\Debug\FirstTest.a(CapSense_1_Filter.o)
                0x000008cc                CapSense_1_InitializeMedianInternal
 .text.CapSense_1_InitializeAverageInternal
                0x000008f4       0x2c .\CortexM0p\ARM_GCC_541\Debug\FirstTest.a(CapSense_1_Filter.o)
                0x000008f4                CapSense_1_InitializeAverageInternal
 .text.CapSense_1_InitializeWidgetFilter
                0x00000920       0x70 .\CortexM0p\ARM_GCC_541\Debug\FirstTest.a(CapSense_1_Filter.o)
                0x00000920                CapSense_1_InitializeWidgetFilter
 .text.CapSense_1_InitializeAllFilters
                0x00000990       0x18 .\CortexM0p\ARM_GCC_541\Debug\FirstTest.a(CapSense_1_Filter.o)
                0x00000990                CapSense_1_InitializeAllFilters
 .text.CapSense_1_FtInitialize
                0x000009a8        0x8 .\CortexM0p\ARM_GCC_541\Debug\FirstTest.a(CapSense_1_Filter.o)
                0x000009a8                CapSense_1_FtInitialize
 .text.CapSense_1_RunAverageInternal
                0x000009b0       0x44 .\CortexM0p\ARM_GCC_541\Debug\FirstTest.a(CapSense_1_Filter.o)
                0x000009b0                CapSense_1_RunAverageInternal
 .text.CapSense_1_FtMedian
                0x000009f4       0x18 .\CortexM0p\ARM_GCC_541\Debug\FirstTest.a(CapSense_1_Filter.o)
                0x000009f4                CapSense_1_FtMedian
 .text.CapSense_1_RunMedianInternal
                0x00000a0c       0x54 .\CortexM0p\ARM_GCC_541\Debug\FirstTest.a(CapSense_1_Filter.o)
                0x00000a0c                CapSense_1_RunMedianInternal
 .text.CapSense_1_FtIIR1stOrder
                0x00000a60       0x14 .\CortexM0p\ARM_GCC_541\Debug\FirstTest.a(CapSense_1_Filter.o)
                0x00000a60                CapSense_1_FtIIR1stOrder
 .text.CapSense_1_FtUpdateBaseline
                0x00000a74       0xa0 .\CortexM0p\ARM_GCC_541\Debug\FirstTest.a(CapSense_1_Filter.o)
                0x00000a74                CapSense_1_FtUpdateBaseline
 .text.CapSense_1_RunIIRInternal
                0x00000b14       0x44 .\CortexM0p\ARM_GCC_541\Debug\FirstTest.a(CapSense_1_Filter.o)
                0x00000b14                CapSense_1_RunIIRInternal
 .text.CapSense_1_FtRunEnabledFiltersInternal
                0x00000b58       0x24 .\CortexM0p\ARM_GCC_541\Debug\FirstTest.a(CapSense_1_Filter.o)
                0x00000b58                CapSense_1_FtRunEnabledFiltersInternal
 .text.CapSense_1_SsSetWidgetSenseClkSrc
                0x00000b7c        0x8 .\CortexM0p\ARM_GCC_541\Debug\FirstTest.a(CapSense_1_Sensing.o)
 .text.CapSense_1_SsCSDDisableMode
                0x00000b84       0x24 .\CortexM0p\ARM_GCC_541\Debug\FirstTest.a(CapSense_1_Sensing.o)
 .text.CapSense_1_IsBusy
                0x00000ba8       0x10 .\CortexM0p\ARM_GCC_541\Debug\FirstTest.a(CapSense_1_Sensing.o)
                0x00000ba8                CapSense_1_IsBusy
 .text.CapSense_1_SetupWidget
                0x00000bb8       0x40 .\CortexM0p\ARM_GCC_541\Debug\FirstTest.a(CapSense_1_Sensing.o)
                0x00000bb8                CapSense_1_SetupWidget
 .text.CapSense_1_Scan
                0x00000bf8       0x2c .\CortexM0p\ARM_GCC_541\Debug\FirstTest.a(CapSense_1_Sensing.o)
                0x00000bf8                CapSense_1_Scan
 .text.CapSense_1_ScanAllWidgets
                0x00000c24       0x3c .\CortexM0p\ARM_GCC_541\Debug\FirstTest.a(CapSense_1_Sensing.o)
                0x00000c24                CapSense_1_ScanAllWidgets
 .text.CapSense_1_SsSwitchSensingMode
                0x00000c60       0x3c .\CortexM0p\ARM_GCC_541\Debug\FirstTest.a(CapSense_1_Sensing.o)
                0x00000c60                CapSense_1_SsSwitchSensingMode
 .text.CapSense_1_SsSetIOsInDefaultState
                0x00000c9c       0x40 .\CortexM0p\ARM_GCC_541\Debug\FirstTest.a(CapSense_1_Sensing.o)
                0x00000c9c                CapSense_1_SsSetIOsInDefaultState
 .text.CapSense_1_SsPostAllWidgetsScan
                0x00000cdc        0x4 .\CortexM0p\ARM_GCC_541\Debug\FirstTest.a(CapSense_1_Sensing.o)
                0x00000cdc                CapSense_1_SsPostAllWidgetsScan
 .text.CapSense_1_SsSetModClkClockDivider
                0x00000ce0       0x30 .\CortexM0p\ARM_GCC_541\Debug\FirstTest.a(CapSense_1_Sensing.o)
                0x00000ce0                CapSense_1_SsSetModClkClockDivider
 .text.CapSense_1_CalibrateWidget
                0x00000d10       0x1c .\CortexM0p\ARM_GCC_541\Debug\FirstTest.a(CapSense_1_Sensing.o)
                0x00000d10                CapSense_1_CalibrateWidget
 .text.CapSense_1_CalibrateAllWidgets
                0x00000d2c       0x1c .\CortexM0p\ARM_GCC_541\Debug\FirstTest.a(CapSense_1_Sensing.o)
                0x00000d2c                CapSense_1_CalibrateAllWidgets
 .text.CapSense_1_SsInitializeSourceSenseClk
                0x00000d48       0x24 .\CortexM0p\ARM_GCC_541\Debug\FirstTest.a(CapSense_1_Sensing.o)
                0x00000d48                CapSense_1_SsInitializeSourceSenseClk
 .text.CapSense_1_SsInitialize
                0x00000d6c       0x14 .\CortexM0p\ARM_GCC_541\Debug\FirstTest.a(CapSense_1_Sensing.o)
                0x00000d6c                CapSense_1_SsInitialize
 .text.CapSense_1_SsClearCSDSensors
                0x00000d80       0x40 .\CortexM0p\ARM_GCC_541\Debug\FirstTest.a(CapSense_1_Sensing.o)
                0x00000d80                CapSense_1_SsClearCSDSensors
 .text.CapSense_1_BistDischargeExtCapacitors
                0x00000dc0       0x60 .\CortexM0p\ARM_GCC_541\Debug\FirstTest.a(CapSense_1_Sensing.o)
                0x00000dc0                CapSense_1_BistDischargeExtCapacitors
 .text.CapSense_1_SsCSDSetModeSnsClockDivider
                0x00000e20       0x10 .\CortexM0p\ARM_GCC_541\Debug\FirstTest.a(CapSense_1_SensingCSD_LL.o)
 .text.CapSense_1_SsCSDSetFilterDelay
                0x00000e30       0x54 .\CortexM0p\ARM_GCC_541\Debug\FirstTest.a(CapSense_1_SensingCSD_LL.o)
 .text.CapSense_1_SsCSDConfigIDACs
                0x00000e84       0x1c .\CortexM0p\ARM_GCC_541\Debug\FirstTest.a(CapSense_1_SensingCSD_LL.o)
 .text.CapSense_1_SsCSDSetSingleIdacMode
                0x00000ea0       0x2c .\CortexM0p\ARM_GCC_541\Debug\FirstTest.a(CapSense_1_SensingCSD_LL.o)
 .text.CapSense_1_SsCSDRestoreIdacMode
                0x00000ecc       0x30 .\CortexM0p\ARM_GCC_541\Debug\FirstTest.a(CapSense_1_SensingCSD_LL.o)
 .text.CapSense_1_SsCSDCalibrateCheck
                0x00000efc       0x44 .\CortexM0p\ARM_GCC_541\Debug\FirstTest.a(CapSense_1_SensingCSD_LL.o)
 .text.CapSense_1_SsCSDInitialize
                0x00000f40      0x114 .\CortexM0p\ARM_GCC_541\Debug\FirstTest.a(CapSense_1_SensingCSD_LL.o)
                0x00000f40                CapSense_1_SsCSDInitialize
 .text.CapSense_1_SsCSDSetUpIdacs
                0x00001054       0x4c .\CortexM0p\ARM_GCC_541\Debug\FirstTest.a(CapSense_1_SensingCSD_LL.o)
                0x00001054                CapSense_1_SsCSDSetUpIdacs
 .text.CapSense_1_SsCSDGetNumberOfConversions
                0x000010a0       0x28 .\CortexM0p\ARM_GCC_541\Debug\FirstTest.a(CapSense_1_SensingCSD_LL.o)
                0x000010a0                CapSense_1_SsCSDGetNumberOfConversions
 .text.CapSense_1_SsCSDConfigClock
                0x000010c8       0x44 .\CortexM0p\ARM_GCC_541\Debug\FirstTest.a(CapSense_1_SensingCSD_LL.o)
                0x000010c8                CapSense_1_SsCSDConfigClock
 .text.CapSense_1_SsCSDCalculateScanDuration
                0x0000110c       0x1c .\CortexM0p\ARM_GCC_541\Debug\FirstTest.a(CapSense_1_SensingCSD_LL.o)
                0x0000110c                CapSense_1_SsCSDCalculateScanDuration
 .text.CapSense_1_SsCSDStartSample
                0x00001128       0xf4 .\CortexM0p\ARM_GCC_541\Debug\FirstTest.a(CapSense_1_SensingCSD_LL.o)
                0x00001128                CapSense_1_SsCSDStartSample
 .text.CapSense_1_CSDScanExt
                0x0000121c       0x20 .\CortexM0p\ARM_GCC_541\Debug\FirstTest.a(CapSense_1_SensingCSD_LL.o)
                0x0000121c                CapSense_1_CSDScanExt
 .text.CapSense_1_CSDConnectSns
                0x0000123c       0x34 .\CortexM0p\ARM_GCC_541\Debug\FirstTest.a(CapSense_1_SensingCSD_LL.o)
                0x0000123c                CapSense_1_CSDConnectSns
 .text.CapSense_1_CSDScan
                0x00001270       0x80 .\CortexM0p\ARM_GCC_541\Debug\FirstTest.a(CapSense_1_SensingCSD_LL.o)
                0x00001270                CapSense_1_CSDScan
 .text.CapSense_1_SsCSDConnectSensorExt
                0x000012f0       0x28 .\CortexM0p\ARM_GCC_541\Debug\FirstTest.a(CapSense_1_SensingCSD_LL.o)
                0x000012f0                CapSense_1_SsCSDConnectSensorExt
 .text.CapSense_1_CSDDisconnectSns
                0x00001318       0x40 .\CortexM0p\ARM_GCC_541\Debug\FirstTest.a(CapSense_1_SensingCSD_LL.o)
                0x00001318                CapSense_1_CSDDisconnectSns
 .text.CapSense_1_SsCSDElectrodeCheck
                0x00001358       0x24 .\CortexM0p\ARM_GCC_541\Debug\FirstTest.a(CapSense_1_SensingCSD_LL.o)
                0x00001358                CapSense_1_SsCSDElectrodeCheck
 .text.CapSense_1_CSDSetupWidget
                0x0000137c       0x5c .\CortexM0p\ARM_GCC_541\Debug\FirstTest.a(CapSense_1_SensingCSD_LL.o)
                0x0000137c                CapSense_1_CSDSetupWidget
 .text.CapSense_1_CSDSetupWidgetExt
                0x000013d8       0x70 .\CortexM0p\ARM_GCC_541\Debug\FirstTest.a(CapSense_1_SensingCSD_LL.o)
                0x000013d8                CapSense_1_CSDSetupWidgetExt
 .text.CapSense_1_SsCSDCalibrateOneSensor
                0x00001448       0xec .\CortexM0p\ARM_GCC_541\Debug\FirstTest.a(CapSense_1_SensingCSD_LL.o)
 .text.CapSense_1_CSDCalibrateWidget
                0x00001534      0x10c .\CortexM0p\ARM_GCC_541\Debug\FirstTest.a(CapSense_1_SensingCSD_LL.o)
                0x00001534                CapSense_1_CSDCalibrateWidget
 .text.CapSense_1_ISR_SetVector
                0x00001640        0xc .\CortexM0p\ARM_GCC_541\Debug\FirstTest.a(CapSense_1_ISR.o)
                0x00001640                CapSense_1_ISR_SetVector
 .text.CapSense_1_ISR_SetPriority
                0x0000164c       0x24 .\CortexM0p\ARM_GCC_541\Debug\FirstTest.a(CapSense_1_ISR.o)
                0x0000164c                CapSense_1_ISR_SetPriority
 .text.CapSense_1_ISR_Enable
                0x00001670       0x10 .\CortexM0p\ARM_GCC_541\Debug\FirstTest.a(CapSense_1_ISR.o)
                0x00001670                CapSense_1_ISR_Enable
 .text.CapSense_1_ISR_Disable
                0x00001680       0x10 .\CortexM0p\ARM_GCC_541\Debug\FirstTest.a(CapSense_1_ISR.o)
                0x00001680                CapSense_1_ISR_Disable
 .text.CapSense_1_ISR_StartEx
                0x00001690       0x1c .\CortexM0p\ARM_GCC_541\Debug\FirstTest.a(CapSense_1_ISR.o)
                0x00001690                CapSense_1_ISR_StartEx
 .text.CySysClkImoDisableWcoLock
                0x000016ac       0x14 .\CortexM0p\ARM_GCC_541\Debug\FirstTest.a(CyLib.o)
                0x000016ac                CySysClkImoDisableWcoLock
 .text.CySysClkImoGetWcoLock
                0x000016c0       0x14 .\CortexM0p\ARM_GCC_541\Debug\FirstTest.a(CyLib.o)
                0x000016c0                CySysClkImoGetWcoLock
 .text.CyIntEnable
                0x000016d4       0x14 .\CortexM0p\ARM_GCC_541\Debug\FirstTest.a(CyLib.o)
                0x000016d4                CyIntEnable
 .text.CyIntDisable
                0x000016e8       0x14 .\CortexM0p\ARM_GCC_541\Debug\FirstTest.a(CyLib.o)
                0x000016e8                CyIntDisable
 .text.CyIntClearPending
                0x000016fc       0x14 .\CortexM0p\ARM_GCC_541\Debug\FirstTest.a(CyLib.o)
                0x000016fc                CyIntClearPending
 .text.CyHalt   0x00001710        0x4 .\CortexM0p\ARM_GCC_541\Debug\FirstTest.a(CyLib.o)
                0x00001710                CyHalt
 .text.CyDelay  0x00001714       0x30 .\CortexM0p\ARM_GCC_541\Debug\FirstTest.a(CyLib.o)
                0x00001714                CyDelay
 .text.CySysClkImoEnableWcoLock
                0x00001744       0xcc .\CortexM0p\ARM_GCC_541\Debug\FirstTest.a(CyLib.o)
                0x00001744                CySysClkImoEnableWcoLock
 .text.CySysClkWriteImoFreq
                0x00001810       0xd8 .\CortexM0p\ARM_GCC_541\Debug\FirstTest.a(CyLib.o)
                0x00001810                CySysClkWriteImoFreq
 .text.CyDelayUs
                0x000018e8       0x14 .\CortexM0p\ARM_GCC_541\Debug\FirstTest.a(CyLib.o)
                0x000018e8                CyDelayUs
 .text.CySysPmSleep
                0x000018fc       0x1c .\CortexM0p\ARM_GCC_541\Debug\FirstTest.a(cyPm.o)
                0x000018fc                CySysPmSleep
 .text.CySysClkWcoEnabled
                0x00001918       0x14 .\CortexM0p\ARM_GCC_541\Debug\FirstTest.a(CyLFClk.o)
                0x00001918                CySysClkWcoEnabled
 .text.CySysWdtDisable
                0x0000192c       0x10 .\CortexM0p\ARM_GCC_541\Debug\FirstTest.a(CyLFClk.o)
                0x0000192c                CySysWdtDisable
 .text.LED1_Write
                0x0000193c       0x18 .\CortexM0p\ARM_GCC_541\Debug\FirstTest.a(LED1.o)
                0x0000193c                LED1_Write
 *fill*         0x00001954        0x4 
 .text          0x00001958       0x20 .\CortexM0p\ARM_GCC_541\Debug\FirstTest.a(CyBootAsmGnu.o)
                0x00001958                CyDelayCycles
                0x0000196a                CyEnterCriticalSection
                0x00001972                CyExitCriticalSection
 .text.CapSense_1_SsCSDPostScan
                0x00001978       0x58 .\CortexM0p\ARM_GCC_541\Debug\FirstTest.a(CapSense_1_INT.o)
 .text.CapSense_1_SsCSDInitNextScan
                0x000019d0       0xbc .\CortexM0p\ARM_GCC_541\Debug\FirstTest.a(CapSense_1_INT.o)
 .text.CapSense_1_CSDPostSingleScan
                0x00001a8c       0x2c .\CortexM0p\ARM_GCC_541\Debug\FirstTest.a(CapSense_1_INT.o)
                0x00001a8c                CapSense_1_CSDPostSingleScan
 .text.CapSense_1_CSDPostMultiScan
                0x00001ab8       0x48 .\CortexM0p\ARM_GCC_541\Debug\FirstTest.a(CapSense_1_INT.o)
                0x00001ab8                CapSense_1_CSDPostMultiScan
 .text.CySysFlashSetWaitCycles
                0x00001b00       0x54 .\CortexM0p\ARM_GCC_541\Debug\FirstTest.a(CyFlash.o)
                0x00001b00                CySysFlashSetWaitCycles
 .text          0x00001b54      0x114 c:/program files (x86)/cypress/psoc creator/4.2/psoc creator/import/gnu/arm/5.4.1/bin/../lib/gcc/arm-none-eabi/5.4.1/armv6-m\libgcc.a(_udivsi3.o)
                0x00001b54                __aeabi_uidiv
                0x00001b54                __udivsi3
                0x00001c60                __aeabi_uidivmod
 .text          0x00001c68        0x4 c:/program files (x86)/cypress/psoc creator/4.2/psoc creator/import/gnu/arm/5.4.1/bin/../lib/gcc/arm-none-eabi/5.4.1/armv6-m\libgcc.a(_dvmd_tls.o)
                0x00001c68                __aeabi_idiv0
                0x00001c68                __aeabi_ldiv0
 .text.__errno  0x00001c6c        0xc c:/program files (x86)/cypress/psoc creator/4.2/psoc creator/import/gnu/arm/5.4.1/bin/../lib/gcc/arm-none-eabi/5.4.1/../../../../arm-none-eabi/lib/armv6-m\libg_nano.a(lib_a-errno.o)
                0x00001c6c                __errno
 .text.__libc_init_array
                0x00001c78       0x4c c:/program files (x86)/cypress/psoc creator/4.2/psoc creator/import/gnu/arm/5.4.1/bin/../lib/gcc/arm-none-eabi/5.4.1/../../../../arm-none-eabi/lib/armv6-m\libg_nano.a(lib_a-init.o)
                0x00001c78                __libc_init_array
 .text.memcpy   0x00001cc4       0x12 c:/program files (x86)/cypress/psoc creator/4.2/psoc creator/import/gnu/arm/5.4.1/bin/../lib/gcc/arm-none-eabi/5.4.1/../../../../arm-none-eabi/lib/armv6-m\libg_nano.a(lib_a-memcpy-stub.o)
                0x00001cc4                memcpy
 .text.memset   0x00001cd6       0x10 c:/program files (x86)/cypress/psoc creator/4.2/psoc creator/import/gnu/arm/5.4.1/bin/../lib/gcc/arm-none-eabi/5.4.1/../../../../arm-none-eabi/lib/armv6-m\libg_nano.a(lib_a-memset.o)
                0x00001cd6                memset
 *(.plt)
 *(.gnu.warning)
 *(.glue_7t)
 .glue_7t       0x00001ce6        0x0 linker stubs
 *(.glue_7)
 .glue_7        0x00001ce6        0x0 linker stubs
 *(.vfp11_veneer)
 .vfp11_veneer  0x00001ce6        0x0 linker stubs
 *(.bootloader)
 *(.ARM.extab* .gnu.linkonce.armextab.*)
 *(.gcc_except_table)

.v4_bx          0x00001ce8        0x0
 .v4_bx         0x00001ce8        0x0 linker stubs

.iplt           0x00001ce8        0x0
 .iplt          0x00001ce8        0x0 c:/program files (x86)/cypress/psoc creator/4.2/psoc creator/import/gnu/arm/5.4.1/bin/../lib/gcc/arm-none-eabi/5.4.1/armv6-m/crtbegin.o

.eh_frame_hdr
 *(.eh_frame_hdr)

.eh_frame       0x00001ce8        0x4
 *(.eh_frame)
 .eh_frame      0x00001ce8        0x0 c:/program files (x86)/cypress/psoc creator/4.2/psoc creator/import/gnu/arm/5.4.1/bin/../lib/gcc/arm-none-eabi/5.4.1/armv6-m/crtbegin.o
 .eh_frame      0x00001ce8        0x4 c:/program files (x86)/cypress/psoc creator/4.2/psoc creator/import/gnu/arm/5.4.1/bin/../lib/gcc/arm-none-eabi/5.4.1/armv6-m/crtend.o
                [!provide]                PROVIDE (__exidx_start, .)

.ARM.exidx
 *(.ARM.exidx* .gnu.linkonce.armexidx.*)
                0x00001cec                __exidx_end = .

.rodata         0x00001cec       0xbc
 *(.rodata .rodata.* .gnu.linkonce.r.*)
 .rodata        0x00001cec       0x4c .\CortexM0p\ARM_GCC_541\Debug\FirstTest.a(CapSense_1_Structure.o)
                0x00001cec                CapSense_1_ramIdacInit
                0x00001cf0                CapSense_1_dsFlash
                0x00001d0c                CapSense_1_ramWidgetInit
                0x00001d1c                CapSense_1_ioList
 .rodata        0x00001d38       0x1c .\CortexM0p\ARM_GCC_541\Debug\FirstTest.a(CapSense_1_Tuner.o)
 .rodata        0x00001d54        0x1 .\CortexM0p\ARM_GCC_541\Debug\FirstTest.a(CapSense_1_Sensing.o)
                0x00001d54                CapSense_1_scanFreqIndex
 *fill*         0x00001d55        0x3 
 .rodata        0x00001d58       0x17 .\CortexM0p\ARM_GCC_541\Debug\FirstTest.a(CyLib.o)
                0x00001d58                cyImoFreqMhz2DpllOffset
 .rodata.str1.1
                0x00001d6f        0x2 c:/program files (x86)/cypress/psoc creator/4.2/psoc creator/import/gnu/arm/5.4.1/bin/../lib/gcc/arm-none-eabi/5.4.1/../../../../arm-none-eabi/lib/armv6-m\libg_nano.a(lib_a-impure.o)
                0x00001d74                . = ALIGN (0x4)
 *fill*         0x00001d71        0x3 
 *(.init)
 .init          0x00001d74        0x4 c:/program files (x86)/cypress/psoc creator/4.2/psoc creator/import/gnu/arm/5.4.1/bin/../lib/gcc/arm-none-eabi/5.4.1/armv6-m/crti.o
                0x00001d74                _init
 .init          0x00001d78        0x8 c:/program files (x86)/cypress/psoc creator/4.2/psoc creator/import/gnu/arm/5.4.1/bin/../lib/gcc/arm-none-eabi/5.4.1/armv6-m/crtn.o
                0x00001d80                . = ALIGN (0x4)
                0x00001d80                __preinit_array_start = .
 *(.preinit_array)
                0x00001d80                __preinit_array_end = .
                0x00001d80                . = ALIGN (0x4)
                0x00001d80                __init_array_start = .
 *(SORT(.init_array.*))
 *(.init_array)
 .init_array    0x00001d80        0x4 c:/program files (x86)/cypress/psoc creator/4.2/psoc creator/import/gnu/arm/5.4.1/bin/../lib/gcc/arm-none-eabi/5.4.1/armv6-m/crtbegin.o
 .init_array    0x00001d84        0x4 .\CortexM0p\ARM_GCC_541\Debug\Cm0plusStart.o
                0x00001d88                __init_array_end = .
                0x00001d88                . = ALIGN (0x4)
 *(.fini)
 .fini          0x00001d88        0x4 c:/program files (x86)/cypress/psoc creator/4.2/psoc creator/import/gnu/arm/5.4.1/bin/../lib/gcc/arm-none-eabi/5.4.1/armv6-m/crti.o
                0x00001d88                _fini
 .fini          0x00001d8c        0x8 c:/program files (x86)/cypress/psoc creator/4.2/psoc creator/import/gnu/arm/5.4.1/bin/../lib/gcc/arm-none-eabi/5.4.1/armv6-m/crtn.o
                0x00001d94                . = ALIGN (0x4)
                0x00001d94                __fini_array_start = .
 *(.fini_array)
 .fini_array    0x00001d94        0x4 c:/program files (x86)/cypress/psoc creator/4.2/psoc creator/import/gnu/arm/5.4.1/bin/../lib/gcc/arm-none-eabi/5.4.1/armv6-m/crtbegin.o
 *(SORT(.fini_array.*))
                0x00001d98                __fini_array_end = .
                0x00001d98                . = ALIGN (0x4)
 *crtbegin.o(.ctors)
 *(EXCLUDE_FILE(*crtend.o) .ctors)
 *(SORT(.ctors.*))
 *crtend.o(.ctors)
                0x00001d98                . = ALIGN (0x4)
 *crtbegin.o(.dtors)
 *(EXCLUDE_FILE(*crtend.o) .dtors)
 *(SORT(.dtors.*))
 *crtend.o(.dtors)
                0x00001d98                . = ALIGN (0x4)
                0x00001d98                __cy_regions = .
                0x00001d98        0x4 LONG 0x1da8 __cy_region_init_ram
                0x00001d9c        0x4 LONG 0x20000080 __cy_region_start_data
                0x00001da0        0x4 LONG 0x88 __cy_region_init_size_ram
                0x00001da4        0x4 LONG 0x88 __cy_region_zero_size_ram
                0x00001da8                __cy_regions_end = .
                0x00001da8                . = ALIGN (0x8)
                0x00001da8                _etext = .

.cy_checksum_exclude
                0x00001da8        0x0
 *(.cy_checksum_exclude)

.ramvectors     0x20000000       0x80
                0x20000000                __cy_region_start_ram = .
 *(.ramvectors)
 .ramvectors    0x20000000       0x80 .\CortexM0p\ARM_GCC_541\Debug\Cm0plusStart.o
                0x20000000                CyRamVectors

.noinit
 *(.noinit)

.data           0x20000080       0x88 load address 0x00001da8
                0x20000080                __cy_region_start_data = .
 *(.jcr)
 .jcr           0x20000080        0x0 c:/program files (x86)/cypress/psoc creator/4.2/psoc creator/import/gnu/arm/5.4.1/bin/../lib/gcc/arm-none-eabi/5.4.1/armv6-m/crtbegin.o
 .jcr           0x20000080        0x4 c:/program files (x86)/cypress/psoc creator/4.2/psoc creator/import/gnu/arm/5.4.1/bin/../lib/gcc/arm-none-eabi/5.4.1/armv6-m/crtend.o
 *(.got.plt)
 *(.got)
 *(.shdata)
 *(.data .data.* .gnu.linkonce.d.*)
 .data          0x20000084        0x7 .\CortexM0p\ARM_GCC_541\Debug\main.o
                0x20000084                header
                0x20000088                tail
 *fill*         0x2000008b        0x1 
 .data          0x2000008c        0x4 .\CortexM0p\ARM_GCC_541\Debug\FirstTest.a(CapSense_1_SensingCSD_LL.o)
                0x2000008c                CapSense_1_configCsd
 .data          0x20000090       0x14 .\CortexM0p\ARM_GCC_541\Debug\FirstTest.a(CyLib.o)
                0x20000090                CySysClkPumpConfig
                0x20000094                cydelay32kMs
                0x20000098                cydelayFreqKhz
                0x2000009c                cydelayFreqMhz
                0x200000a0                cydelayFreqHz
 .data.impure_data
                0x200000a4       0x60 c:/program files (x86)/cypress/psoc creator/4.2/psoc creator/import/gnu/arm/5.4.1/bin/../lib/gcc/arm-none-eabi/5.4.1/../../../../arm-none-eabi/lib/armv6-m\libg_nano.a(lib_a-impure.o)
 .data._impure_ptr
                0x20000104        0x4 c:/program files (x86)/cypress/psoc creator/4.2/psoc creator/import/gnu/arm/5.4.1/bin/../lib/gcc/arm-none-eabi/5.4.1/../../../../arm-none-eabi/lib/armv6-m\libg_nano.a(lib_a-impure.o)
                0x20000104                _impure_ptr
                0x20000108                . = ALIGN (0x8)
 *(.ram)
                0x20000108                _edata = .

.igot.plt       0x20000108        0x0 load address 0x00001e30
 .igot.plt      0x20000108        0x0 c:/program files (x86)/cypress/psoc creator/4.2/psoc creator/import/gnu/arm/5.4.1/bin/../lib/gcc/arm-none-eabi/5.4.1/armv6-m/crtbegin.o

.bss            0x20000108       0x88 load address 0x00001e30
                0x20000108                PROVIDE (__bss_start__, .)
 *(.shbss)
 *(.bss .bss.* .gnu.linkonce.b.*)
 .bss           0x20000108       0x1c c:/program files (x86)/cypress/psoc creator/4.2/psoc creator/import/gnu/arm/5.4.1/bin/../lib/gcc/arm-none-eabi/5.4.1/armv6-m/crtbegin.o
 .bss           0x20000124        0x4 .\CortexM0p\ARM_GCC_541\Debug\FirstTest.a(UART.o)
                0x20000124                UART_initVar
                0x20000126                UART_IntrTxMask
 .bss           0x20000128        0x1 .\CortexM0p\ARM_GCC_541\Debug\FirstTest.a(CapSense_1_Control.o)
 *fill*         0x20000129        0x3 
 .bss           0x2000012c        0xd .\CortexM0p\ARM_GCC_541\Debug\FirstTest.a(CapSense_1_Structure.o)
 *fill*         0x20000139        0x3 
 .bss           0x2000013c        0x4 .\CortexM0p\ARM_GCC_541\Debug\FirstTest.a(CapSense_1_Tuner.o)
 .bss           0x20000140        0x4 .\CortexM0p\ARM_GCC_541\Debug\FirstTest.a(CapSense_1_Sensing.o)
                0x20000140                CapSense_1_currentSenseMethod
                0x20000141                CapSense_1_requestScanAllWidget
                0x20000142                CapSense_1_sensorIndex
                0x20000143                CapSense_1_widgetIndex
 .bss           0x20000144        0x1 .\CortexM0p\ARM_GCC_541\Debug\FirstTest.a(CapSense_1_SensingCSD_LL.o)
 *(COMMON)
 *fill*         0x20000145        0x3 
 COMMON         0x20000148       0x3c .\CortexM0p\ARM_GCC_541\Debug\FirstTest.a(CapSense_1_Structure.o)
                0x20000148                CapSense_1_dsRam
 COMMON         0x20000184        0x8 .\CortexM0p\ARM_GCC_541\Debug\FirstTest.a(CapSense_1_Sensing.o)
                0x20000184                CapSense_1_curRamSnsPtr
                0x20000188                CapSense_1_curSnsIOPtr
                0x20000190                . = ALIGN (0x8)
 *fill*         0x2000018c        0x4 
 *(.ram.b)
                0x20000190                _end = .
                0x20000190                __end = .
                0x20000190                PROVIDE (end, .)
                0x20000190                PROVIDE (__bss_end__, .)
                0x00001da8                __cy_region_init_ram = LOADADDR (.data)
                0x00000088                __cy_region_init_size_ram = (_edata - ADDR (.data))
                0x00000088                __cy_region_zero_size_ram = (_end - _edata)

.heap           0x20000190       0x80 load address 0x00001e30
                0x20000190                . = _end
                0x20000210                . = (. + 0x80)
 *fill*         0x20000190       0x80 
                0x20000210                __cy_heap_limit = .

.stack          0x20000c00      0x400
                0x20000c00                __cy_stack_limit = .
                0x20001000                . = (. + 0x400)
 *fill*         0x20000c00      0x400 
                0x00000001                ASSERT ((__cy_stack_limit >= __cy_heap_limit), region RAM overflowed with stack)
                0x00000000                cy_checksum_exclude_size = (CY_APPL_LOADABLE == 0x1)?SIZEOF (.cy_checksum_exclude):0x0
                0x00000001                ASSERT ((cy_checksum_exclude_size <= CY_CHECKSUM_EXCLUDE_SIZE), CY_BOOT: Section .cy_checksum_exclude size exceedes specified limit.)
                0x00007fc0                cyloadermeta_start = (cy_project_type_bootloader || cy_project_type_app_for_stack_and_copier)?(LENGTH (rom) - CY_METADATA_SIZE):0xf0000000

.cyloadermeta
 *(.cyloadermeta)
                0x00007fc0                cyloadablemeta_start = cy_project_type_app_for_stack_and_copier?((LENGTH (rom) - CY_FLASH_ROW_SIZE) - CY_METADATA_SIZE):((LENGTH (rom) - (CY_FLASH_ROW_SIZE * (CY_APPL_NUM - 0x1))) - CY_METADATA_SIZE)

.cyloadablemeta
 *(.cyloadablemeta)

.cyflashprotect
                0x90400000       0x20
 *(.cyflashprotect)
 .cyflashprotect
                0x90400000       0x20 .\CortexM0p\ARM_GCC_541\Debug\cymetadata.o
                0x90400000                cy_meta_flashprotect

.cymeta         0x90500000        0xc
 *(.cymeta)
 .cymeta        0x90500000        0xc .\CortexM0p\ARM_GCC_541\Debug\cymetadata.o
                0x90500000                cy_metadata

.cychipprotect  0x90600000        0x1
 *(.cychipprotect)
 .cychipprotect
                0x90600000        0x1 .\CortexM0p\ARM_GCC_541\Debug\cymetadata.o
                0x90600000                cy_meta_chipprotect

.rel.dyn        0x00001e30        0x0 load address 0x90600004
 .rel.iplt      0x00001e30        0x0 c:/program files (x86)/cypress/psoc creator/4.2/psoc creator/import/gnu/arm/5.4.1/bin/../lib/gcc/arm-none-eabi/5.4.1/armv6-m/crtbegin.o

.stab
 *(.stab)

.stabstr
 *(.stabstr)

.debug
 *(.debug)

.line
 *(.line)

.debug_srcinfo
 *(.debug_srcinfo)

.debug_sfnames
 *(.debug_sfnames)

.debug_aranges  0x00000000      0x988
 *(.debug_aranges)
 .debug_aranges
                0x00000000       0x28 .\CortexM0p\ARM_GCC_541\Debug\main.o
 .debug_aranges
                0x00000028       0x38 .\CortexM0p\ARM_GCC_541\Debug\cyfitter_cfg.o
 .debug_aranges
                0x00000060       0x18 .\CortexM0p\ARM_GCC_541\Debug\cymetadata.o
 .debug_aranges
                0x00000078       0x48 .\CortexM0p\ARM_GCC_541\Debug\Cm0plusStart.o
 .debug_aranges
                0x000000c0       0x58 .\CortexM0p\ARM_GCC_541\Debug\FirstTest.a(UART.o)
 .debug_aranges
                0x00000118       0x48 .\CortexM0p\ARM_GCC_541\Debug\FirstTest.a(UART_SPI_UART.o)
 .debug_aranges
                0x00000160       0x70 .\CortexM0p\ARM_GCC_541\Debug\FirstTest.a(UART_UART.o)
 .debug_aranges
                0x000001d0       0x68 .\CortexM0p\ARM_GCC_541\Debug\FirstTest.a(CapSense_1_Control.o)
 .debug_aranges
                0x00000238       0x48 .\CortexM0p\ARM_GCC_541\Debug\FirstTest.a(CapSense_1_Processing.o)
 .debug_aranges
                0x00000280       0x50 .\CortexM0p\ARM_GCC_541\Debug\FirstTest.a(CapSense_1_Structure.o)
 .debug_aranges
                0x000002d0       0x28 .\CortexM0p\ARM_GCC_541\Debug\FirstTest.a(CapSense_1_Tuner.o)
 .debug_aranges
                0x000002f8       0xf8 .\CortexM0p\ARM_GCC_541\Debug\FirstTest.a(CapSense_1_Filter.o)
 .debug_aranges
                0x000003f0       0xc8 .\CortexM0p\ARM_GCC_541\Debug\FirstTest.a(CapSense_1_Sensing.o)
 .debug_aranges
                0x000004b8       0xd0 .\CortexM0p\ARM_GCC_541\Debug\FirstTest.a(CapSense_1_SensingCSD_LL.o)
 .debug_aranges
                0x00000588       0x80 .\CortexM0p\ARM_GCC_541\Debug\FirstTest.a(CapSense_1_ISR.o)
 .debug_aranges
                0x00000608      0x190 .\CortexM0p\ARM_GCC_541\Debug\FirstTest.a(CyLib.o)
 .debug_aranges
                0x00000798       0x30 .\CortexM0p\ARM_GCC_541\Debug\FirstTest.a(cyPm.o)
 .debug_aranges
                0x000007c8       0xd8 .\CortexM0p\ARM_GCC_541\Debug\FirstTest.a(CyLFClk.o)
 .debug_aranges
                0x000008a0       0x48 .\CortexM0p\ARM_GCC_541\Debug\FirstTest.a(LED1.o)
 .debug_aranges
                0x000008e8       0x20 .\CortexM0p\ARM_GCC_541\Debug\FirstTest.a(CyBootAsmGnu.o)
 .debug_aranges
                0x00000908       0x38 .\CortexM0p\ARM_GCC_541\Debug\FirstTest.a(CapSense_1_INT.o)
 .debug_aranges
                0x00000940       0x48 .\CortexM0p\ARM_GCC_541\Debug\FirstTest.a(CyFlash.o)

.debug_pubnames
 *(.debug_pubnames)

.debug_info     0x00000000     0x83d4
 *(.debug_info .gnu.linkonce.wi.*)
 .debug_info    0x00000000      0x502 .\CortexM0p\ARM_GCC_541\Debug\main.o
 .debug_info    0x00000502      0x169 .\CortexM0p\ARM_GCC_541\Debug\cyfitter_cfg.o
 .debug_info    0x0000066b       0xf8 .\CortexM0p\ARM_GCC_541\Debug\cymetadata.o
 .debug_info    0x00000763      0x3a5 .\CortexM0p\ARM_GCC_541\Debug\Cm0plusStart.o
 .debug_info    0x00000b08      0x23a .\CortexM0p\ARM_GCC_541\Debug\FirstTest.a(UART.o)
 .debug_info    0x00000d42      0x1bf .\CortexM0p\ARM_GCC_541\Debug\FirstTest.a(UART_SPI_UART.o)
 .debug_info    0x00000f01      0x2b7 .\CortexM0p\ARM_GCC_541\Debug\FirstTest.a(UART_UART.o)
 .debug_info    0x000011b8      0x9bf .\CortexM0p\ARM_GCC_541\Debug\FirstTest.a(CapSense_1_Control.o)
 .debug_info    0x00001b77      0x9e7 .\CortexM0p\ARM_GCC_541\Debug\FirstTest.a(CapSense_1_Processing.o)
 .debug_info    0x0000255e      0xa85 .\CortexM0p\ARM_GCC_541\Debug\FirstTest.a(CapSense_1_Structure.o)
 .debug_info    0x00002fe3      0x5b4 .\CortexM0p\ARM_GCC_541\Debug\FirstTest.a(CapSense_1_Tuner.o)
 .debug_info    0x00003597      0xff5 .\CortexM0p\ARM_GCC_541\Debug\FirstTest.a(CapSense_1_Filter.o)
 .debug_info    0x0000458c      0xd47 .\CortexM0p\ARM_GCC_541\Debug\FirstTest.a(CapSense_1_Sensing.o)
 .debug_info    0x000052d3      0xf29 .\CortexM0p\ARM_GCC_541\Debug\FirstTest.a(CapSense_1_SensingCSD_LL.o)
 .debug_info    0x000061fc      0x305 .\CortexM0p\ARM_GCC_541\Debug\FirstTest.a(CapSense_1_ISR.o)
 .debug_info    0x00006501      0xbd0 .\CortexM0p\ARM_GCC_541\Debug\FirstTest.a(CyLib.o)
 .debug_info    0x000070d1      0x180 .\CortexM0p\ARM_GCC_541\Debug\FirstTest.a(cyPm.o)
 .debug_info    0x00007251      0x444 .\CortexM0p\ARM_GCC_541\Debug\FirstTest.a(CyLFClk.o)
 .debug_info    0x00007695      0x19d .\CortexM0p\ARM_GCC_541\Debug\FirstTest.a(LED1.o)
 .debug_info    0x00007832       0x92 .\CortexM0p\ARM_GCC_541\Debug\FirstTest.a(CyBootAsmGnu.o)
 .debug_info    0x000078c4      0x6f9 .\CortexM0p\ARM_GCC_541\Debug\FirstTest.a(CapSense_1_INT.o)
 .debug_info    0x00007fbd      0x417 .\CortexM0p\ARM_GCC_541\Debug\FirstTest.a(CyFlash.o)

.debug_abbrev   0x00000000     0x1f5c
 *(.debug_abbrev)
 .debug_abbrev  0x00000000      0x138 .\CortexM0p\ARM_GCC_541\Debug\main.o
 .debug_abbrev  0x00000138       0xdb .\CortexM0p\ARM_GCC_541\Debug\cyfitter_cfg.o
 .debug_abbrev  0x00000213       0x5d .\CortexM0p\ARM_GCC_541\Debug\cymetadata.o
 .debug_abbrev  0x00000270      0x1d0 .\CortexM0p\ARM_GCC_541\Debug\Cm0plusStart.o
 .debug_abbrev  0x00000440       0xd5 .\CortexM0p\ARM_GCC_541\Debug\FirstTest.a(UART.o)
 .debug_abbrev  0x00000515       0xfd .\CortexM0p\ARM_GCC_541\Debug\FirstTest.a(UART_SPI_UART.o)
 .debug_abbrev  0x00000612      0x116 .\CortexM0p\ARM_GCC_541\Debug\FirstTest.a(UART_UART.o)
 .debug_abbrev  0x00000728      0x218 .\CortexM0p\ARM_GCC_541\Debug\FirstTest.a(CapSense_1_Control.o)
 .debug_abbrev  0x00000940      0x1c2 .\CortexM0p\ARM_GCC_541\Debug\FirstTest.a(CapSense_1_Processing.o)
 .debug_abbrev  0x00000b02      0x21d .\CortexM0p\ARM_GCC_541\Debug\FirstTest.a(CapSense_1_Structure.o)
 .debug_abbrev  0x00000d1f      0x166 .\CortexM0p\ARM_GCC_541\Debug\FirstTest.a(CapSense_1_Tuner.o)
 .debug_abbrev  0x00000e85      0x252 .\CortexM0p\ARM_GCC_541\Debug\FirstTest.a(CapSense_1_Filter.o)
 .debug_abbrev  0x000010d7      0x21d .\CortexM0p\ARM_GCC_541\Debug\FirstTest.a(CapSense_1_Sensing.o)
 .debug_abbrev  0x000012f4      0x278 .\CortexM0p\ARM_GCC_541\Debug\FirstTest.a(CapSense_1_SensingCSD_LL.o)
 .debug_abbrev  0x0000156c      0x19a .\CortexM0p\ARM_GCC_541\Debug\FirstTest.a(CapSense_1_ISR.o)
 .debug_abbrev  0x00001706      0x209 .\CortexM0p\ARM_GCC_541\Debug\FirstTest.a(CyLib.o)
 .debug_abbrev  0x0000190f       0xac .\CortexM0p\ARM_GCC_541\Debug\FirstTest.a(cyPm.o)
 .debug_abbrev  0x000019bb      0x1af .\CortexM0p\ARM_GCC_541\Debug\FirstTest.a(CyLFClk.o)
 .debug_abbrev  0x00001b6a       0xc8 .\CortexM0p\ARM_GCC_541\Debug\FirstTest.a(LED1.o)
 .debug_abbrev  0x00001c32       0x14 .\CortexM0p\ARM_GCC_541\Debug\FirstTest.a(CyBootAsmGnu.o)
 .debug_abbrev  0x00001c46      0x178 .\CortexM0p\ARM_GCC_541\Debug\FirstTest.a(CapSense_1_INT.o)
 .debug_abbrev  0x00001dbe      0x19e .\CortexM0p\ARM_GCC_541\Debug\FirstTest.a(CyFlash.o)

.debug_line     0x00000000     0x29c7
 *(.debug_line)
 .debug_line    0x00000000      0x12c .\CortexM0p\ARM_GCC_541\Debug\main.o
 .debug_line    0x0000012c       0xba .\CortexM0p\ARM_GCC_541\Debug\cyfitter_cfg.o
 .debug_line    0x000001e6      0x141 .\CortexM0p\ARM_GCC_541\Debug\cymetadata.o
 .debug_line    0x00000327      0x247 .\CortexM0p\ARM_GCC_541\Debug\Cm0plusStart.o
 .debug_line    0x0000056e      0x108 .\CortexM0p\ARM_GCC_541\Debug\FirstTest.a(UART.o)
 .debug_line    0x00000676       0xde .\CortexM0p\ARM_GCC_541\Debug\FirstTest.a(UART_SPI_UART.o)
 .debug_line    0x00000754      0x172 .\CortexM0p\ARM_GCC_541\Debug\FirstTest.a(UART_UART.o)
 .debug_line    0x000008c6      0x231 .\CortexM0p\ARM_GCC_541\Debug\FirstTest.a(CapSense_1_Control.o)
 .debug_line    0x00000af7      0x300 .\CortexM0p\ARM_GCC_541\Debug\FirstTest.a(CapSense_1_Processing.o)
 .debug_line    0x00000df7      0x1c3 .\CortexM0p\ARM_GCC_541\Debug\FirstTest.a(CapSense_1_Structure.o)
 .debug_line    0x00000fba      0x126 .\CortexM0p\ARM_GCC_541\Debug\FirstTest.a(CapSense_1_Tuner.o)
 .debug_line    0x000010e0      0x3d1 .\CortexM0p\ARM_GCC_541\Debug\FirstTest.a(CapSense_1_Filter.o)
 .debug_line    0x000014b1      0x3ae .\CortexM0p\ARM_GCC_541\Debug\FirstTest.a(CapSense_1_Sensing.o)
 .debug_line    0x0000185f      0x3e2 .\CortexM0p\ARM_GCC_541\Debug\FirstTest.a(CapSense_1_SensingCSD_LL.o)
 .debug_line    0x00001c41      0x15a .\CortexM0p\ARM_GCC_541\Debug\FirstTest.a(CapSense_1_ISR.o)
 .debug_line    0x00001d9b      0x4c9 .\CortexM0p\ARM_GCC_541\Debug\FirstTest.a(CyLib.o)
 .debug_line    0x00002264       0x9b .\CortexM0p\ARM_GCC_541\Debug\FirstTest.a(cyPm.o)
 .debug_line    0x000022ff      0x284 .\CortexM0p\ARM_GCC_541\Debug\FirstTest.a(CyLFClk.o)
 .debug_line    0x00002583       0xbc .\CortexM0p\ARM_GCC_541\Debug\FirstTest.a(LED1.o)
 .debug_line    0x0000263f       0x68 .\CortexM0p\ARM_GCC_541\Debug\FirstTest.a(CyBootAsmGnu.o)
 .debug_line    0x000026a7      0x13f .\CortexM0p\ARM_GCC_541\Debug\FirstTest.a(CapSense_1_INT.o)
 .debug_line    0x000027e6      0x1e1 .\CortexM0p\ARM_GCC_541\Debug\FirstTest.a(CyFlash.o)

.debug_frame    0x00000000     0x1900
 *(.debug_frame)
 .debug_frame   0x00000000       0x48 .\CortexM0p\ARM_GCC_541\Debug\main.o
 .debug_frame   0x00000048       0x74 .\CortexM0p\ARM_GCC_541\Debug\cyfitter_cfg.o
 .debug_frame   0x000000bc       0xbc .\CortexM0p\ARM_GCC_541\Debug\Cm0plusStart.o
 .debug_frame   0x00000178       0xd8 .\CortexM0p\ARM_GCC_541\Debug\FirstTest.a(UART.o)
 .debug_frame   0x00000250       0x80 .\CortexM0p\ARM_GCC_541\Debug\FirstTest.a(UART_SPI_UART.o)
 .debug_frame   0x000002d0       0xec .\CortexM0p\ARM_GCC_541\Debug\FirstTest.a(UART_UART.o)
 .debug_frame   0x000003bc      0x130 .\CortexM0p\ARM_GCC_541\Debug\FirstTest.a(CapSense_1_Control.o)
 .debug_frame   0x000004ec       0xe4 .\CortexM0p\ARM_GCC_541\Debug\FirstTest.a(CapSense_1_Processing.o)
 .debug_frame   0x000005d0       0xc0 .\CortexM0p\ARM_GCC_541\Debug\FirstTest.a(CapSense_1_Structure.o)
 .debug_frame   0x00000690       0x40 .\CortexM0p\ARM_GCC_541\Debug\FirstTest.a(CapSense_1_Tuner.o)
 .debug_frame   0x000006d0      0x38c .\CortexM0p\ARM_GCC_541\Debug\FirstTest.a(CapSense_1_Filter.o)
 .debug_frame   0x00000a5c      0x23c .\CortexM0p\ARM_GCC_541\Debug\FirstTest.a(CapSense_1_Sensing.o)
 .debug_frame   0x00000c98      0x2a4 .\CortexM0p\ARM_GCC_541\Debug\FirstTest.a(CapSense_1_SensingCSD_LL.o)
 .debug_frame   0x00000f3c      0x110 .\CortexM0p\ARM_GCC_541\Debug\FirstTest.a(CapSense_1_ISR.o)
 .debug_frame   0x0000104c      0x414 .\CortexM0p\ARM_GCC_541\Debug\FirstTest.a(CyLib.o)
 .debug_frame   0x00001460       0x58 .\CortexM0p\ARM_GCC_541\Debug\FirstTest.a(cyPm.o)
 .debug_frame   0x000014b8      0x1dc .\CortexM0p\ARM_GCC_541\Debug\FirstTest.a(CyLFClk.o)
 .debug_frame   0x00001694       0x70 .\CortexM0p\ARM_GCC_541\Debug\FirstTest.a(LED1.o)
 .debug_frame   0x00001704       0x78 .\CortexM0p\ARM_GCC_541\Debug\FirstTest.a(CapSense_1_INT.o)
 .debug_frame   0x0000177c       0xa8 .\CortexM0p\ARM_GCC_541\Debug\FirstTest.a(CyFlash.o)
 .debug_frame   0x00001824       0x20 c:/program files (x86)/cypress/psoc creator/4.2/psoc creator/import/gnu/arm/5.4.1/bin/../lib/gcc/arm-none-eabi/5.4.1/armv6-m\libgcc.a(_udivsi3.o)
 .debug_frame   0x00001844       0x20 c:/program files (x86)/cypress/psoc creator/4.2/psoc creator/import/gnu/arm/5.4.1/bin/../lib/gcc/arm-none-eabi/5.4.1/../../../../arm-none-eabi/lib/armv6-m\libg_nano.a(lib_a-errno.o)
 .debug_frame   0x00001864       0x28 c:/program files (x86)/cypress/psoc creator/4.2/psoc creator/import/gnu/arm/5.4.1/bin/../lib/gcc/arm-none-eabi/5.4.1/../../../../arm-none-eabi/lib/armv6-m\libg_nano.a(lib_a-exit.o)
 .debug_frame   0x0000188c       0x2c c:/program files (x86)/cypress/psoc creator/4.2/psoc creator/import/gnu/arm/5.4.1/bin/../lib/gcc/arm-none-eabi/5.4.1/../../../../arm-none-eabi/lib/armv6-m\libg_nano.a(lib_a-init.o)
 .debug_frame   0x000018b8       0x28 c:/program files (x86)/cypress/psoc creator/4.2/psoc creator/import/gnu/arm/5.4.1/bin/../lib/gcc/arm-none-eabi/5.4.1/../../../../arm-none-eabi/lib/armv6-m\libg_nano.a(lib_a-memcpy-stub.o)
 .debug_frame   0x000018e0       0x20 c:/program files (x86)/cypress/psoc creator/4.2/psoc creator/import/gnu/arm/5.4.1/bin/../lib/gcc/arm-none-eabi/5.4.1/../../../../arm-none-eabi/lib/armv6-m\libg_nano.a(lib_a-memset.o)

.debug_str      0x00000000     0x2b8a
 *(.debug_str)
 .debug_str     0x00000000      0x476 .\CortexM0p\ARM_GCC_541\Debug\main.o
                                0x4bd (size before relaxing)
 .debug_str     0x00000476       0x91 .\CortexM0p\ARM_GCC_541\Debug\cyfitter_cfg.o
                                0x21f (size before relaxing)
 .debug_str     0x00000507       0x63 .\CortexM0p\ARM_GCC_541\Debug\cymetadata.o
                                0x1ce (size before relaxing)
 .debug_str     0x0000056a      0x15b .\CortexM0p\ARM_GCC_541\Debug\Cm0plusStart.o
                                0x315 (size before relaxing)
 .debug_str     0x000006c5       0xf7 .\CortexM0p\ARM_GCC_541\Debug\FirstTest.a(UART.o)
                                0x29d (size before relaxing)
 .debug_str     0x000007bc       0xcc .\CortexM0p\ARM_GCC_541\Debug\FirstTest.a(UART_SPI_UART.o)
                                0x280 (size before relaxing)
 .debug_str     0x00000888      0x12f .\CortexM0p\ARM_GCC_541\Debug\FirstTest.a(UART_UART.o)
                                0x324 (size before relaxing)
 .debug_str     0x000009b7      0x541 .\CortexM0p\ARM_GCC_541\Debug\FirstTest.a(CapSense_1_Control.o)
                                0x957 (size before relaxing)
 .debug_str     0x00000ef8      0x164 .\CortexM0p\ARM_GCC_541\Debug\FirstTest.a(CapSense_1_Processing.o)
                                0x83e (size before relaxing)
 .debug_str     0x0000105c      0x1cd .\CortexM0p\ARM_GCC_541\Debug\FirstTest.a(CapSense_1_Structure.o)
                                0x831 (size before relaxing)
 .debug_str     0x00001229      0x171 .\CortexM0p\ARM_GCC_541\Debug\FirstTest.a(CapSense_1_Tuner.o)
                                0x644 (size before relaxing)
 .debug_str     0x0000139a      0x3b2 .\CortexM0p\ARM_GCC_541\Debug\FirstTest.a(CapSense_1_Filter.o)
                                0x91b (size before relaxing)
 .debug_str     0x0000174c      0x4b9 .\CortexM0p\ARM_GCC_541\Debug\FirstTest.a(CapSense_1_Sensing.o)
                                0xb37 (size before relaxing)
 .debug_str     0x00001c05      0x3c2 .\CortexM0p\ARM_GCC_541\Debug\FirstTest.a(CapSense_1_SensingCSD_LL.o)
                                0xb9f (size before relaxing)
 .debug_str     0x00001fc7      0x165 .\CortexM0p\ARM_GCC_541\Debug\FirstTest.a(CapSense_1_ISR.o)
                                0x36e (size before relaxing)
 .debug_str     0x0000212c      0x4cb .\CortexM0p\ARM_GCC_541\Debug\FirstTest.a(CyLib.o)
                                0x729 (size before relaxing)
 .debug_str     0x000025f7       0x5f .\CortexM0p\ARM_GCC_541\Debug\FirstTest.a(cyPm.o)
                                0x243 (size before relaxing)
 .debug_str     0x00002656      0x2d0 .\CortexM0p\ARM_GCC_541\Debug\FirstTest.a(CyLFClk.o)
                                0x4c0 (size before relaxing)
 .debug_str     0x00002926       0x99 .\CortexM0p\ARM_GCC_541\Debug\FirstTest.a(LED1.o)
                                0x235 (size before relaxing)
 .debug_str     0x000029bf       0xae .\CortexM0p\ARM_GCC_541\Debug\FirstTest.a(CapSense_1_INT.o)
                                0x6d1 (size before relaxing)
 .debug_str     0x00002a6d      0x11d .\CortexM0p\ARM_GCC_541\Debug\FirstTest.a(CyFlash.o)
                                0x328 (size before relaxing)

.debug_loc      0x00000000     0x3c22
 *(.debug_loc)
 .debug_loc     0x00000000       0x35 .\CortexM0p\ARM_GCC_541\Debug\cyfitter_cfg.o
 .debug_loc     0x00000035      0x14f .\CortexM0p\ARM_GCC_541\Debug\Cm0plusStart.o
 .debug_loc     0x00000184       0x7e .\CortexM0p\ARM_GCC_541\Debug\FirstTest.a(UART.o)
 .debug_loc     0x00000202       0x77 .\CortexM0p\ARM_GCC_541\Debug\FirstTest.a(UART_SPI_UART.o)
 .debug_loc     0x00000279      0x160 .\CortexM0p\ARM_GCC_541\Debug\FirstTest.a(UART_UART.o)
 .debug_loc     0x000003d9      0x3e9 .\CortexM0p\ARM_GCC_541\Debug\FirstTest.a(CapSense_1_Control.o)
 .debug_loc     0x000007c2      0x53e .\CortexM0p\ARM_GCC_541\Debug\FirstTest.a(CapSense_1_Processing.o)
 .debug_loc     0x00000d00      0x3ba .\CortexM0p\ARM_GCC_541\Debug\FirstTest.a(CapSense_1_Structure.o)
 .debug_loc     0x000010ba      0x176 .\CortexM0p\ARM_GCC_541\Debug\FirstTest.a(CapSense_1_Tuner.o)
 .debug_loc     0x00001230      0xf97 .\CortexM0p\ARM_GCC_541\Debug\FirstTest.a(CapSense_1_Filter.o)
 .debug_loc     0x000021c7      0x4ec .\CortexM0p\ARM_GCC_541\Debug\FirstTest.a(CapSense_1_Sensing.o)
 .debug_loc     0x000026b3      0x841 .\CortexM0p\ARM_GCC_541\Debug\FirstTest.a(CapSense_1_SensingCSD_LL.o)
 .debug_loc     0x00002ef4       0x82 .\CortexM0p\ARM_GCC_541\Debug\FirstTest.a(CapSense_1_ISR.o)
 .debug_loc     0x00002f76      0x5e3 .\CortexM0p\ARM_GCC_541\Debug\FirstTest.a(CyLib.o)
 .debug_loc     0x00003559       0x47 .\CortexM0p\ARM_GCC_541\Debug\FirstTest.a(cyPm.o)
 .debug_loc     0x000035a0      0x354 .\CortexM0p\ARM_GCC_541\Debug\FirstTest.a(CyLFClk.o)
 .debug_loc     0x000038f4       0xa2 .\CortexM0p\ARM_GCC_541\Debug\FirstTest.a(LED1.o)
 .debug_loc     0x00003996       0xcf .\CortexM0p\ARM_GCC_541\Debug\FirstTest.a(CapSense_1_INT.o)
 .debug_loc     0x00003a65      0x1bd .\CortexM0p\ARM_GCC_541\Debug\FirstTest.a(CyFlash.o)

.debug_macinfo
 *(.debug_macinfo)

.debug_ranges   0x00000000      0x810
 *(.debug_ranges)
 .debug_ranges  0x00000000       0x18 .\CortexM0p\ARM_GCC_541\Debug\main.o
 .debug_ranges  0x00000018       0x28 .\CortexM0p\ARM_GCC_541\Debug\cyfitter_cfg.o
 .debug_ranges  0x00000040       0x38 .\CortexM0p\ARM_GCC_541\Debug\Cm0plusStart.o
 .debug_ranges  0x00000078       0x48 .\CortexM0p\ARM_GCC_541\Debug\FirstTest.a(UART.o)
 .debug_ranges  0x000000c0       0x38 .\CortexM0p\ARM_GCC_541\Debug\FirstTest.a(UART_SPI_UART.o)
 .debug_ranges  0x000000f8       0x60 .\CortexM0p\ARM_GCC_541\Debug\FirstTest.a(UART_UART.o)
 .debug_ranges  0x00000158       0x58 .\CortexM0p\ARM_GCC_541\Debug\FirstTest.a(CapSense_1_Control.o)
 .debug_ranges  0x000001b0       0x38 .\CortexM0p\ARM_GCC_541\Debug\FirstTest.a(CapSense_1_Processing.o)
 .debug_ranges  0x000001e8       0x40 .\CortexM0p\ARM_GCC_541\Debug\FirstTest.a(CapSense_1_Structure.o)
 .debug_ranges  0x00000228       0x18 .\CortexM0p\ARM_GCC_541\Debug\FirstTest.a(CapSense_1_Tuner.o)
 .debug_ranges  0x00000240       0xe8 .\CortexM0p\ARM_GCC_541\Debug\FirstTest.a(CapSense_1_Filter.o)
 .debug_ranges  0x00000328       0xb8 .\CortexM0p\ARM_GCC_541\Debug\FirstTest.a(CapSense_1_Sensing.o)
 .debug_ranges  0x000003e0       0xc0 .\CortexM0p\ARM_GCC_541\Debug\FirstTest.a(CapSense_1_SensingCSD_LL.o)
 .debug_ranges  0x000004a0       0x70 .\CortexM0p\ARM_GCC_541\Debug\FirstTest.a(CapSense_1_ISR.o)
 .debug_ranges  0x00000510      0x180 .\CortexM0p\ARM_GCC_541\Debug\FirstTest.a(CyLib.o)
 .debug_ranges  0x00000690       0x20 .\CortexM0p\ARM_GCC_541\Debug\FirstTest.a(cyPm.o)
 .debug_ranges  0x000006b0       0xc8 .\CortexM0p\ARM_GCC_541\Debug\FirstTest.a(CyLFClk.o)
 .debug_ranges  0x00000778       0x38 .\CortexM0p\ARM_GCC_541\Debug\FirstTest.a(LED1.o)
 .debug_ranges  0x000007b0       0x28 .\CortexM0p\ARM_GCC_541\Debug\FirstTest.a(CapSense_1_INT.o)
 .debug_ranges  0x000007d8       0x38 .\CortexM0p\ARM_GCC_541\Debug\FirstTest.a(CyFlash.o)

.comment        0x00000000       0x6e
 .comment       0x00000000       0x6e .\CortexM0p\ARM_GCC_541\Debug\main.o
                                 0x6f (size before relaxing)
 .comment       0x0000006e       0x6f .\CortexM0p\ARM_GCC_541\Debug\cyfitter_cfg.o
 .comment       0x0000006e       0x6f .\CortexM0p\ARM_GCC_541\Debug\cymetadata.o
 .comment       0x0000006e       0x6f .\CortexM0p\ARM_GCC_541\Debug\Cm0plusStart.o
 .comment       0x0000006e       0x6f .\CortexM0p\ARM_GCC_541\Debug\FirstTest.a(UART.o)
 .comment       0x0000006e       0x6f .\CortexM0p\ARM_GCC_541\Debug\FirstTest.a(UART_SPI_UART.o)
 .comment       0x0000006e       0x6f .\CortexM0p\ARM_GCC_541\Debug\FirstTest.a(UART_UART.o)
 .comment       0x0000006e       0x6f .\CortexM0p\ARM_GCC_541\Debug\FirstTest.a(CapSense_1_Control.o)
 .comment       0x0000006e       0x6f .\CortexM0p\ARM_GCC_541\Debug\FirstTest.a(CapSense_1_Processing.o)
 .comment       0x0000006e       0x6f .\CortexM0p\ARM_GCC_541\Debug\FirstTest.a(CapSense_1_Structure.o)
 .comment       0x0000006e       0x6f .\CortexM0p\ARM_GCC_541\Debug\FirstTest.a(CapSense_1_Tuner.o)
 .comment       0x0000006e       0x6f .\CortexM0p\ARM_GCC_541\Debug\FirstTest.a(CapSense_1_Filter.o)
 .comment       0x0000006e       0x6f .\CortexM0p\ARM_GCC_541\Debug\FirstTest.a(CapSense_1_Sensing.o)
 .comment       0x0000006e       0x6f .\CortexM0p\ARM_GCC_541\Debug\FirstTest.a(CapSense_1_SensingCSD_LL.o)
 .comment       0x0000006e       0x6f .\CortexM0p\ARM_GCC_541\Debug\FirstTest.a(CapSense_1_ISR.o)
 .comment       0x0000006e       0x6f .\CortexM0p\ARM_GCC_541\Debug\FirstTest.a(CyLib.o)
 .comment       0x0000006e       0x6f .\CortexM0p\ARM_GCC_541\Debug\FirstTest.a(cyPm.o)
 .comment       0x0000006e       0x6f .\CortexM0p\ARM_GCC_541\Debug\FirstTest.a(CyLFClk.o)
 .comment       0x0000006e       0x6f .\CortexM0p\ARM_GCC_541\Debug\FirstTest.a(LED1.o)
 .comment       0x0000006e       0x6f .\CortexM0p\ARM_GCC_541\Debug\FirstTest.a(CapSense_1_INT.o)
 .comment       0x0000006e       0x6f .\CortexM0p\ARM_GCC_541\Debug\FirstTest.a(CyFlash.o)

.debug_weaknames
 *(.debug_weaknames)

.debug_funcnames
 *(.debug_funcnames)

.debug_typenames
 *(.debug_typenames)

.debug_varnames
 *(.debug_varnames)

.note.gnu.arm.ident
 *(.note.gnu.arm.ident)

.ARM.attributes
                0x00000000       0x28
 *(.ARM.attributes)
 .ARM.attributes
                0x00000000       0x1e c:/program files (x86)/cypress/psoc creator/4.2/psoc creator/import/gnu/arm/5.4.1/bin/../lib/gcc/arm-none-eabi/5.4.1/armv6-m/crti.o
 .ARM.attributes
                0x0000001e       0x2c c:/program files (x86)/cypress/psoc creator/4.2/psoc creator/import/gnu/arm/5.4.1/bin/../lib/gcc/arm-none-eabi/5.4.1/armv6-m/crtbegin.o
 .ARM.attributes
                0x0000004a       0x1b c:/program files (x86)/cypress/psoc creator/4.2/psoc creator/import/gnu/arm/5.4.1/bin/../lib/gcc/arm-none-eabi/5.4.1/../../../../arm-none-eabi/lib/armv6-m/crt0.o
 .ARM.attributes
                0x00000065       0x32 .\CortexM0p\ARM_GCC_541\Debug\main.o
 .ARM.attributes
                0x00000097       0x32 .\CortexM0p\ARM_GCC_541\Debug\cyfitter_cfg.o
 .ARM.attributes
                0x000000c9       0x32 .\CortexM0p\ARM_GCC_541\Debug\cymetadata.o
 .ARM.attributes
                0x000000fb       0x32 .\CortexM0p\ARM_GCC_541\Debug\Cm0plusStart.o
 .ARM.attributes
                0x0000012d       0x32 .\CortexM0p\ARM_GCC_541\Debug\FirstTest.a(UART.o)
 .ARM.attributes
                0x0000015f       0x32 .\CortexM0p\ARM_GCC_541\Debug\FirstTest.a(UART_SPI_UART.o)
 .ARM.attributes
                0x00000191       0x32 .\CortexM0p\ARM_GCC_541\Debug\FirstTest.a(UART_UART.o)
 .ARM.attributes
                0x000001c3       0x32 .\CortexM0p\ARM_GCC_541\Debug\FirstTest.a(CapSense_1_Control.o)
 .ARM.attributes
                0x000001f5       0x32 .\CortexM0p\ARM_GCC_541\Debug\FirstTest.a(CapSense_1_Processing.o)
 .ARM.attributes
                0x00000227       0x32 .\CortexM0p\ARM_GCC_541\Debug\FirstTest.a(CapSense_1_Structure.o)
 .ARM.attributes
                0x00000259       0x32 .\CortexM0p\ARM_GCC_541\Debug\FirstTest.a(CapSense_1_Tuner.o)
 .ARM.attributes
                0x0000028b       0x32 .\CortexM0p\ARM_GCC_541\Debug\FirstTest.a(CapSense_1_Filter.o)
 .ARM.attributes
                0x000002bd       0x32 .\CortexM0p\ARM_GCC_541\Debug\FirstTest.a(CapSense_1_Sensing.o)
 .ARM.attributes
                0x000002ef       0x32 .\CortexM0p\ARM_GCC_541\Debug\FirstTest.a(CapSense_1_SensingCSD_LL.o)
 .ARM.attributes
                0x00000321       0x32 .\CortexM0p\ARM_GCC_541\Debug\FirstTest.a(CapSense_1_ISR.o)
 .ARM.attributes
                0x00000353       0x32 .\CortexM0p\ARM_GCC_541\Debug\FirstTest.a(CyLib.o)
 .ARM.attributes
                0x00000385       0x32 .\CortexM0p\ARM_GCC_541\Debug\FirstTest.a(cyPm.o)
 .ARM.attributes
                0x000003b7       0x32 .\CortexM0p\ARM_GCC_541\Debug\FirstTest.a(CyLFClk.o)
 .ARM.attributes
                0x000003e9       0x32 .\CortexM0p\ARM_GCC_541\Debug\FirstTest.a(LED1.o)
 .ARM.attributes
                0x0000041b       0x22 .\CortexM0p\ARM_GCC_541\Debug\FirstTest.a(CyBootAsmGnu.o)
 .ARM.attributes
                0x0000043d       0x32 .\CortexM0p\ARM_GCC_541\Debug\FirstTest.a(CapSense_1_INT.o)
 .ARM.attributes
                0x0000046f       0x32 .\CortexM0p\ARM_GCC_541\Debug\FirstTest.a(CyFlash.o)
 .ARM.attributes
                0x000004a1       0x1e c:/program files (x86)/cypress/psoc creator/4.2/psoc creator/import/gnu/arm/5.4.1/bin/../lib/gcc/arm-none-eabi/5.4.1/armv6-m\libgcc.a(_udivsi3.o)
 .ARM.attributes
                0x000004bf       0x1e c:/program files (x86)/cypress/psoc creator/4.2/psoc creator/import/gnu/arm/5.4.1/bin/../lib/gcc/arm-none-eabi/5.4.1/armv6-m\libgcc.a(_dvmd_tls.o)
 .ARM.attributes
                0x000004dd       0x2c c:/program files (x86)/cypress/psoc creator/4.2/psoc creator/import/gnu/arm/5.4.1/bin/../lib/gcc/arm-none-eabi/5.4.1/../../../../arm-none-eabi/lib/armv6-m\libg_nano.a(lib_a-errno.o)
 .ARM.attributes
                0x00000509       0x2c c:/program files (x86)/cypress/psoc creator/4.2/psoc creator/import/gnu/arm/5.4.1/bin/../lib/gcc/arm-none-eabi/5.4.1/../../../../arm-none-eabi/lib/armv6-m\libg_nano.a(lib_a-exit.o)
 .ARM.attributes
                0x00000535       0x2c c:/program files (x86)/cypress/psoc creator/4.2/psoc creator/import/gnu/arm/5.4.1/bin/../lib/gcc/arm-none-eabi/5.4.1/../../../../arm-none-eabi/lib/armv6-m\libg_nano.a(lib_a-impure.o)
 .ARM.attributes
                0x00000561       0x2c c:/program files (x86)/cypress/psoc creator/4.2/psoc creator/import/gnu/arm/5.4.1/bin/../lib/gcc/arm-none-eabi/5.4.1/../../../../arm-none-eabi/lib/armv6-m\libg_nano.a(lib_a-init.o)
 .ARM.attributes
                0x0000058d       0x2c c:/program files (x86)/cypress/psoc creator/4.2/psoc creator/import/gnu/arm/5.4.1/bin/../lib/gcc/arm-none-eabi/5.4.1/../../../../arm-none-eabi/lib/armv6-m\libg_nano.a(lib_a-memcpy-stub.o)
 .ARM.attributes
                0x000005b9       0x2c c:/program files (x86)/cypress/psoc creator/4.2/psoc creator/import/gnu/arm/5.4.1/bin/../lib/gcc/arm-none-eabi/5.4.1/../../../../arm-none-eabi/lib/armv6-m\libg_nano.a(lib_a-memset.o)
 .ARM.attributes
                0x000005e5       0x2c c:/program files (x86)/cypress/psoc creator/4.2/psoc creator/import/gnu/arm/5.4.1/bin/../lib/gcc/arm-none-eabi/5.4.1/armv6-m/crtend.o
 .ARM.attributes
                0x00000611       0x1e c:/program files (x86)/cypress/psoc creator/4.2/psoc creator/import/gnu/arm/5.4.1/bin/../lib/gcc/arm-none-eabi/5.4.1/armv6-m/crtn.o

/DISCARD/
 *(.note.GNU-stack)
OUTPUT(C:\Users\michael.machate\Desktop\Cypress_Firsttests\FirstTest.cydsn\CortexM0p\ARM_GCC_541\Debug\FirstTest.elf elf32-littlearm)
