Archive member included to satisfy reference by file (symbol)

.\CortexM0p\ARM_GCC_541\Debug\FirstTestMutal.a(UART.o)
                              .\CortexM0p\ARM_GCC_541\Debug\main.o (UART_Start)
.\CortexM0p\ARM_GCC_541\Debug\FirstTestMutal.a(UART_SPI_UART.o)
                              .\CortexM0p\ARM_GCC_541\Debug\main.o (UART_SpiUartPutArray)
.\CortexM0p\ARM_GCC_541\Debug\FirstTestMutal.a(UART_UART.o)
                              .\CortexM0p\ARM_GCC_541\Debug\FirstTestMutal.a(UART.o) (UART_UartInit)
.\CortexM0p\ARM_GCC_541\Debug\FirstTestMutal.a(CapSense_1_Control.o)
                              .\CortexM0p\ARM_GCC_541\Debug\main.o (CapSense_1_Start)
.\CortexM0p\ARM_GCC_541\Debug\FirstTestMutal.a(CapSense_1_Processing.o)
                              .\CortexM0p\ARM_GCC_541\Debug\FirstTestMutal.a(CapSense_1_Control.o) (CapSense_1_DpInitialize)
.\CortexM0p\ARM_GCC_541\Debug\FirstTestMutal.a(CapSense_1_Structure.o)
                              .\CortexM0p\ARM_GCC_541\Debug\FirstTestMutal.a(CapSense_1_Control.o) (CapSense_1_DsInitialize)
.\CortexM0p\ARM_GCC_541\Debug\FirstTestMutal.a(CapSense_1_Tuner.o)
                              .\CortexM0p\ARM_GCC_541\Debug\FirstTestMutal.a(CapSense_1_Control.o) (CapSense_1_TuInitialize)
.\CortexM0p\ARM_GCC_541\Debug\FirstTestMutal.a(CapSense_1_Filter.o)
                              .\CortexM0p\ARM_GCC_541\Debug\FirstTestMutal.a(CapSense_1_Control.o) (CapSense_1_InitializeAllBaselines)
.\CortexM0p\ARM_GCC_541\Debug\FirstTestMutal.a(CapSense_1_Sensing.o)
                              .\CortexM0p\ARM_GCC_541\Debug\main.o (CapSense_1_IsBusy)
.\CortexM0p\ARM_GCC_541\Debug\FirstTestMutal.a(CapSense_1_SensingCSX_LL.o)
                              .\CortexM0p\ARM_GCC_541\Debug\FirstTestMutal.a(CapSense_1_Sensing.o) (CapSense_1_CSXInitialize)
.\CortexM0p\ARM_GCC_541\Debug\FirstTestMutal.a(CapSense_1_ISR.o)
                              .\CortexM0p\ARM_GCC_541\Debug\FirstTestMutal.a(CapSense_1_Sensing.o) (CapSense_1_ISR_StartEx)
.\CortexM0p\ARM_GCC_541\Debug\FirstTestMutal.a(CyLib.o)
                              .\CortexM0p\ARM_GCC_541\Debug\FirstTestMutal.a(CapSense_1_SensingCSX_LL.o) (CyIntEnable)
.\CortexM0p\ARM_GCC_541\Debug\FirstTestMutal.a(cyPm.o)
                              .\CortexM0p\ARM_GCC_541\Debug\main.o (CySysPmSleep)
.\CortexM0p\ARM_GCC_541\Debug\FirstTestMutal.a(CyLFClk.o)
                              .\CortexM0p\ARM_GCC_541\Debug\FirstTestMutal.a(CyLib.o) (CySysClkWcoEnabled)
.\CortexM0p\ARM_GCC_541\Debug\FirstTestMutal.a(LED1.o)
                              .\CortexM0p\ARM_GCC_541\Debug\main.o (LED1_Write)
.\CortexM0p\ARM_GCC_541\Debug\FirstTestMutal.a(LED2.o)
                              .\CortexM0p\ARM_GCC_541\Debug\main.o (LED2_Write)
.\CortexM0p\ARM_GCC_541\Debug\FirstTestMutal.a(LED4.o)
                              .\CortexM0p\ARM_GCC_541\Debug\main.o (LED4_Write)
.\CortexM0p\ARM_GCC_541\Debug\FirstTestMutal.a(LED5.o)
                              .\CortexM0p\ARM_GCC_541\Debug\main.o (LED5_Write)
.\CortexM0p\ARM_GCC_541\Debug\FirstTestMutal.a(LED3.o)
                              .\CortexM0p\ARM_GCC_541\Debug\main.o (LED3_Write)
.\CortexM0p\ARM_GCC_541\Debug\FirstTestMutal.a(LED0.o)
                              .\CortexM0p\ARM_GCC_541\Debug\main.o (LED0_Write)
.\CortexM0p\ARM_GCC_541\Debug\FirstTestMutal.a(CyBootAsmGnu.o)
                              .\CortexM0p\ARM_GCC_541\Debug\FirstTestMutal.a(CyLib.o) (CyDelayCycles)
.\CortexM0p\ARM_GCC_541\Debug\FirstTestMutal.a(CyFlash.o)
                              .\CortexM0p\ARM_GCC_541\Debug\FirstTestMutal.a(CyLib.o) (CySysFlashSetWaitCycles)
c:/program files (x86)/cypress/psoc creator/4.2/psoc creator/import/gnu/arm/5.4.1/bin/../lib/gcc/arm-none-eabi/5.4.1/armv6-m\libgcc.a(_udivsi3.o)
                              .\CortexM0p\ARM_GCC_541\Debug\FirstTestMutal.a(CapSense_1_SensingCSX_LL.o) (__aeabi_uidiv)
c:/program files (x86)/cypress/psoc creator/4.2/psoc creator/import/gnu/arm/5.4.1/bin/../lib/gcc/arm-none-eabi/5.4.1/armv6-m\libgcc.a(_dvmd_tls.o)
                              c:/program files (x86)/cypress/psoc creator/4.2/psoc creator/import/gnu/arm/5.4.1/bin/../lib/gcc/arm-none-eabi/5.4.1/armv6-m\libgcc.a(_udivsi3.o) (__aeabi_idiv0)
c:/program files (x86)/cypress/psoc creator/4.2/psoc creator/import/gnu/arm/5.4.1/bin/../lib/gcc/arm-none-eabi/5.4.1/../../../../arm-none-eabi/lib/armv6-m\libg_nano.a(lib_a-errno.o)
                              .\CortexM0p\ARM_GCC_541\Debug\Cm0plusStart.o (__errno)
c:/program files (x86)/cypress/psoc creator/4.2/psoc creator/import/gnu/arm/5.4.1/bin/../lib/gcc/arm-none-eabi/5.4.1/../../../../arm-none-eabi/lib/armv6-m\libg_nano.a(lib_a-exit.o)
                              c:/program files (x86)/cypress/psoc creator/4.2/psoc creator/import/gnu/arm/5.4.1/bin/../lib/gcc/arm-none-eabi/5.4.1/../../../../arm-none-eabi/lib/armv6-m/crt0.o (exit)
[...]
Memory Configuration

Name             Origin             Length             Attributes
rom              0x00000000         0x00008000         xr
ram              0x20000000         0x00001000         xrw
*default*        0x00000000         0xffffffff

Linker script and memory map

LOAD c:/program files (x86)/cypress/psoc creator/4.2/psoc creator/import/gnu/arm/5.4.1/bin/../lib/gcc/arm-none-eabi/5.4.1/armv6-m/crti.o
LOAD c:/program files (x86)/cypress/psoc creator/4.2/psoc creator/import/gnu/arm/5.4.1/bin/../lib/gcc/arm-none-eabi/5.4.1/armv6-m/crtbegin.o
LOAD c:/program files (x86)/cypress/psoc creator/4.2/psoc creator/import/gnu/arm/5.4.1/bin/../lib/gcc/arm-none-eabi/5.4.1/../../../../arm-none-eabi/lib/armv6-m/crt0.o
START GROUP
LOAD .\CortexM0p\ARM_GCC_541\Debug\main.o
LOAD .\CortexM0p\ARM_GCC_541\Debug\cyfitter_cfg.o
LOAD .\CortexM0p\ARM_GCC_541\Debug\cymetadata.o
LOAD .\CortexM0p\ARM_GCC_541\Debug\Cm0plusStart.o
LOAD .\CortexM0p\ARM_GCC_541\Debug\FirstTestMutal.a
LOAD ..\..\..\Documents\PSoC Creator\4.2\Downloads ( 4.2).cylib\CapSense_P4_v5_20\PSoC4\Library\Capsense_P4Library_GCCp.a
END GROUP
START GROUP
LOAD c:/program files (x86)/cypress/psoc creator/4.2/psoc creator/import/gnu/arm/5.4.1/bin/../lib/gcc/arm-none-eabi/5.4.1/armv6-m\libgcc.a
LOAD c:/program files (x86)/cypress/psoc creator/4.2/psoc creator/import/gnu/arm/5.4.1/bin/../lib/gcc/arm-none-eabi/5.4.1/../../../../arm-none-eabi/lib/armv6-m\libg_nano.a
LOAD c:/program files (x86)/cypress/psoc creator/4.2/psoc creator/import/gnu/arm/5.4.1/bin/../lib/gcc/arm-none-eabi/5.4.1/../../../../arm-none-eabi/lib/armv6-m\libc_nano.a
END GROUP
START GROUP
LOAD c:/program files (x86)/cypress/psoc creator/4.2/psoc creator/import/gnu/arm/5.4.1/bin/../lib/gcc/arm-none-eabi/5.4.1/armv6-m\libgcc.a
LOAD c:/program files (x86)/cypress/psoc creator/4.2/psoc creator/import/gnu/arm/5.4.1/bin/../lib/gcc/arm-none-eabi/5.4.1/../../../../arm-none-eabi/lib/armv6-m\libc_nano.a
END GROUP
LOAD c:/program files (x86)/cypress/psoc creator/4.2/psoc creator/import/gnu/arm/5.4.1/bin/../lib/gcc/arm-none-eabi/5.4.1/armv6-m/crtend.o
LOAD c:/program files (x86)/cypress/psoc creator/4.2/psoc creator/import/gnu/arm/5.4.1/bin/../lib/gcc/arm-none-eabi/5.4.1/armv6-m/crtn.o
START GROUP
LOAD c:/program files (x86)/cypress/psoc creator/4.2/psoc creator/import/gnu/arm/5.4.1/bin/../lib/gcc/arm-none-eabi/5.4.1/armv6-m\libgcc.a
LOAD c:/program files (x86)/cypress/psoc creator/4.2/psoc creator/import/gnu/arm/5.4.1/bin/../lib/gcc/arm-none-eabi/5.4.1/../../../../arm-none-eabi/lib/armv6-m\libc.a
LOAD c:/program files (x86)/cypress/psoc creator/4.2/psoc creator/import/gnu/arm/5.4.1/bin/../lib/gcc/arm-none-eabi/5.4.1/../../../../arm-none-eabi/lib/armv6-m\libnosys.a
END GROUP
                0x00000000                CY_APPL_ORIGIN = 0x0
                0x00000080                CY_FLASH_ROW_SIZE = 0x80
                0x00000001                CY_APPL_NUM = 0x1
                0x00000001                CY_APPL_MAX = 0x1
                0x00000040                CY_METADATA_SIZE = 0x40
                0x00000000                CY_APPL_LOADABLE = 0x0
                0x00000000                CY_CHECKSUM_EXCLUDE_SIZE = ALIGN (0x0, CY_FLASH_ROW_SIZE)
                0x00000000                CY_APP_FOR_STACK_AND_COPIER = 0x0
                [!provide]                PROVIDE (__cy_heap_start, _end)
                0x00000001                PROVIDE (__cy_region_num, ((__cy_regions_end - __cy_regions) / 0x10))
                0x20001000                PROVIDE (__cy_stack, (ORIGIN (ram) + LENGTH (ram)))
                [!provide]                PROVIDE (__cy_heap_end, (__cy_stack - 0x400))

.cybootloader   0x00000000        0x0
 *(.cybootloader)
                0x00000000                appl1_start = CY_APPL_ORIGIN?CY_APPL_ORIGIN:ALIGN (CY_FLASH_ROW_SIZE)
                0x00003f80                appl2_start = (appl1_start + ALIGN ((((LENGTH (rom) - appl1_start) - (0x2 * CY_FLASH_ROW_SIZE)) / 0x2), CY_FLASH_ROW_SIZE))
                0x00000000                appl_start = (CY_APPL_NUM == 0x1)?appl1_start:appl2_start
                0x00000001                cy_project_type_bootloader = (appl_start == 0x0)?0x1:0x0
                0x00000000                cy_project_type_app_for_stack_and_copier = (CY_APP_FOR_STACK_AND_COPIER == 0x1)?0x1:0x0

.text           0x00000000     0x1c1e
 CREATE_OBJECT_SYMBOLS
                0x00000000                PROVIDE (__cy_interrupt_vector, RomVectors)
 *(.romvectors)
 .romvectors    0x00000000       0x10 .\CortexM0p\ARM_GCC_541\Debug\Cm0plusStart.o
                0x00000000                RomVectors
                0x00000001                ASSERT ((. != __cy_interrupt_vector), No interrupt vector)
                0x00000001                ASSERT (CY_APPL_ORIGIN?(SIZEOF (.cybootloader) <= CY_APPL_ORIGIN):0x1, Wrong image location)
                0x00000010                PROVIDE (__cy_reset, Reset)
 *(.text.Reset)
 .text.Reset    0x00000010        0xc .\CortexM0p\ARM_GCC_541\Debug\Cm0plusStart.o
                0x00000010                Reset
                0x00000001                ASSERT ((. != __cy_reset), No reset code)
 *(.psocinit)
 .psocinit      0x0000001c      0x114 .\CortexM0p\ARM_GCC_541\Debug\cyfitter_cfg.o
                0x0000009c                cyfitter_cfg
                0x00000130                . = MAX (., 0x100)
 *(.text .text.* .gnu.linkonce.t.*)
 .text          0x00000130       0x60 c:/program files (x86)/cypress/psoc creator/4.2/psoc creator/import/gnu/arm/5.4.1/bin/../lib/gcc/arm-none-eabi/5.4.1/armv6-m/crtbegin.o
 .text.LED_Control
                0x00000190       0x64 .\CortexM0p\ARM_GCC_541\Debug\main.o
                0x00000190                LED_Control
 .text.main     0x000001f4       0x54 .\CortexM0p\ARM_GCC_541\Debug\main.o
                0x000001f4                main
 .text.SetAnalogRoutingPumps
                0x00000248       0x38 .\CortexM0p\ARM_GCC_541\Debug\cyfitter_cfg.o
                0x00000248                SetAnalogRoutingPumps
 .text.AnalogSetDefault
                0x00000280       0x20 .\CortexM0p\ARM_GCC_541\Debug\cyfitter_cfg.o
 .text.IntDefaultHandler
                0x000002a0       0x10 .\CortexM0p\ARM_GCC_541\Debug\Cm0plusStart.o
                0x000002a0                IntDefaultHandler
 .text.Start_c  0x000002b0       0x48 .\CortexM0p\ARM_GCC_541\Debug\Cm0plusStart.o
                0x000002b0                Start_c
 .text.initialize_psoc
                0x000002f8       0x40 .\CortexM0p\ARM_GCC_541\Debug\Cm0plusStart.o
                0x000002f8                initialize_psoc
 .text.UART_ScbModePostEnable
                0x00000338        0x8 .\CortexM0p\ARM_GCC_541\Debug\FirstTestMutal.a(UART.o)
 .text.UART_Init
                0x00000340        0x8 .\CortexM0p\ARM_GCC_541\Debug\FirstTestMutal.a(UART.o)
                0x00000340                UART_Init
 .text.UART_Enable
                0x00000348       0x18 .\CortexM0p\ARM_GCC_541\Debug\FirstTestMutal.a(UART.o)
                0x00000348                UART_Enable
 .text.UART_Start
                0x00000360       0x20 .\CortexM0p\ARM_GCC_541\Debug\FirstTestMutal.a(UART.o)
                0x00000360                UART_Start
 .text.UART_SpiUartWriteTxData
                0x00000380       0x1c .\CortexM0p\ARM_GCC_541\Debug\FirstTestMutal.a(UART_SPI_UART.o)
                0x00000380                UART_SpiUartWriteTxData
 .text.UART_SpiUartPutArray
                0x0000039c       0x18 .\CortexM0p\ARM_GCC_541\Debug\FirstTestMutal.a(UART_SPI_UART.o)
                0x0000039c                UART_SpiUartPutArray
 .text.UART_UartInit
                0x000003b4       0xa8 .\CortexM0p\ARM_GCC_541\Debug\FirstTestMutal.a(UART_UART.o)
                0x000003b4                UART_UartInit
 .text.UART_UartPostEnable
                0x0000045c       0x24 .\CortexM0p\ARM_GCC_541\Debug\FirstTestMutal.a(UART_UART.o)
                0x0000045c                UART_UartPostEnable
 .text.CapSense_1_Initialize
                0x00000480       0x28 .\CortexM0p\ARM_GCC_541\Debug\FirstTestMutal.a(CapSense_1_Control.o)
                0x00000480                CapSense_1_Initialize
 .text.CapSense_1_Start
                0x000004a8       0x34 .\CortexM0p\ARM_GCC_541\Debug\FirstTestMutal.a(CapSense_1_Control.o)
                0x000004a8                CapSense_1_Start
 .text.CapSense_1_ProcessAllWidgets
                0x000004dc       0x44 .\CortexM0p\ARM_GCC_541\Debug\FirstTestMutal.a(CapSense_1_Control.o)
                0x000004dc                CapSense_1_ProcessAllWidgets
 .text.CapSense_1_DpInitialize
                0x00000520       0x58 .\CortexM0p\ARM_GCC_541\Debug\FirstTestMutal.a(CapSense_1_Processing.o)
                0x00000520                CapSense_1_DpInitialize
 .text.CapSense_1_DpUpdateDifferences
                0x00000578       0x38 .\CortexM0p\ARM_GCC_541\Debug\FirstTestMutal.a(CapSense_1_Processing.o)
                0x00000578                CapSense_1_DpUpdateDifferences
 .text.CapSense_1_DpProcessCsxWidgetRawCounts
                0x000005b0       0x48 .\CortexM0p\ARM_GCC_541\Debug\FirstTestMutal.a(CapSense_1_Processing.o)
                0x000005b0                CapSense_1_DpProcessCsxWidgetRawCounts
 .text.CapSense_1_DpProcessButton
                0x000005f8       0x64 .\CortexM0p\ARM_GCC_541\Debug\FirstTestMutal.a(CapSense_1_Processing.o)
                0x000005f8                CapSense_1_DpProcessButton
 .text.CapSense_1_DpProcessCsxWidgetStatus
                0x0000065c       0x58 .\CortexM0p\ARM_GCC_541\Debug\FirstTestMutal.a(CapSense_1_Processing.o)
                0x0000065c                CapSense_1_DpProcessCsxWidgetStatus
 .text.CapSense_1_DsInitialize
                0x000006b4       0x80 .\CortexM0p\ARM_GCC_541\Debug\FirstTestMutal.a(CapSense_1_Structure.o)
                0x000006b4                CapSense_1_DsInitialize
 .text.CapSense_1_IsAnyWidgetActive
                0x00000734       0x20 .\CortexM0p\ARM_GCC_541\Debug\FirstTestMutal.a(CapSense_1_Structure.o)
                0x00000734                CapSense_1_IsAnyWidgetActive
 .text.CapSense_1_IsWidgetActive
                0x00000754       0x24 .\CortexM0p\ARM_GCC_541\Debug\FirstTestMutal.a(CapSense_1_Structure.o)
                0x00000754                CapSense_1_IsWidgetActive
 .text.CapSense_1_TuInitialize
                0x00000778       0x14 .\CortexM0p\ARM_GCC_541\Debug\FirstTestMutal.a(CapSense_1_Tuner.o)
                0x00000778                CapSense_1_TuInitialize
 .text.CapSense_1_RunTuner
                0x0000078c      0x120 .\CortexM0p\ARM_GCC_541\Debug\FirstTestMutal.a(CapSense_1_Tuner.o)
                0x0000078c                CapSense_1_RunTuner
 .text.CapSense_1_FtInitializeBaselineChannel
                0x000008ac       0x20 .\CortexM0p\ARM_GCC_541\Debug\FirstTestMutal.a(CapSense_1_Filter.o)
                0x000008ac                CapSense_1_FtInitializeBaselineChannel
 .text.CapSense_1_FtInitializeBaseline
                0x000008cc       0x20 .\CortexM0p\ARM_GCC_541\Debug\FirstTestMutal.a(CapSense_1_Filter.o)
                0x000008cc                CapSense_1_FtInitializeBaseline
 .text.CapSense_1_InitializeSensorBaseline
                0x000008ec       0x20 .\CortexM0p\ARM_GCC_541\Debug\FirstTestMutal.a(CapSense_1_Filter.o)
                0x000008ec                CapSense_1_InitializeSensorBaseline
 .text.CapSense_1_InitializeWidgetBaseline
                0x0000090c       0x24 .\CortexM0p\ARM_GCC_541\Debug\FirstTestMutal.a(CapSense_1_Filter.o)
                0x0000090c                CapSense_1_InitializeWidgetBaseline
 .text.CapSense_1_InitializeAllBaselines
                0x00000930       0x18 .\CortexM0p\ARM_GCC_541\Debug\FirstTestMutal.a(CapSense_1_Filter.o)
                0x00000930                CapSense_1_InitializeAllBaselines
 .text.CapSense_1_InitializeIIRInternal
                0x00000948       0x24 .\CortexM0p\ARM_GCC_541\Debug\FirstTestMutal.a(CapSense_1_Filter.o)
                0x00000948                CapSense_1_InitializeIIRInternal
 .text.CapSense_1_InitializeMedianInternal
                0x0000096c       0x28 .\CortexM0p\ARM_GCC_541\Debug\FirstTestMutal.a(CapSense_1_Filter.o)
                0x0000096c                CapSense_1_InitializeMedianInternal
 .text.CapSense_1_InitializeAverageInternal
                0x00000994       0x2c .\CortexM0p\ARM_GCC_541\Debug\FirstTestMutal.a(CapSense_1_Filter.o)
                0x00000994                CapSense_1_InitializeAverageInternal
 .text.CapSense_1_InitializeWidgetFilter
                0x000009c0       0x68 .\CortexM0p\ARM_GCC_541\Debug\FirstTestMutal.a(CapSense_1_Filter.o)
                0x000009c0                CapSense_1_InitializeWidgetFilter
 .text.CapSense_1_InitializeAllFilters
                0x00000a28       0x18 .\CortexM0p\ARM_GCC_541\Debug\FirstTestMutal.a(CapSense_1_Filter.o)
                0x00000a28                CapSense_1_InitializeAllFilters
 .text.CapSense_1_FtInitialize
                0x00000a40        0x8 .\CortexM0p\ARM_GCC_541\Debug\FirstTestMutal.a(CapSense_1_Filter.o)
                0x00000a40                CapSense_1_FtInitialize
 .text.CapSense_1_RunAverageInternal
                0x00000a48       0x44 .\CortexM0p\ARM_GCC_541\Debug\FirstTestMutal.a(CapSense_1_Filter.o)
                0x00000a48                CapSense_1_RunAverageInternal
 .text.CapSense_1_FtMedian
                0x00000a8c       0x18 .\CortexM0p\ARM_GCC_541\Debug\FirstTestMutal.a(CapSense_1_Filter.o)
                0x00000a8c                CapSense_1_FtMedian
 .text.CapSense_1_RunMedianInternal
                0x00000aa4       0x50 .\CortexM0p\ARM_GCC_541\Debug\FirstTestMutal.a(CapSense_1_Filter.o)
                0x00000aa4                CapSense_1_RunMedianInternal
 .text.CapSense_1_FtIIR1stOrder
                0x00000af4       0x14 .\CortexM0p\ARM_GCC_541\Debug\FirstTestMutal.a(CapSense_1_Filter.o)
                0x00000af4                CapSense_1_FtIIR1stOrder
 .text.CapSense_1_FtUpdateBaseline
                0x00000b08       0xa0 .\CortexM0p\ARM_GCC_541\Debug\FirstTestMutal.a(CapSense_1_Filter.o)
                0x00000b08                CapSense_1_FtUpdateBaseline
 .text.CapSense_1_RunIIRInternal
                0x00000ba8       0x44 .\CortexM0p\ARM_GCC_541\Debug\FirstTestMutal.a(CapSense_1_Filter.o)
                0x00000ba8                CapSense_1_RunIIRInternal
 .text.CapSense_1_FtRunEnabledFiltersInternal
                0x00000bec       0x24 .\CortexM0p\ARM_GCC_541\Debug\FirstTestMutal.a(CapSense_1_Filter.o)
                0x00000bec                CapSense_1_FtRunEnabledFiltersInternal
 .text.CapSense_1_SsSetWidgetTxClkSrc
                0x00000c10        0x8 .\CortexM0p\ARM_GCC_541\Debug\FirstTestMutal.a(CapSense_1_Sensing.o)
 .text.CapSense_1_SsDisableCSXMode
                0x00000c18       0x28 .\CortexM0p\ARM_GCC_541\Debug\FirstTestMutal.a(CapSense_1_Sensing.o)
 .text.CapSense_1_IsBusy
                0x00000c40       0x10 .\CortexM0p\ARM_GCC_541\Debug\FirstTestMutal.a(CapSense_1_Sensing.o)
                0x00000c40                CapSense_1_IsBusy
 .text.CapSense_1_SetupWidget
                0x00000c50       0x40 .\CortexM0p\ARM_GCC_541\Debug\FirstTestMutal.a(CapSense_1_Sensing.o)
                0x00000c50                CapSense_1_SetupWidget
 .text.CapSense_1_Scan
                0x00000c90       0x2c .\CortexM0p\ARM_GCC_541\Debug\FirstTestMutal.a(CapSense_1_Sensing.o)
                0x00000c90                CapSense_1_Scan
 .text.CapSense_1_ScanAllWidgets
                0x00000cbc       0x48 .\CortexM0p\ARM_GCC_541\Debug\FirstTestMutal.a(CapSense_1_Sensing.o)
                0x00000cbc                CapSense_1_ScanAllWidgets
 .text.CapSense_1_SsSwitchSensingMode
                0x00000d04       0x40 .\CortexM0p\ARM_GCC_541\Debug\FirstTestMutal.a(CapSense_1_Sensing.o)
                0x00000d04                CapSense_1_SsSwitchSensingMode
 .text.CapSense_1_SsSetIOsInDefaultState
                0x00000d44       0x40 .\CortexM0p\ARM_GCC_541\Debug\FirstTestMutal.a(CapSense_1_Sensing.o)
                0x00000d44                CapSense_1_SsSetIOsInDefaultState
 .text.CapSense_1_SsPostAllWidgetsScan
                0x00000d84       0x78 .\CortexM0p\ARM_GCC_541\Debug\FirstTestMutal.a(CapSense_1_Sensing.o)
                0x00000d84                CapSense_1_SsPostAllWidgetsScan
 .text.CapSense_1_SsIsrInitialize
                0x00000dfc        0x8 .\CortexM0p\ARM_GCC_541\Debug\FirstTestMutal.a(CapSense_1_Sensing.o)
                0x00000dfc                CapSense_1_SsIsrInitialize
 .text.CapSense_1_SsSetModClkClockDivider
                0x00000e04       0x30 .\CortexM0p\ARM_GCC_541\Debug\FirstTestMutal.a(CapSense_1_Sensing.o)
                0x00000e04                CapSense_1_SsSetModClkClockDivider
 .text.CapSense_1_SsSetSnsClockDivider
                0x00000e34       0x14 .\CortexM0p\ARM_GCC_541\Debug\FirstTestMutal.a(CapSense_1_Sensing.o)
                0x00000e34                CapSense_1_SsSetSnsClockDivider
 .text.CapSense_1_CalibrateWidget
                0x00000e48       0x1c .\CortexM0p\ARM_GCC_541\Debug\FirstTestMutal.a(CapSense_1_Sensing.o)
                0x00000e48                CapSense_1_CalibrateWidget
 .text.CapSense_1_CalibrateAllWidgets
                0x00000e64       0x1c .\CortexM0p\ARM_GCC_541\Debug\FirstTestMutal.a(CapSense_1_Sensing.o)
                0x00000e64                CapSense_1_CalibrateAllWidgets
 .text.CapSense_1_SsChangeImoFreq
                0x00000e80       0x14 .\CortexM0p\ARM_GCC_541\Debug\FirstTestMutal.a(CapSense_1_Sensing.o)
                0x00000e80                CapSense_1_SsChangeImoFreq
 .text.CapSense_1_SsInitializeSourceSenseClk
                0x00000e94       0x20 .\CortexM0p\ARM_GCC_541\Debug\FirstTestMutal.a(CapSense_1_Sensing.o)
                0x00000e94                CapSense_1_SsInitializeSourceSenseClk
 .text.CapSense_1_SsInitialize
                0x00000eb4       0x54 .\CortexM0p\ARM_GCC_541\Debug\FirstTestMutal.a(CapSense_1_Sensing.o)
                0x00000eb4                CapSense_1_SsInitialize
 .text.CapSense_1_BistDischargeExtCapacitors
                0x00000f08       0x68 .\CortexM0p\ARM_GCC_541\Debug\FirstTestMutal.a(CapSense_1_Sensing.o)
                0x00000f08                CapSense_1_BistDischargeExtCapacitors
 .text.CapSense_1_SsCalcCsxScanPeriod
                0x00000f70       0x14 .\CortexM0p\ARM_GCC_541\Debug\FirstTestMutal.a(CapSense_1_SensingCSX_LL.o)
 .text.CapSense_1_SsCSXStartSample
                0x00000f84      0x13c .\CortexM0p\ARM_GCC_541\Debug\FirstTestMutal.a(CapSense_1_SensingCSX_LL.o)
 .text.CapSense_1_CSXScanISR
                0x000010c0       0x90 .\CortexM0p\ARM_GCC_541\Debug\FirstTestMutal.a(CapSense_1_SensingCSX_LL.o)
                0x000010c0                CapSense_1_CSXScanISR
 .text.CapSense_1_CSXInitialize
                0x00001150      0x1e0 .\CortexM0p\ARM_GCC_541\Debug\FirstTestMutal.a(CapSense_1_SensingCSX_LL.o)
                0x00001150                CapSense_1_CSXInitialize
 .text.CapSense_1_CSXCalibrateWidget
                0x00001330       0xec .\CortexM0p\ARM_GCC_541\Debug\FirstTestMutal.a(CapSense_1_SensingCSX_LL.o)
                0x00001330                CapSense_1_CSXCalibrateWidget
 .text.CapSense_1_CSXConnectTx
                0x0000141c       0x20 .\CortexM0p\ARM_GCC_541\Debug\FirstTestMutal.a(CapSense_1_SensingCSX_LL.o)
                0x0000141c                CapSense_1_CSXConnectTx
 .text.CapSense_1_CSXConnectRx
                0x0000143c       0x20 .\CortexM0p\ARM_GCC_541\Debug\FirstTestMutal.a(CapSense_1_SensingCSX_LL.o)
                0x0000143c                CapSense_1_CSXConnectRx
 .text.CapSense_1_CSXScan
                0x0000145c       0x74 .\CortexM0p\ARM_GCC_541\Debug\FirstTestMutal.a(CapSense_1_SensingCSX_LL.o)
                0x0000145c                CapSense_1_CSXScan
 .text.CapSense_1_CSXDisconnectTx
                0x000014d0        0xc .\CortexM0p\ARM_GCC_541\Debug\FirstTestMutal.a(CapSense_1_SensingCSX_LL.o)
                0x000014d0                CapSense_1_CSXDisconnectTx
 .text.CapSense_1_CSXDisconnectRx
                0x000014dc       0x30 .\CortexM0p\ARM_GCC_541\Debug\FirstTestMutal.a(CapSense_1_SensingCSX_LL.o)
                0x000014dc                CapSense_1_CSXDisconnectRx
 .text.CapSense_1_SsCSXPostMultiScan
                0x0000150c      0x100 .\CortexM0p\ARM_GCC_541\Debug\FirstTestMutal.a(CapSense_1_SensingCSX_LL.o)
 .text.CapSense_1_CSXElectrodeCheck
                0x0000160c       0x24 .\CortexM0p\ARM_GCC_541\Debug\FirstTestMutal.a(CapSense_1_SensingCSX_LL.o)
                0x0000160c                CapSense_1_CSXElectrodeCheck
 .text.CapSense_1_CSXSetupWidget
                0x00001630       0x6c .\CortexM0p\ARM_GCC_541\Debug\FirstTestMutal.a(CapSense_1_SensingCSX_LL.o)
                0x00001630                CapSense_1_CSXSetupWidget
 .text.CapSense_1_ISR_SetVector
                0x0000169c        0xc .\CortexM0p\ARM_GCC_541\Debug\FirstTestMutal.a(CapSense_1_ISR.o)
                0x0000169c                CapSense_1_ISR_SetVector
 .text.CapSense_1_ISR_SetPriority
                0x000016a8       0x24 .\CortexM0p\ARM_GCC_541\Debug\FirstTestMutal.a(CapSense_1_ISR.o)
                0x000016a8                CapSense_1_ISR_SetPriority
 .text.CapSense_1_ISR_Enable
                0x000016cc       0x10 .\CortexM0p\ARM_GCC_541\Debug\FirstTestMutal.a(CapSense_1_ISR.o)
                0x000016cc                CapSense_1_ISR_Enable
 .text.CapSense_1_ISR_Disable
                0x000016dc       0x10 .\CortexM0p\ARM_GCC_541\Debug\FirstTestMutal.a(CapSense_1_ISR.o)
                0x000016dc                CapSense_1_ISR_Disable
 .text.CapSense_1_ISR_StartEx
                0x000016ec       0x1c .\CortexM0p\ARM_GCC_541\Debug\FirstTestMutal.a(CapSense_1_ISR.o)
                0x000016ec                CapSense_1_ISR_StartEx
 .text.CySysClkImoDisableWcoLock
                0x00001708       0x14 .\CortexM0p\ARM_GCC_541\Debug\FirstTestMutal.a(CyLib.o)
                0x00001708                CySysClkImoDisableWcoLock
 .text.CySysClkImoGetWcoLock
                0x0000171c       0x14 .\CortexM0p\ARM_GCC_541\Debug\FirstTestMutal.a(CyLib.o)
                0x0000171c                CySysClkImoGetWcoLock
 .text.CyIntEnable
                0x00001730       0x14 .\CortexM0p\ARM_GCC_541\Debug\FirstTestMutal.a(CyLib.o)
                0x00001730                CyIntEnable
 .text.CyIntDisable
                0x00001744       0x14 .\CortexM0p\ARM_GCC_541\Debug\FirstTestMutal.a(CyLib.o)
                0x00001744                CyIntDisable
 .text.CyHalt   0x00001758        0x4 .\CortexM0p\ARM_GCC_541\Debug\FirstTestMutal.a(CyLib.o)
                0x00001758                CyHalt
 .text.CyDelay  0x0000175c       0x30 .\CortexM0p\ARM_GCC_541\Debug\FirstTestMutal.a(CyLib.o)
                0x0000175c                CyDelay
 .text.CySysClkImoEnableWcoLock
                0x0000178c       0xcc .\CortexM0p\ARM_GCC_541\Debug\FirstTestMutal.a(CyLib.o)
                0x0000178c                CySysClkImoEnableWcoLock
 .text.CySysClkWriteImoFreq
                0x00001858       0xd8 .\CortexM0p\ARM_GCC_541\Debug\FirstTestMutal.a(CyLib.o)
                0x00001858                CySysClkWriteImoFreq
 .text.CyDelayUs
                0x00001930       0x14 .\CortexM0p\ARM_GCC_541\Debug\FirstTestMutal.a(CyLib.o)
                0x00001930                CyDelayUs
 .text.CySysPmSleep
                0x00001944       0x1c .\CortexM0p\ARM_GCC_541\Debug\FirstTestMutal.a(cyPm.o)
                0x00001944                CySysPmSleep
 .text.CySysClkWcoEnabled
                0x00001960       0x14 .\CortexM0p\ARM_GCC_541\Debug\FirstTestMutal.a(CyLFClk.o)
                0x00001960                CySysClkWcoEnabled
 .text.CySysWdtDisable
                0x00001974       0x10 .\CortexM0p\ARM_GCC_541\Debug\FirstTestMutal.a(CyLFClk.o)
                0x00001974                CySysWdtDisable
 .text.LED1_Write
                0x00001984       0x18 .\CortexM0p\ARM_GCC_541\Debug\FirstTestMutal.a(LED1.o)
                0x00001984                LED1_Write
 .text.LED2_Write
                0x0000199c       0x18 .\CortexM0p\ARM_GCC_541\Debug\FirstTestMutal.a(LED2.o)
                0x0000199c                LED2_Write
 .text.LED4_Write
                0x000019b4       0x18 .\CortexM0p\ARM_GCC_541\Debug\FirstTestMutal.a(LED4.o)
                0x000019b4                LED4_Write
 .text.LED5_Write
                0x000019cc       0x18 .\CortexM0p\ARM_GCC_541\Debug\FirstTestMutal.a(LED5.o)
                0x000019cc                LED5_Write
 .text.LED3_Write
                0x000019e4       0x18 .\CortexM0p\ARM_GCC_541\Debug\FirstTestMutal.a(LED3.o)
                0x000019e4                LED3_Write
 .text.LED0_Write
                0x000019fc       0x18 .\CortexM0p\ARM_GCC_541\Debug\FirstTestMutal.a(LED0.o)
                0x000019fc                LED0_Write
 *fill*         0x00001a14        0x4 
 .text          0x00001a18       0x20 .\CortexM0p\ARM_GCC_541\Debug\FirstTestMutal.a(CyBootAsmGnu.o)
                0x00001a18                CyDelayCycles
                0x00001a2a                CyEnterCriticalSection
                0x00001a32                CyExitCriticalSection
 .text.CySysFlashSetWaitCycles
                0x00001a38       0x54 .\CortexM0p\ARM_GCC_541\Debug\FirstTestMutal.a(CyFlash.o)
                0x00001a38                CySysFlashSetWaitCycles
 .text          0x00001a8c      0x114 c:/program files (x86)/cypress/psoc creator/4.2/psoc creator/import/gnu/arm/5.4.1/bin/../lib/gcc/arm-none-eabi/5.4.1/armv6-m\libgcc.a(_udivsi3.o)
                0x00001a8c                __aeabi_uidiv
                0x00001a8c                __udivsi3
                0x00001b98                __aeabi_uidivmod
 .text          0x00001ba0        0x4 c:/program files (x86)/cypress/psoc creator/4.2/psoc creator/import/gnu/arm/5.4.1/bin/../lib/gcc/arm-none-eabi/5.4.1/armv6-m\libgcc.a(_dvmd_tls.o)
                0x00001ba0                __aeabi_idiv0
                0x00001ba0                __aeabi_ldiv0
 .text.__errno  0x00001ba4        0xc c:/program files (x86)/cypress/psoc creator/4.2/psoc creator/import/gnu/arm/5.4.1/bin/../lib/gcc/arm-none-eabi/5.4.1/../../../../arm-none-eabi/lib/armv6-m\libg_nano.a(lib_a-errno.o)
                0x00001ba4                __errno
 .text.__libc_init_array
                0x00001bb0       0x4c c:/program files (x86)/cypress/psoc creator/4.2/psoc creator/import/gnu/arm/5.4.1/bin/../lib/gcc/arm-none-eabi/5.4.1/../../../../arm-none-eabi/lib/armv6-m\libg_nano.a(lib_a-init.o)
                0x00001bb0                __libc_init_array
 .text.memcpy   0x00001bfc       0x12 c:/program files (x86)/cypress/psoc creator/4.2/psoc creator/import/gnu/arm/5.4.1/bin/../lib/gcc/arm-none-eabi/5.4.1/../../../../arm-none-eabi/lib/armv6-m\libg_nano.a(lib_a-memcpy-stub.o)
                0x00001bfc                memcpy
 .text.memset   0x00001c0e       0x10 c:/program files (x86)/cypress/psoc creator/4.2/psoc creator/import/gnu/arm/5.4.1/bin/../lib/gcc/arm-none-eabi/5.4.1/../../../../arm-none-eabi/lib/armv6-m\libg_nano.a(lib_a-memset.o)
                0x00001c0e                memset
 *(.plt)
 *(.gnu.warning)
 *(.glue_7t)
 .glue_7t       0x00001c1e        0x0 linker stubs
 *(.glue_7)
 .glue_7        0x00001c1e        0x0 linker stubs
 *(.vfp11_veneer)
 .vfp11_veneer  0x00001c1e        0x0 linker stubs
 *(.bootloader)
 *(.ARM.extab* .gnu.linkonce.armextab.*)
 *(.gcc_except_table)

.v4_bx          0x00001c20        0x0
 .v4_bx         0x00001c20        0x0 linker stubs

.iplt           0x00001c20        0x0
 .iplt          0x00001c20        0x0 c:/program files (x86)/cypress/psoc creator/4.2/psoc creator/import/gnu/arm/5.4.1/bin/../lib/gcc/arm-none-eabi/5.4.1/armv6-m/crtbegin.o

.eh_frame_hdr
 *(.eh_frame_hdr)

.eh_frame       0x00001c20        0x4
 *(.eh_frame)
 .eh_frame      0x00001c20        0x0 c:/program files (x86)/cypress/psoc creator/4.2/psoc creator/import/gnu/arm/5.4.1/bin/../lib/gcc/arm-none-eabi/5.4.1/armv6-m/crtbegin.o
 .eh_frame      0x00001c20        0x4 c:/program files (x86)/cypress/psoc creator/4.2/psoc creator/import/gnu/arm/5.4.1/bin/../lib/gcc/arm-none-eabi/5.4.1/armv6-m/crtend.o
                [!provide]                PROVIDE (__exidx_start, .)

.ARM.exidx
 *(.ARM.exidx* .gnu.linkonce.armexidx.*)
                0x00001c24                __exidx_end = .

.rodata         0x00001c24      0x2cc
 *(.rodata .rodata.* .gnu.linkonce.r.*)
 .rodata        0x00001c24      0x260 .\CortexM0p\ARM_GCC_541\Debug\FirstTestMutal.a(CapSense_1_Structure.o)
                0x00001c24                CapSense_1_ramIdacInit
                0x00001c38                CapSense_1_dsFlash
                0x00001cf8                CapSense_1_ramWidgetInit
                0x00001d34                CapSense_1_ioList
 .rodata        0x00001e84       0x1c .\CortexM0p\ARM_GCC_541\Debug\FirstTestMutal.a(CapSense_1_Tuner.o)
 .rodata        0x00001ea0       0x17 .\CortexM0p\ARM_GCC_541\Debug\FirstTestMutal.a(CyLib.o)
                0x00001ea0                cyImoFreqMhz2DpllOffset
 .rodata.str1.1
                0x00001eb7        0x2 c:/program files (x86)/cypress/psoc creator/4.2/psoc creator/import/gnu/arm/5.4.1/bin/../lib/gcc/arm-none-eabi/5.4.1/../../../../arm-none-eabi/lib/armv6-m\libg_nano.a(lib_a-impure.o)
                0x00001ebc                . = ALIGN (0x4)
 *fill*         0x00001eb9        0x3 
 *(.init)
 .init          0x00001ebc        0x4 c:/program files (x86)/cypress/psoc creator/4.2/psoc creator/import/gnu/arm/5.4.1/bin/../lib/gcc/arm-none-eabi/5.4.1/armv6-m/crti.o
                0x00001ebc                _init
 .init          0x00001ec0        0x8 c:/program files (x86)/cypress/psoc creator/4.2/psoc creator/import/gnu/arm/5.4.1/bin/../lib/gcc/arm-none-eabi/5.4.1/armv6-m/crtn.o
                0x00001ec8                . = ALIGN (0x4)
                0x00001ec8                __preinit_array_start = .
 *(.preinit_array)
                0x00001ec8                __preinit_array_end = .
                0x00001ec8                . = ALIGN (0x4)
                0x00001ec8                __init_array_start = .
 *(SORT(.init_array.*))
 *(.init_array)
 .init_array    0x00001ec8        0x4 c:/program files (x86)/cypress/psoc creator/4.2/psoc creator/import/gnu/arm/5.4.1/bin/../lib/gcc/arm-none-eabi/5.4.1/armv6-m/crtbegin.o
 .init_array    0x00001ecc        0x4 .\CortexM0p\ARM_GCC_541\Debug\Cm0plusStart.o
                0x00001ed0                __init_array_end = .
                0x00001ed0                . = ALIGN (0x4)
 *(.fini)
 .fini          0x00001ed0        0x4 c:/program files (x86)/cypress/psoc creator/4.2/psoc creator/import/gnu/arm/5.4.1/bin/../lib/gcc/arm-none-eabi/5.4.1/armv6-m/crti.o
                0x00001ed0                _fini
 .fini          0x00001ed4        0x8 c:/program files (x86)/cypress/psoc creator/4.2/psoc creator/import/gnu/arm/5.4.1/bin/../lib/gcc/arm-none-eabi/5.4.1/armv6-m/crtn.o
                0x00001edc                . = ALIGN (0x4)
                0x00001edc                __fini_array_start = .
 *(.fini_array)
 .fini_array    0x00001edc        0x4 c:/program files (x86)/cypress/psoc creator/4.2/psoc creator/import/gnu/arm/5.4.1/bin/../lib/gcc/arm-none-eabi/5.4.1/armv6-m/crtbegin.o
 *(SORT(.fini_array.*))
                0x00001ee0                __fini_array_end = .
                0x00001ee0                . = ALIGN (0x4)
 *crtbegin.o(.ctors)
 *(EXCLUDE_FILE(*crtend.o) .ctors)
 *(SORT(.ctors.*))
 *crtend.o(.ctors)
                0x00001ee0                . = ALIGN (0x4)
 *crtbegin.o(.dtors)
 *(EXCLUDE_FILE(*crtend.o) .dtors)
 *(SORT(.dtors.*))
 *crtend.o(.dtors)
                0x00001ee0                . = ALIGN (0x4)
                0x00001ee0                __cy_regions = .
                0x00001ee0        0x4 LONG 0x1ef0 __cy_region_init_ram
                0x00001ee4        0x4 LONG 0x20000080 __cy_region_start_data
                0x00001ee8        0x4 LONG 0x88 __cy_region_init_size_ram
                0x00001eec        0x4 LONG 0x240 __cy_region_zero_size_ram
                0x00001ef0                __cy_regions_end = .
                0x00001ef0                . = ALIGN (0x8)
                0x00001ef0                _etext = .

.cy_checksum_exclude
                0x00001ef0        0x0
 *(.cy_checksum_exclude)

.ramvectors     0x20000000       0x80
                0x20000000                __cy_region_start_ram = .
 *(.ramvectors)
 .ramvectors    0x20000000       0x80 .\CortexM0p\ARM_GCC_541\Debug\Cm0plusStart.o
                0x20000000                CyRamVectors

.noinit
 *(.noinit)

.data           0x20000080       0x88 load address 0x00001ef0
                0x20000080                __cy_region_start_data = .
 *(.jcr)
 .jcr           0x20000080        0x0 c:/program files (x86)/cypress/psoc creator/4.2/psoc creator/import/gnu/arm/5.4.1/bin/../lib/gcc/arm-none-eabi/5.4.1/armv6-m/crtbegin.o
 .jcr           0x20000080        0x4 c:/program files (x86)/cypress/psoc creator/4.2/psoc creator/import/gnu/arm/5.4.1/bin/../lib/gcc/arm-none-eabi/5.4.1/armv6-m/crtend.o
 *(.got.plt)
 *(.got)
 *(.shdata)
 *(.data .data.* .gnu.linkonce.d.*)
 .data          0x20000084        0x7 .\CortexM0p\ARM_GCC_541\Debug\main.o
                0x20000084                header
                0x20000088                tail
 *fill*         0x2000008b        0x1 
 .data          0x2000008c        0x4 .\CortexM0p\ARM_GCC_541\Debug\FirstTestMutal.a(CapSense_1_SensingCSX_LL.o)
                0x2000008c                CapSense_1_CSXPostScanApiPtr
 .data          0x20000090       0x14 .\CortexM0p\ARM_GCC_541\Debug\FirstTestMutal.a(CyLib.o)
                0x20000090                CySysClkPumpConfig
                0x20000094                cydelay32kMs
                0x20000098                cydelayFreqKhz
                0x2000009c                cydelayFreqMhz
                0x200000a0                cydelayFreqHz
 .data.impure_data
                0x200000a4       0x60 c:/program files (x86)/cypress/psoc creator/4.2/psoc creator/import/gnu/arm/5.4.1/bin/../lib/gcc/arm-none-eabi/5.4.1/../../../../arm-none-eabi/lib/armv6-m\libg_nano.a(lib_a-impure.o)
 .data._impure_ptr
                0x20000104        0x4 c:/program files (x86)/cypress/psoc creator/4.2/psoc creator/import/gnu/arm/5.4.1/bin/../lib/gcc/arm-none-eabi/5.4.1/../../../../arm-none-eabi/lib/armv6-m\libg_nano.a(lib_a-impure.o)
                0x20000104                _impure_ptr
                0x20000108                . = ALIGN (0x8)
 *(.ram)
                0x20000108                _edata = .

.igot.plt       0x20000108        0x0 load address 0x00001f78
 .igot.plt      0x20000108        0x0 c:/program files (x86)/cypress/psoc creator/4.2/psoc creator/import/gnu/arm/5.4.1/bin/../lib/gcc/arm-none-eabi/5.4.1/armv6-m/crtbegin.o

.bss            0x20000108      0x240 load address 0x00001f78
                0x20000108                PROVIDE (__bss_start__, .)
 *(.shbss)
 *(.bss .bss.* .gnu.linkonce.b.*)
 .bss           0x20000108       0x1c c:/program files (x86)/cypress/psoc creator/4.2/psoc creator/import/gnu/arm/5.4.1/bin/../lib/gcc/arm-none-eabi/5.4.1/armv6-m/crtbegin.o
 .bss           0x20000124        0x4 .\CortexM0p\ARM_GCC_541\Debug\FirstTestMutal.a(UART.o)
                0x20000124                UART_initVar
                0x20000126                UART_IntrTxMask
 .bss           0x20000128        0x1 .\CortexM0p\ARM_GCC_541\Debug\FirstTestMutal.a(CapSense_1_Control.o)
 *fill*         0x20000129        0x3 
 .bss           0x2000012c       0xed .\CortexM0p\ARM_GCC_541\Debug\FirstTestMutal.a(CapSense_1_Structure.o)
 *fill*         0x20000219        0x3 
 .bss           0x2000021c        0x4 .\CortexM0p\ARM_GCC_541\Debug\FirstTestMutal.a(CapSense_1_Tuner.o)
 .bss           0x20000220        0xe .\CortexM0p\ARM_GCC_541\Debug\FirstTestMutal.a(CapSense_1_Sensing.o)
                0x20000220                CapSense_1_currentSenseMethod
                0x20000221                CapSense_1_requestScanAllWidget
                0x20000222                CapSense_1_widgetIndex
                0x20000224                CapSense_1_immunity
                0x20000228                CapSense_1_curFlashWdgtPtr
                0x2000022c                CapSense_1_sensorIndex
                0x2000022d                CapSense_1_scanFreqIndex
 *fill*         0x2000022e        0x2 
 .bss           0x20000230       0x12 .\CortexM0p\ARM_GCC_541\Debug\FirstTestMutal.a(CapSense_1_SensingCSX_LL.o)
                0x20000230                CapSense_1_csxRawCount
                0x20000232                CapSense_1_csxScanPeriod
 *(COMMON)
 *fill*         0x20000242        0x2 
 COMMON         0x20000244       0xfc .\CortexM0p\ARM_GCC_541\Debug\FirstTestMutal.a(CapSense_1_Structure.o)
                0x20000244                CapSense_1_dsRam
 COMMON         0x20000340        0x8 .\CortexM0p\ARM_GCC_541\Debug\FirstTestMutal.a(CapSense_1_Sensing.o)
                0x20000340                CapSense_1_curRamSnsPtr
                0x20000344                CapSense_1_curSnsIOPtr
                0x20000348                . = ALIGN (0x8)
 *(.ram.b)
                0x20000348                _end = .
                0x20000348                __end = .
                0x20000348                PROVIDE (end, .)
                0x20000348                PROVIDE (__bss_end__, .)
                0x00001ef0                __cy_region_init_ram = LOADADDR (.data)
                0x00000088                __cy_region_init_size_ram = (_edata - ADDR (.data))
                0x00000240                __cy_region_zero_size_ram = (_end - _edata)

.heap           0x20000348       0x80 load address 0x00001f78
                0x20000348                . = _end
                0x200003c8                . = (. + 0x80)
 *fill*         0x20000348       0x80 
                0x200003c8                __cy_heap_limit = .

.stack          0x20000c00      0x400
                0x20000c00                __cy_stack_limit = .
                0x20001000                . = (. + 0x400)
 *fill*         0x20000c00      0x400 
                0x00000001                ASSERT ((__cy_stack_limit >= __cy_heap_limit), region RAM overflowed with stack)
                0x00000000                cy_checksum_exclude_size = (CY_APPL_LOADABLE == 0x1)?SIZEOF (.cy_checksum_exclude):0x0
                0x00000001                ASSERT ((cy_checksum_exclude_size <= CY_CHECKSUM_EXCLUDE_SIZE), CY_BOOT: Section .cy_checksum_exclude size exceedes specified limit.)
                0x00007fc0                cyloadermeta_start = (cy_project_type_bootloader || cy_project_type_app_for_stack_and_copier)?(LENGTH (rom) - CY_METADATA_SIZE):0xf0000000

.cyloadermeta
 *(.cyloadermeta)
                0x00007fc0                cyloadablemeta_start = cy_project_type_app_for_stack_and_copier?((LENGTH (rom) - CY_FLASH_ROW_SIZE) - CY_METADATA_SIZE):((LENGTH (rom) - (CY_FLASH_ROW_SIZE * (CY_APPL_NUM - 0x1))) - CY_METADATA_SIZE)

.cyloadablemeta
 *(.cyloadablemeta)

.cyflashprotect
                0x90400000       0x20
 *(.cyflashprotect)
 .cyflashprotect
                0x90400000       0x20 .\CortexM0p\ARM_GCC_541\Debug\cymetadata.o
                0x90400000                cy_meta_flashprotect

.cymeta         0x90500000        0xc
 *(.cymeta)
 .cymeta        0x90500000        0xc .\CortexM0p\ARM_GCC_541\Debug\cymetadata.o
                0x90500000                cy_metadata

.cychipprotect  0x90600000        0x1
 *(.cychipprotect)
 .cychipprotect
                0x90600000        0x1 .\CortexM0p\ARM_GCC_541\Debug\cymetadata.o
                0x90600000                cy_meta_chipprotect

.rel.dyn        0x00001f78        0x0 load address 0x90600004
 .rel.iplt      0x00001f78        0x0 c:/program files (x86)/cypress/psoc creator/4.2/psoc creator/import/gnu/arm/5.4.1/bin/../lib/gcc/arm-none-eabi/5.4.1/armv6-m/crtbegin.o

.stab
 *(.stab)

.stabstr
 *(.stabstr)

.debug
 *(.debug)

.line
 *(.line)

.debug_srcinfo
 *(.debug_srcinfo)

.debug_sfnames
 *(.debug_sfnames)

.debug_aranges  0x00000000      0xa80
 *(.debug_aranges)
 .debug_aranges
                0x00000000       0x28 .\CortexM0p\ARM_GCC_541\Debug\main.o
 .debug_aranges
                0x00000028       0x38 .\CortexM0p\ARM_GCC_541\Debug\cyfitter_cfg.o
 .debug_aranges
                0x00000060       0x18 .\CortexM0p\ARM_GCC_541\Debug\cymetadata.o
 .debug_aranges
                0x00000078       0x48 .\CortexM0p\ARM_GCC_541\Debug\Cm0plusStart.o
 .debug_aranges
                0x000000c0       0x58 .\CortexM0p\ARM_GCC_541\Debug\FirstTestMutal.a(UART.o)
 .debug_aranges
                0x00000118       0x48 .\CortexM0p\ARM_GCC_541\Debug\FirstTestMutal.a(UART_SPI_UART.o)
 .debug_aranges
                0x00000160       0x70 .\CortexM0p\ARM_GCC_541\Debug\FirstTestMutal.a(UART_UART.o)
 .debug_aranges
                0x000001d0       0x68 .\CortexM0p\ARM_GCC_541\Debug\FirstTestMutal.a(CapSense_1_Control.o)
 .debug_aranges
                0x00000238       0x48 .\CortexM0p\ARM_GCC_541\Debug\FirstTestMutal.a(CapSense_1_Processing.o)
 .debug_aranges
                0x00000280       0x50 .\CortexM0p\ARM_GCC_541\Debug\FirstTestMutal.a(CapSense_1_Structure.o)
 .debug_aranges
                0x000002d0       0x28 .\CortexM0p\ARM_GCC_541\Debug\FirstTestMutal.a(CapSense_1_Tuner.o)
 .debug_aranges
                0x000002f8       0xf8 .\CortexM0p\ARM_GCC_541\Debug\FirstTestMutal.a(CapSense_1_Filter.o)
 .debug_aranges
                0x000003f0       0xc0 .\CortexM0p\ARM_GCC_541\Debug\FirstTestMutal.a(CapSense_1_Sensing.o)
 .debug_aranges
                0x000004b0       0xa0 .\CortexM0p\ARM_GCC_541\Debug\FirstTestMutal.a(CapSense_1_SensingCSX_LL.o)
 .debug_aranges
                0x00000550       0x80 .\CortexM0p\ARM_GCC_541\Debug\FirstTestMutal.a(CapSense_1_ISR.o)
 .debug_aranges
                0x000005d0      0x190 .\CortexM0p\ARM_GCC_541\Debug\FirstTestMutal.a(CyLib.o)
 .debug_aranges
                0x00000760       0x30 .\CortexM0p\ARM_GCC_541\Debug\FirstTestMutal.a(cyPm.o)
 .debug_aranges
                0x00000790       0xd8 .\CortexM0p\ARM_GCC_541\Debug\FirstTestMutal.a(CyLFClk.o)
 .debug_aranges
                0x00000868       0x48 .\CortexM0p\ARM_GCC_541\Debug\FirstTestMutal.a(LED1.o)
 .debug_aranges
                0x000008b0       0x48 .\CortexM0p\ARM_GCC_541\Debug\FirstTestMutal.a(LED2.o)
 .debug_aranges
                0x000008f8       0x48 .\CortexM0p\ARM_GCC_541\Debug\FirstTestMutal.a(LED4.o)
 .debug_aranges
                0x00000940       0x48 .\CortexM0p\ARM_GCC_541\Debug\FirstTestMutal.a(LED5.o)
 .debug_aranges
                0x00000988       0x48 .\CortexM0p\ARM_GCC_541\Debug\FirstTestMutal.a(LED3.o)
 .debug_aranges
                0x000009d0       0x48 .\CortexM0p\ARM_GCC_541\Debug\FirstTestMutal.a(LED0.o)
 .debug_aranges
                0x00000a18       0x20 .\CortexM0p\ARM_GCC_541\Debug\FirstTestMutal.a(CyBootAsmGnu.o)
 .debug_aranges
                0x00000a38       0x48 .\CortexM0p\ARM_GCC_541\Debug\FirstTestMutal.a(CyFlash.o)

.debug_pubnames
 *(.debug_pubnames)

.debug_info     0x00000000     0x86f4
 *(.debug_info .gnu.linkonce.wi.*)
 .debug_info    0x00000000      0x636 .\CortexM0p\ARM_GCC_541\Debug\main.o
 .debug_info    0x00000636      0x169 .\CortexM0p\ARM_GCC_541\Debug\cyfitter_cfg.o
 .debug_info    0x0000079f       0xf8 .\CortexM0p\ARM_GCC_541\Debug\cymetadata.o
 .debug_info    0x00000897      0x3a5 .\CortexM0p\ARM_GCC_541\Debug\Cm0plusStart.o
 .debug_info    0x00000c3c      0x23a .\CortexM0p\ARM_GCC_541\Debug\FirstTestMutal.a(UART.o)
 .debug_info    0x00000e76      0x1bf .\CortexM0p\ARM_GCC_541\Debug\FirstTestMutal.a(UART_SPI_UART.o)
 .debug_info    0x00001035      0x2b7 .\CortexM0p\ARM_GCC_541\Debug\FirstTestMutal.a(UART_UART.o)
 .debug_info    0x000012ec      0x9de .\CortexM0p\ARM_GCC_541\Debug\FirstTestMutal.a(CapSense_1_Control.o)
 .debug_info    0x00001cca      0xa5a .\CortexM0p\ARM_GCC_541\Debug\FirstTestMutal.a(CapSense_1_Processing.o)
 .debug_info    0x00002724      0xbd1 .\CortexM0p\ARM_GCC_541\Debug\FirstTestMutal.a(CapSense_1_Structure.o)
 .debug_info    0x000032f5      0x642 .\CortexM0p\ARM_GCC_541\Debug\FirstTestMutal.a(CapSense_1_Tuner.o)
 .debug_info    0x00003937      0xf5e .\CortexM0p\ARM_GCC_541\Debug\FirstTestMutal.a(CapSense_1_Filter.o)
 .debug_info    0x00004895      0xda8 .\CortexM0p\ARM_GCC_541\Debug\FirstTestMutal.a(CapSense_1_Sensing.o)
 .debug_info    0x0000563d      0xdc4 .\CortexM0p\ARM_GCC_541\Debug\FirstTestMutal.a(CapSense_1_SensingCSX_LL.o)
 .debug_info    0x00006401      0x305 .\CortexM0p\ARM_GCC_541\Debug\FirstTestMutal.a(CapSense_1_ISR.o)
 .debug_info    0x00006706      0xbd0 .\CortexM0p\ARM_GCC_541\Debug\FirstTestMutal.a(CyLib.o)
 .debug_info    0x000072d6      0x180 .\CortexM0p\ARM_GCC_541\Debug\FirstTestMutal.a(cyPm.o)
 .debug_info    0x00007456      0x444 .\CortexM0p\ARM_GCC_541\Debug\FirstTestMutal.a(CyLFClk.o)
 .debug_info    0x0000789a      0x19d .\CortexM0p\ARM_GCC_541\Debug\FirstTestMutal.a(LED1.o)
 .debug_info    0x00007a37      0x19d .\CortexM0p\ARM_GCC_541\Debug\FirstTestMutal.a(LED2.o)
 .debug_info    0x00007bd4      0x19d .\CortexM0p\ARM_GCC_541\Debug\FirstTestMutal.a(LED4.o)
 .debug_info    0x00007d71      0x19d .\CortexM0p\ARM_GCC_541\Debug\FirstTestMutal.a(LED5.o)
 .debug_info    0x00007f0e      0x19b .\CortexM0p\ARM_GCC_541\Debug\FirstTestMutal.a(LED3.o)
 .debug_info    0x000080a9      0x19d .\CortexM0p\ARM_GCC_541\Debug\FirstTestMutal.a(LED0.o)
 .debug_info    0x00008246       0x97 .\CortexM0p\ARM_GCC_541\Debug\FirstTestMutal.a(CyBootAsmGnu.o)
 .debug_info    0x000082dd      0x417 .\CortexM0p\ARM_GCC_541\Debug\FirstTestMutal.a(CyFlash.o)

.debug_abbrev   0x00000000     0x21ae
 *(.debug_abbrev)
 .debug_abbrev  0x00000000      0x145 .\CortexM0p\ARM_GCC_541\Debug\main.o
 .debug_abbrev  0x00000145       0xdb .\CortexM0p\ARM_GCC_541\Debug\cyfitter_cfg.o
 .debug_abbrev  0x00000220       0x5d .\CortexM0p\ARM_GCC_541\Debug\cymetadata.o
 .debug_abbrev  0x0000027d      0x1d0 .\CortexM0p\ARM_GCC_541\Debug\Cm0plusStart.o
 .debug_abbrev  0x0000044d       0xd5 .\CortexM0p\ARM_GCC_541\Debug\FirstTestMutal.a(UART.o)
 .debug_abbrev  0x00000522       0xfd .\CortexM0p\ARM_GCC_541\Debug\FirstTestMutal.a(UART_SPI_UART.o)
 .debug_abbrev  0x0000061f      0x116 .\CortexM0p\ARM_GCC_541\Debug\FirstTestMutal.a(UART_UART.o)
 .debug_abbrev  0x00000735      0x218 .\CortexM0p\ARM_GCC_541\Debug\FirstTestMutal.a(CapSense_1_Control.o)
 .debug_abbrev  0x0000094d      0x1c2 .\CortexM0p\ARM_GCC_541\Debug\FirstTestMutal.a(CapSense_1_Processing.o)
 .debug_abbrev  0x00000b0f      0x210 .\CortexM0p\ARM_GCC_541\Debug\FirstTestMutal.a(CapSense_1_Structure.o)
 .debug_abbrev  0x00000d1f      0x166 .\CortexM0p\ARM_GCC_541\Debug\FirstTestMutal.a(CapSense_1_Tuner.o)
 .debug_abbrev  0x00000e85      0x245 .\CortexM0p\ARM_GCC_541\Debug\FirstTestMutal.a(CapSense_1_Filter.o)
 .debug_abbrev  0x000010ca      0x1e5 .\CortexM0p\ARM_GCC_541\Debug\FirstTestMutal.a(CapSense_1_Sensing.o)
 .debug_abbrev  0x000012af      0x29f .\CortexM0p\ARM_GCC_541\Debug\FirstTestMutal.a(CapSense_1_SensingCSX_LL.o)
 .debug_abbrev  0x0000154e      0x19a .\CortexM0p\ARM_GCC_541\Debug\FirstTestMutal.a(CapSense_1_ISR.o)
 .debug_abbrev  0x000016e8      0x209 .\CortexM0p\ARM_GCC_541\Debug\FirstTestMutal.a(CyLib.o)
 .debug_abbrev  0x000018f1       0xac .\CortexM0p\ARM_GCC_541\Debug\FirstTestMutal.a(cyPm.o)
 .debug_abbrev  0x0000199d      0x1af .\CortexM0p\ARM_GCC_541\Debug\FirstTestMutal.a(CyLFClk.o)
 .debug_abbrev  0x00001b4c       0xc8 .\CortexM0p\ARM_GCC_541\Debug\FirstTestMutal.a(LED1.o)
 .debug_abbrev  0x00001c14       0xc8 .\CortexM0p\ARM_GCC_541\Debug\FirstTestMutal.a(LED2.o)
 .debug_abbrev  0x00001cdc       0xc8 .\CortexM0p\ARM_GCC_541\Debug\FirstTestMutal.a(LED4.o)
 .debug_abbrev  0x00001da4       0xc8 .\CortexM0p\ARM_GCC_541\Debug\FirstTestMutal.a(LED5.o)
 .debug_abbrev  0x00001e6c       0xc8 .\CortexM0p\ARM_GCC_541\Debug\FirstTestMutal.a(LED3.o)
 .debug_abbrev  0x00001f34       0xc8 .\CortexM0p\ARM_GCC_541\Debug\FirstTestMutal.a(LED0.o)
 .debug_abbrev  0x00001ffc       0x14 .\CortexM0p\ARM_GCC_541\Debug\FirstTestMutal.a(CyBootAsmGnu.o)
 .debug_abbrev  0x00002010      0x19e .\CortexM0p\ARM_GCC_541\Debug\FirstTestMutal.a(CyFlash.o)

.debug_line     0x00000000     0x2bb2
 *(.debug_line)
 .debug_line    0x00000000      0x163 .\CortexM0p\ARM_GCC_541\Debug\main.o
 .debug_line    0x00000163       0xbf .\CortexM0p\ARM_GCC_541\Debug\cyfitter_cfg.o
 .debug_line    0x00000222      0x141 .\CortexM0p\ARM_GCC_541\Debug\cymetadata.o
 .debug_line    0x00000363      0x247 .\CortexM0p\ARM_GCC_541\Debug\Cm0plusStart.o
 .debug_line    0x000005aa      0x108 .\CortexM0p\ARM_GCC_541\Debug\FirstTestMutal.a(UART.o)
 .debug_line    0x000006b2       0xde .\CortexM0p\ARM_GCC_541\Debug\FirstTestMutal.a(UART_SPI_UART.o)
 .debug_line    0x00000790      0x172 .\CortexM0p\ARM_GCC_541\Debug\FirstTestMutal.a(UART_UART.o)
 .debug_line    0x00000902      0x222 .\CortexM0p\ARM_GCC_541\Debug\FirstTestMutal.a(CapSense_1_Control.o)
 .debug_line    0x00000b24      0x2d8 .\CortexM0p\ARM_GCC_541\Debug\FirstTestMutal.a(CapSense_1_Processing.o)
 .debug_line    0x00000dfc      0x1c6 .\CortexM0p\ARM_GCC_541\Debug\FirstTestMutal.a(CapSense_1_Structure.o)
 .debug_line    0x00000fc2      0x128 .\CortexM0p\ARM_GCC_541\Debug\FirstTestMutal.a(CapSense_1_Tuner.o)
 .debug_line    0x000010ea      0x3d0 .\CortexM0p\ARM_GCC_541\Debug\FirstTestMutal.a(CapSense_1_Filter.o)
 .debug_line    0x000014ba      0x39f .\CortexM0p\ARM_GCC_541\Debug\FirstTestMutal.a(CapSense_1_Sensing.o)
 .debug_line    0x00001859      0x367 .\CortexM0p\ARM_GCC_541\Debug\FirstTestMutal.a(CapSense_1_SensingCSX_LL.o)
 .debug_line    0x00001bc0      0x15a .\CortexM0p\ARM_GCC_541\Debug\FirstTestMutal.a(CapSense_1_ISR.o)
 .debug_line    0x00001d1a      0x4c9 .\CortexM0p\ARM_GCC_541\Debug\FirstTestMutal.a(CyLib.o)
 .debug_line    0x000021e3       0x9b .\CortexM0p\ARM_GCC_541\Debug\FirstTestMutal.a(cyPm.o)
 .debug_line    0x0000227e      0x284 .\CortexM0p\ARM_GCC_541\Debug\FirstTestMutal.a(CyLFClk.o)
 .debug_line    0x00002502       0xbc .\CortexM0p\ARM_GCC_541\Debug\FirstTestMutal.a(LED1.o)
 .debug_line    0x000025be       0xbc .\CortexM0p\ARM_GCC_541\Debug\FirstTestMutal.a(LED2.o)
 .debug_line    0x0000267a       0xbc .\CortexM0p\ARM_GCC_541\Debug\FirstTestMutal.a(LED4.o)
 .debug_line    0x00002736       0xbc .\CortexM0p\ARM_GCC_541\Debug\FirstTestMutal.a(LED5.o)
 .debug_line    0x000027f2       0xbb .\CortexM0p\ARM_GCC_541\Debug\FirstTestMutal.a(LED3.o)
 .debug_line    0x000028ad       0xbc .\CortexM0p\ARM_GCC_541\Debug\FirstTestMutal.a(LED0.o)
 .debug_line    0x00002969       0x68 .\CortexM0p\ARM_GCC_541\Debug\FirstTestMutal.a(CyBootAsmGnu.o)
 .debug_line    0x000029d1      0x1e1 .\CortexM0p\ARM_GCC_541\Debug\FirstTestMutal.a(CyFlash.o)

.debug_frame    0x00000000     0x19e0
 *(.debug_frame)
 .debug_frame   0x00000000       0x48 .\CortexM0p\ARM_GCC_541\Debug\main.o
 .debug_frame   0x00000048       0x74 .\CortexM0p\ARM_GCC_541\Debug\cyfitter_cfg.o
 .debug_frame   0x000000bc       0xbc .\CortexM0p\ARM_GCC_541\Debug\Cm0plusStart.o
 .debug_frame   0x00000178       0xd8 .\CortexM0p\ARM_GCC_541\Debug\FirstTestMutal.a(UART.o)
 .debug_frame   0x00000250       0x80 .\CortexM0p\ARM_GCC_541\Debug\FirstTestMutal.a(UART_SPI_UART.o)
 .debug_frame   0x000002d0       0xec .\CortexM0p\ARM_GCC_541\Debug\FirstTestMutal.a(UART_UART.o)
 .debug_frame   0x000003bc      0x120 .\CortexM0p\ARM_GCC_541\Debug\FirstTestMutal.a(CapSense_1_Control.o)
 .debug_frame   0x000004dc       0xe0 .\CortexM0p\ARM_GCC_541\Debug\FirstTestMutal.a(CapSense_1_Processing.o)
 .debug_frame   0x000005bc       0xc0 .\CortexM0p\ARM_GCC_541\Debug\FirstTestMutal.a(CapSense_1_Structure.o)
 .debug_frame   0x0000067c       0x40 .\CortexM0p\ARM_GCC_541\Debug\FirstTestMutal.a(CapSense_1_Tuner.o)
 .debug_frame   0x000006bc      0x388 .\CortexM0p\ARM_GCC_541\Debug\FirstTestMutal.a(CapSense_1_Filter.o)
 .debug_frame   0x00000a44      0x234 .\CortexM0p\ARM_GCC_541\Debug\FirstTestMutal.a(CapSense_1_Sensing.o)
 .debug_frame   0x00000c78      0x1ec .\CortexM0p\ARM_GCC_541\Debug\FirstTestMutal.a(CapSense_1_SensingCSX_LL.o)
 .debug_frame   0x00000e64      0x110 .\CortexM0p\ARM_GCC_541\Debug\FirstTestMutal.a(CapSense_1_ISR.o)
 .debug_frame   0x00000f74      0x414 .\CortexM0p\ARM_GCC_541\Debug\FirstTestMutal.a(CyLib.o)
 .debug_frame   0x00001388       0x58 .\CortexM0p\ARM_GCC_541\Debug\FirstTestMutal.a(cyPm.o)
 .debug_frame   0x000013e0      0x1dc .\CortexM0p\ARM_GCC_541\Debug\FirstTestMutal.a(CyLFClk.o)
 .debug_frame   0x000015bc       0x70 .\CortexM0p\ARM_GCC_541\Debug\FirstTestMutal.a(LED1.o)
 .debug_frame   0x0000162c       0x70 .\CortexM0p\ARM_GCC_541\Debug\FirstTestMutal.a(LED2.o)
 .debug_frame   0x0000169c       0x70 .\CortexM0p\ARM_GCC_541\Debug\FirstTestMutal.a(LED4.o)
 .debug_frame   0x0000170c       0x70 .\CortexM0p\ARM_GCC_541\Debug\FirstTestMutal.a(LED5.o)
 .debug_frame   0x0000177c       0x70 .\CortexM0p\ARM_GCC_541\Debug\FirstTestMutal.a(LED3.o)
 .debug_frame   0x000017ec       0x70 .\CortexM0p\ARM_GCC_541\Debug\FirstTestMutal.a(LED0.o)
 .debug_frame   0x0000185c       0xa8 .\CortexM0p\ARM_GCC_541\Debug\FirstTestMutal.a(CyFlash.o)
 .debug_frame   0x00001904       0x20 c:/program files (x86)/cypress/psoc creator/4.2/psoc creator/import/gnu/arm/5.4.1/bin/../lib/gcc/arm-none-eabi/5.4.1/armv6-m\libgcc.a(_udivsi3.o)
 .debug_frame   0x00001924       0x20 c:/program files (x86)/cypress/psoc creator/4.2/psoc creator/import/gnu/arm/5.4.1/bin/../lib/gcc/arm-none-eabi/5.4.1/../../../../arm-none-eabi/lib/armv6-m\libg_nano.a(lib_a-errno.o)
 .debug_frame   0x00001944       0x28 c:/program files (x86)/cypress/psoc creator/4.2/psoc creator/import/gnu/arm/5.4.1/bin/../lib/gcc/arm-none-eabi/5.4.1/../../../../arm-none-eabi/lib/armv6-m\libg_nano.a(lib_a-exit.o)
 .debug_frame   0x0000196c       0x2c c:/program files (x86)/cypress/psoc creator/4.2/psoc creator/import/gnu/arm/5.4.1/bin/../lib/gcc/arm-none-eabi/5.4.1/../../../../arm-none-eabi/lib/armv6-m\libg_nano.a(lib_a-init.o)
 .debug_frame   0x00001998       0x28 c:/program files (x86)/cypress/psoc creator/4.2/psoc creator/import/gnu/arm/5.4.1/bin/../lib/gcc/arm-none-eabi/5.4.1/../../../../arm-none-eabi/lib/armv6-m\libg_nano.a(lib_a-memcpy-stub.o)
 .debug_frame   0x000019c0       0x20 c:/program files (x86)/cypress/psoc creator/4.2/psoc creator/import/gnu/arm/5.4.1/bin/../lib/gcc/arm-none-eabi/5.4.1/../../../../arm-none-eabi/lib/armv6-m\libg_nano.a(lib_a-memset.o)

.debug_str      0x00000000     0x2e44
 *(.debug_str)
 .debug_str     0x00000000      0x4d5 .\CortexM0p\ARM_GCC_541\Debug\main.o
                                0x51c (size before relaxing)
 .debug_str     0x000004d5       0x91 .\CortexM0p\ARM_GCC_541\Debug\cyfitter_cfg.o
                                0x224 (size before relaxing)
 .debug_str     0x00000566       0x63 .\CortexM0p\ARM_GCC_541\Debug\cymetadata.o
                                0x1d3 (size before relaxing)
 .debug_str     0x000005c9      0x15b .\CortexM0p\ARM_GCC_541\Debug\Cm0plusStart.o
                                0x31a (size before relaxing)
 .debug_str     0x00000724       0xf7 .\CortexM0p\ARM_GCC_541\Debug\FirstTestMutal.a(UART.o)
                                0x2a2 (size before relaxing)
 .debug_str     0x0000081b       0xcc .\CortexM0p\ARM_GCC_541\Debug\FirstTestMutal.a(UART_SPI_UART.o)
                                0x285 (size before relaxing)
 .debug_str     0x000008e7      0x12f .\CortexM0p\ARM_GCC_541\Debug\FirstTestMutal.a(UART_UART.o)
                                0x329 (size before relaxing)
 .debug_str     0x00000a16      0x466 .\CortexM0p\ARM_GCC_541\Debug\FirstTestMutal.a(CapSense_1_Control.o)
                                0x8a4 (size before relaxing)
 .debug_str     0x00000e7c      0x24e .\CortexM0p\ARM_GCC_541\Debug\FirstTestMutal.a(CapSense_1_Processing.o)
                                0x87e (size before relaxing)
 .debug_str     0x000010ca      0x2f6 .\CortexM0p\ARM_GCC_541\Debug\FirstTestMutal.a(CapSense_1_Structure.o)
                                0x97e (size before relaxing)
 .debug_str     0x000013c0      0x171 .\CortexM0p\ARM_GCC_541\Debug\FirstTestMutal.a(CapSense_1_Tuner.o)
                                0x674 (size before relaxing)
 .debug_str     0x00001531      0x3b2 .\CortexM0p\ARM_GCC_541\Debug\FirstTestMutal.a(CapSense_1_Filter.o)
                                0x919 (size before relaxing)
 .debug_str     0x000018e3      0x4b2 .\CortexM0p\ARM_GCC_541\Debug\FirstTestMutal.a(CapSense_1_Sensing.o)
                                0xb5a (size before relaxing)
 .debug_str     0x00001d95      0x33f .\CortexM0p\ARM_GCC_541\Debug\FirstTestMutal.a(CapSense_1_SensingCSX_LL.o)
                                0xba3 (size before relaxing)
 .debug_str     0x000020d4      0x165 .\CortexM0p\ARM_GCC_541\Debug\FirstTestMutal.a(CapSense_1_ISR.o)
                                0x373 (size before relaxing)
 .debug_str     0x00002239      0x4dd .\CortexM0p\ARM_GCC_541\Debug\FirstTestMutal.a(CyLib.o)
                                0x72e (size before relaxing)
 .debug_str     0x00002716       0x5f .\CortexM0p\ARM_GCC_541\Debug\FirstTestMutal.a(cyPm.o)
                                0x248 (size before relaxing)
 .debug_str     0x00002775      0x2d0 .\CortexM0p\ARM_GCC_541\Debug\FirstTestMutal.a(CyLFClk.o)
                                0x4c5 (size before relaxing)
 .debug_str     0x00002a45       0x99 .\CortexM0p\ARM_GCC_541\Debug\FirstTestMutal.a(LED1.o)
                                0x23a (size before relaxing)
 .debug_str     0x00002ade       0x75 .\CortexM0p\ARM_GCC_541\Debug\FirstTestMutal.a(LED2.o)
                                0x23a (size before relaxing)
 .debug_str     0x00002b53       0x75 .\CortexM0p\ARM_GCC_541\Debug\FirstTestMutal.a(LED4.o)
                                0x23a (size before relaxing)
 .debug_str     0x00002bc8       0x75 .\CortexM0p\ARM_GCC_541\Debug\FirstTestMutal.a(LED5.o)
                                0x23a (size before relaxing)
 .debug_str     0x00002c3d       0x75 .\CortexM0p\ARM_GCC_541\Debug\FirstTestMutal.a(LED3.o)
                                0x23a (size before relaxing)
 .debug_str     0x00002cb2       0x75 .\CortexM0p\ARM_GCC_541\Debug\FirstTestMutal.a(LED0.o)
                                0x23a (size before relaxing)
 .debug_str     0x00002d27      0x11d .\CortexM0p\ARM_GCC_541\Debug\FirstTestMutal.a(CyFlash.o)
                                0x32d (size before relaxing)

.debug_loc      0x00000000     0x3b18
 *(.debug_loc)
 .debug_loc     0x00000000       0x35 .\CortexM0p\ARM_GCC_541\Debug\cyfitter_cfg.o
 .debug_loc     0x00000035      0x14f .\CortexM0p\ARM_GCC_541\Debug\Cm0plusStart.o
 .debug_loc     0x00000184       0x7e .\CortexM0p\ARM_GCC_541\Debug\FirstTestMutal.a(UART.o)
 .debug_loc     0x00000202       0x77 .\CortexM0p\ARM_GCC_541\Debug\FirstTestMutal.a(UART_SPI_UART.o)
 .debug_loc     0x00000279      0x160 .\CortexM0p\ARM_GCC_541\Debug\FirstTestMutal.a(UART_UART.o)
 .debug_loc     0x000003d9      0x3cb .\CortexM0p\ARM_GCC_541\Debug\FirstTestMutal.a(CapSense_1_Control.o)
 .debug_loc     0x000007a4      0x5ab .\CortexM0p\ARM_GCC_541\Debug\FirstTestMutal.a(CapSense_1_Processing.o)
 .debug_loc     0x00000d4f      0x3df .\CortexM0p\ARM_GCC_541\Debug\FirstTestMutal.a(CapSense_1_Structure.o)
 .debug_loc     0x0000112e      0x176 .\CortexM0p\ARM_GCC_541\Debug\FirstTestMutal.a(CapSense_1_Tuner.o)
 .debug_loc     0x000012a4      0xe82 .\CortexM0p\ARM_GCC_541\Debug\FirstTestMutal.a(CapSense_1_Filter.o)
 .debug_loc     0x00002126      0x5bb .\CortexM0p\ARM_GCC_541\Debug\FirstTestMutal.a(CapSense_1_Sensing.o)
 .debug_loc     0x000026e1      0x4cf .\CortexM0p\ARM_GCC_541\Debug\FirstTestMutal.a(CapSense_1_SensingCSX_LL.o)
 .debug_loc     0x00002bb0       0x82 .\CortexM0p\ARM_GCC_541\Debug\FirstTestMutal.a(CapSense_1_ISR.o)
 .debug_loc     0x00002c32      0x5e3 .\CortexM0p\ARM_GCC_541\Debug\FirstTestMutal.a(CyLib.o)
 .debug_loc     0x00003215       0x47 .\CortexM0p\ARM_GCC_541\Debug\FirstTestMutal.a(cyPm.o)
 .debug_loc     0x0000325c      0x354 .\CortexM0p\ARM_GCC_541\Debug\FirstTestMutal.a(CyLFClk.o)
 .debug_loc     0x000035b0       0xa2 .\CortexM0p\ARM_GCC_541\Debug\FirstTestMutal.a(LED1.o)
 .debug_loc     0x00003652       0xa2 .\CortexM0p\ARM_GCC_541\Debug\FirstTestMutal.a(LED2.o)
 .debug_loc     0x000036f4       0xa2 .\CortexM0p\ARM_GCC_541\Debug\FirstTestMutal.a(LED4.o)
 .debug_loc     0x00003796       0xa2 .\CortexM0p\ARM_GCC_541\Debug\FirstTestMutal.a(LED5.o)
 .debug_loc     0x00003838       0x81 .\CortexM0p\ARM_GCC_541\Debug\FirstTestMutal.a(LED3.o)
 .debug_loc     0x000038b9       0xa2 .\CortexM0p\ARM_GCC_541\Debug\FirstTestMutal.a(LED0.o)
 .debug_loc     0x0000395b      0x1bd .\CortexM0p\ARM_GCC_541\Debug\FirstTestMutal.a(CyFlash.o)

.debug_macinfo
 *(.debug_macinfo)

.debug_ranges   0x00000000      0x8c8
 *(.debug_ranges)
 .debug_ranges  0x00000000       0x18 .\CortexM0p\ARM_GCC_541\Debug\main.o
 .debug_ranges  0x00000018       0x28 .\CortexM0p\ARM_GCC_541\Debug\cyfitter_cfg.o
 .debug_ranges  0x00000040       0x38 .\CortexM0p\ARM_GCC_541\Debug\Cm0plusStart.o
 .debug_ranges  0x00000078       0x48 .\CortexM0p\ARM_GCC_541\Debug\FirstTestMutal.a(UART.o)
 .debug_ranges  0x000000c0       0x38 .\CortexM0p\ARM_GCC_541\Debug\FirstTestMutal.a(UART_SPI_UART.o)
 .debug_ranges  0x000000f8       0x60 .\CortexM0p\ARM_GCC_541\Debug\FirstTestMutal.a(UART_UART.o)
 .debug_ranges  0x00000158       0x58 .\CortexM0p\ARM_GCC_541\Debug\FirstTestMutal.a(CapSense_1_Control.o)
 .debug_ranges  0x000001b0       0x38 .\CortexM0p\ARM_GCC_541\Debug\FirstTestMutal.a(CapSense_1_Processing.o)
 .debug_ranges  0x000001e8       0x40 .\CortexM0p\ARM_GCC_541\Debug\FirstTestMutal.a(CapSense_1_Structure.o)
 .debug_ranges  0x00000228       0x18 .\CortexM0p\ARM_GCC_541\Debug\FirstTestMutal.a(CapSense_1_Tuner.o)
 .debug_ranges  0x00000240       0xe8 .\CortexM0p\ARM_GCC_541\Debug\FirstTestMutal.a(CapSense_1_Filter.o)
 .debug_ranges  0x00000328       0xb0 .\CortexM0p\ARM_GCC_541\Debug\FirstTestMutal.a(CapSense_1_Sensing.o)
 .debug_ranges  0x000003d8       0x90 .\CortexM0p\ARM_GCC_541\Debug\FirstTestMutal.a(CapSense_1_SensingCSX_LL.o)
 .debug_ranges  0x00000468       0x70 .\CortexM0p\ARM_GCC_541\Debug\FirstTestMutal.a(CapSense_1_ISR.o)
 .debug_ranges  0x000004d8      0x180 .\CortexM0p\ARM_GCC_541\Debug\FirstTestMutal.a(CyLib.o)
 .debug_ranges  0x00000658       0x20 .\CortexM0p\ARM_GCC_541\Debug\FirstTestMutal.a(cyPm.o)
 .debug_ranges  0x00000678       0xc8 .\CortexM0p\ARM_GCC_541\Debug\FirstTestMutal.a(CyLFClk.o)
 .debug_ranges  0x00000740       0x38 .\CortexM0p\ARM_GCC_541\Debug\FirstTestMutal.a(LED1.o)
 .debug_ranges  0x00000778       0x38 .\CortexM0p\ARM_GCC_541\Debug\FirstTestMutal.a(LED2.o)
 .debug_ranges  0x000007b0       0x38 .\CortexM0p\ARM_GCC_541\Debug\FirstTestMutal.a(LED4.o)
 .debug_ranges  0x000007e8       0x38 .\CortexM0p\ARM_GCC_541\Debug\FirstTestMutal.a(LED5.o)
 .debug_ranges  0x00000820       0x38 .\CortexM0p\ARM_GCC_541\Debug\FirstTestMutal.a(LED3.o)
 .debug_ranges  0x00000858       0x38 .\CortexM0p\ARM_GCC_541\Debug\FirstTestMutal.a(LED0.o)
 .debug_ranges  0x00000890       0x38 .\CortexM0p\ARM_GCC_541\Debug\FirstTestMutal.a(CyFlash.o)

.comment        0x00000000       0x6e
 .comment       0x00000000       0x6e .\CortexM0p\ARM_GCC_541\Debug\main.o
                                 0x6f (size before relaxing)
 .comment       0x0000006e       0x6f .\CortexM0p\ARM_GCC_541\Debug\cyfitter_cfg.o
 .comment       0x0000006e       0x6f .\CortexM0p\ARM_GCC_541\Debug\cymetadata.o
 .comment       0x0000006e       0x6f .\CortexM0p\ARM_GCC_541\Debug\Cm0plusStart.o
 .comment       0x0000006e       0x6f .\CortexM0p\ARM_GCC_541\Debug\FirstTestMutal.a(UART.o)
 .comment       0x0000006e       0x6f .\CortexM0p\ARM_GCC_541\Debug\FirstTestMutal.a(UART_SPI_UART.o)
 .comment       0x0000006e       0x6f .\CortexM0p\ARM_GCC_541\Debug\FirstTestMutal.a(UART_UART.o)
 .comment       0x0000006e       0x6f .\CortexM0p\ARM_GCC_541\Debug\FirstTestMutal.a(CapSense_1_Control.o)
 .comment       0x0000006e       0x6f .\CortexM0p\ARM_GCC_541\Debug\FirstTestMutal.a(CapSense_1_Processing.o)
 .comment       0x0000006e       0x6f .\CortexM0p\ARM_GCC_541\Debug\FirstTestMutal.a(CapSense_1_Structure.o)
 .comment       0x0000006e       0x6f .\CortexM0p\ARM_GCC_541\Debug\FirstTestMutal.a(CapSense_1_Tuner.o)
 .comment       0x0000006e       0x6f .\CortexM0p\ARM_GCC_541\Debug\FirstTestMutal.a(CapSense_1_Filter.o)
 .comment       0x0000006e       0x6f .\CortexM0p\ARM_GCC_541\Debug\FirstTestMutal.a(CapSense_1_Sensing.o)
 .comment       0x0000006e       0x6f .\CortexM0p\ARM_GCC_541\Debug\FirstTestMutal.a(CapSense_1_SensingCSX_LL.o)
 .comment       0x0000006e       0x6f .\CortexM0p\ARM_GCC_541\Debug\FirstTestMutal.a(CapSense_1_ISR.o)
 .comment       0x0000006e       0x6f .\CortexM0p\ARM_GCC_541\Debug\FirstTestMutal.a(CyLib.o)
 .comment       0x0000006e       0x6f .\CortexM0p\ARM_GCC_541\Debug\FirstTestMutal.a(cyPm.o)
 .comment       0x0000006e       0x6f .\CortexM0p\ARM_GCC_541\Debug\FirstTestMutal.a(CyLFClk.o)
 .comment       0x0000006e       0x6f .\CortexM0p\ARM_GCC_541\Debug\FirstTestMutal.a(LED1.o)
 .comment       0x0000006e       0x6f .\CortexM0p\ARM_GCC_541\Debug\FirstTestMutal.a(LED2.o)
 .comment       0x0000006e       0x6f .\CortexM0p\ARM_GCC_541\Debug\FirstTestMutal.a(LED4.o)
 .comment       0x0000006e       0x6f .\CortexM0p\ARM_GCC_541\Debug\FirstTestMutal.a(LED5.o)
 .comment       0x0000006e       0x6f .\CortexM0p\ARM_GCC_541\Debug\FirstTestMutal.a(LED3.o)
 .comment       0x0000006e       0x6f .\CortexM0p\ARM_GCC_541\Debug\FirstTestMutal.a(LED0.o)
 .comment       0x0000006e       0x6f .\CortexM0p\ARM_GCC_541\Debug\FirstTestMutal.a(CyFlash.o)

.debug_weaknames
 *(.debug_weaknames)

.debug_funcnames
 *(.debug_funcnames)

.debug_typenames
 *(.debug_typenames)

.debug_varnames
 *(.debug_varnames)

.note.gnu.arm.ident
 *(.note.gnu.arm.ident)

.ARM.attributes
                0x00000000       0x28
 *(.ARM.attributes)
 .ARM.attributes
                0x00000000       0x1e c:/program files (x86)/cypress/psoc creator/4.2/psoc creator/import/gnu/arm/5.4.1/bin/../lib/gcc/arm-none-eabi/5.4.1/armv6-m/crti.o
 .ARM.attributes
                0x0000001e       0x2c c:/program files (x86)/cypress/psoc creator/4.2/psoc creator/import/gnu/arm/5.4.1/bin/../lib/gcc/arm-none-eabi/5.4.1/armv6-m/crtbegin.o
 .ARM.attributes
                0x0000004a       0x1b c:/program files (x86)/cypress/psoc creator/4.2/psoc creator/import/gnu/arm/5.4.1/bin/../lib/gcc/arm-none-eabi/5.4.1/../../../../arm-none-eabi/lib/armv6-m/crt0.o
 .ARM.attributes
                0x00000065       0x32 .\CortexM0p\ARM_GCC_541\Debug\main.o
 .ARM.attributes
                0x00000097       0x32 .\CortexM0p\ARM_GCC_541\Debug\cyfitter_cfg.o
 .ARM.attributes
                0x000000c9       0x32 .\CortexM0p\ARM_GCC_541\Debug\cymetadata.o
 .ARM.attributes
                0x000000fb       0x32 .\CortexM0p\ARM_GCC_541\Debug\Cm0plusStart.o
 .ARM.attributes
                0x0000012d       0x32 .\CortexM0p\ARM_GCC_541\Debug\FirstTestMutal.a(UART.o)
 .ARM.attributes
                0x0000015f       0x32 .\CortexM0p\ARM_GCC_541\Debug\FirstTestMutal.a(UART_SPI_UART.o)
 .ARM.attributes
                0x00000191       0x32 .\CortexM0p\ARM_GCC_541\Debug\FirstTestMutal.a(UART_UART.o)
 .ARM.attributes
                0x000001c3       0x32 .\CortexM0p\ARM_GCC_541\Debug\FirstTestMutal.a(CapSense_1_Control.o)
 .ARM.attributes
                0x000001f5       0x32 .\CortexM0p\ARM_GCC_541\Debug\FirstTestMutal.a(CapSense_1_Processing.o)
 .ARM.attributes
                0x00000227       0x32 .\CortexM0p\ARM_GCC_541\Debug\FirstTestMutal.a(CapSense_1_Structure.o)
 .ARM.attributes
                0x00000259       0x32 .\CortexM0p\ARM_GCC_541\Debug\FirstTestMutal.a(CapSense_1_Tuner.o)
 .ARM.attributes
                0x0000028b       0x32 .\CortexM0p\ARM_GCC_541\Debug\FirstTestMutal.a(CapSense_1_Filter.o)
 .ARM.attributes
                0x000002bd       0x32 .\CortexM0p\ARM_GCC_541\Debug\FirstTestMutal.a(CapSense_1_Sensing.o)
 .ARM.attributes
                0x000002ef       0x32 .\CortexM0p\ARM_GCC_541\Debug\FirstTestMutal.a(CapSense_1_SensingCSX_LL.o)
 .ARM.attributes
                0x00000321       0x32 .\CortexM0p\ARM_GCC_541\Debug\FirstTestMutal.a(CapSense_1_ISR.o)
 .ARM.attributes
                0x00000353       0x32 .\CortexM0p\ARM_GCC_541\Debug\FirstTestMutal.a(CyLib.o)
 .ARM.attributes
                0x00000385       0x32 .\CortexM0p\ARM_GCC_541\Debug\FirstTestMutal.a(cyPm.o)
 .ARM.attributes
                0x000003b7       0x32 .\CortexM0p\ARM_GCC_541\Debug\FirstTestMutal.a(CyLFClk.o)
 .ARM.attributes
                0x000003e9       0x32 .\CortexM0p\ARM_GCC_541\Debug\FirstTestMutal.a(LED1.o)
 .ARM.attributes
                0x0000041b       0x32 .\CortexM0p\ARM_GCC_541\Debug\FirstTestMutal.a(LED2.o)
 .ARM.attributes
                0x0000044d       0x32 .\CortexM0p\ARM_GCC_541\Debug\FirstTestMutal.a(LED4.o)
 .ARM.attributes
                0x0000047f       0x32 .\CortexM0p\ARM_GCC_541\Debug\FirstTestMutal.a(LED5.o)
 .ARM.attributes
                0x000004b1       0x32 .\CortexM0p\ARM_GCC_541\Debug\FirstTestMutal.a(LED3.o)
 .ARM.attributes
                0x000004e3       0x32 .\CortexM0p\ARM_GCC_541\Debug\FirstTestMutal.a(LED0.o)
 .ARM.attributes
                0x00000515       0x22 .\CortexM0p\ARM_GCC_541\Debug\FirstTestMutal.a(CyBootAsmGnu.o)
 .ARM.attributes
                0x00000537       0x32 .\CortexM0p\ARM_GCC_541\Debug\FirstTestMutal.a(CyFlash.o)
 .ARM.attributes
                0x00000569       0x1e c:/program files (x86)/cypress/psoc creator/4.2/psoc creator/import/gnu/arm/5.4.1/bin/../lib/gcc/arm-none-eabi/5.4.1/armv6-m\libgcc.a(_udivsi3.o)
 .ARM.attributes
                0x00000587       0x1e c:/program files (x86)/cypress/psoc creator/4.2/psoc creator/import/gnu/arm/5.4.1/bin/../lib/gcc/arm-none-eabi/5.4.1/armv6-m\libgcc.a(_dvmd_tls.o)
 .ARM.attributes
                0x000005a5       0x2c c:/program files (x86)/cypress/psoc creator/4.2/psoc creator/import/gnu/arm/5.4.1/bin/../lib/gcc/arm-none-eabi/5.4.1/../../../../arm-none-eabi/lib/armv6-m\libg_nano.a(lib_a-errno.o)
 .ARM.attributes
                0x000005d1       0x2c c:/program files (x86)/cypress/psoc creator/4.2/psoc creator/import/gnu/arm/5.4.1/bin/../lib/gcc/arm-none-eabi/5.4.1/../../../../arm-none-eabi/lib/armv6-m\libg_nano.a(lib_a-exit.o)
 .ARM.attributes
                0x000005fd       0x2c c:/program files (x86)/cypress/psoc creator/4.2/psoc creator/import/gnu/arm/5.4.1/bin/../lib/gcc/arm-none-eabi/5.4.1/../../../../arm-none-eabi/lib/armv6-m\libg_nano.a(lib_a-impure.o)
 .ARM.attributes
                0x00000629       0x2c c:/program files (x86)/cypress/psoc creator/4.2/psoc creator/import/gnu/arm/5.4.1/bin/../lib/gcc/arm-none-eabi/5.4.1/../../../../arm-none-eabi/lib/armv6-m\libg_nano.a(lib_a-init.o)
 .ARM.attributes
                0x00000655       0x2c c:/program files (x86)/cypress/psoc creator/4.2/psoc creator/import/gnu/arm/5.4.1/bin/../lib/gcc/arm-none-eabi/5.4.1/../../../../arm-none-eabi/lib/armv6-m\libg_nano.a(lib_a-memcpy-stub.o)
 .ARM.attributes
                0x00000681       0x2c c:/program files (x86)/cypress/psoc creator/4.2/psoc creator/import/gnu/arm/5.4.1/bin/../lib/gcc/arm-none-eabi/5.4.1/../../../../arm-none-eabi/lib/armv6-m\libg_nano.a(lib_a-memset.o)
 .ARM.attributes
                0x000006ad       0x2c c:/program files (x86)/cypress/psoc creator/4.2/psoc creator/import/gnu/arm/5.4.1/bin/../lib/gcc/arm-none-eabi/5.4.1/armv6-m/crtend.o
 .ARM.attributes
                0x000006d9       0x1e c:/program files (x86)/cypress/psoc creator/4.2/psoc creator/import/gnu/arm/5.4.1/bin/../lib/gcc/arm-none-eabi/5.4.1/armv6-m/crtn.o

/DISCARD/
 *(.note.GNU-stack)
OUTPUT(C:\Users\michael.machate\Desktop\Cypress_Firsttests\FirstTestMutal.cydsn\CortexM0p\ARM_GCC_541\Debug\FirstTestMutal.elf elf32-littlearm)
