Archive member included to satisfy reference by file (symbol)

.\CortexM0p\ARM_GCC_541\Debug\FirstTestMutal.a(UART.o)
                              .\CortexM0p\ARM_GCC_541\Debug\main.o (UART_Start)
.\CortexM0p\ARM_GCC_541\Debug\FirstTestMutal.a(UART_SPI_UART.o)
                              .\CortexM0p\ARM_GCC_541\Debug\main.o (UART_SpiUartPutArray)
.\CortexM0p\ARM_GCC_541\Debug\FirstTestMutal.a(UART_UART.o)
                              .\CortexM0p\ARM_GCC_541\Debug\FirstTestMutal.a(UART.o) (UART_UartInit)
.\CortexM0p\ARM_GCC_541\Debug\FirstTestMutal.a(CapSense_1_Control.o)
                              .\CortexM0p\ARM_GCC_541\Debug\main.o (CapSense_1_Start)
.\CortexM0p\ARM_GCC_541\Debug\FirstTestMutal.a(CapSense_1_Processing.o)
                              .\CortexM0p\ARM_GCC_541\Debug\FirstTestMutal.a(CapSense_1_Control.o) (CapSense_1_DpInitialize)
.\CortexM0p\ARM_GCC_541\Debug\FirstTestMutal.a(CapSense_1_Structure.o)
                              .\CortexM0p\ARM_GCC_541\Debug\FirstTestMutal.a(CapSense_1_Control.o) (CapSense_1_DsInitialize)
.\CortexM0p\ARM_GCC_541\Debug\FirstTestMutal.a(CapSense_1_Tuner.o)
                              .\CortexM0p\ARM_GCC_541\Debug\FirstTestMutal.a(CapSense_1_Control.o) (CapSense_1_TuInitialize)
.\CortexM0p\ARM_GCC_541\Debug\FirstTestMutal.a(CapSense_1_Filter.o)
                              .\CortexM0p\ARM_GCC_541\Debug\FirstTestMutal.a(CapSense_1_Control.o) (CapSense_1_InitializeAllBaselines)
.\CortexM0p\ARM_GCC_541\Debug\FirstTestMutal.a(CapSense_1_Sensing.o)
                              .\CortexM0p\ARM_GCC_541\Debug\main.o (CapSense_1_IsBusy)
.\CortexM0p\ARM_GCC_541\Debug\FirstTestMutal.a(CapSense_1_SensingCSX_LL.o)
                              .\CortexM0p\ARM_GCC_541\Debug\FirstTestMutal.a(CapSense_1_Sensing.o) (CapSense_1_CSXInitialize)
.\CortexM0p\ARM_GCC_541\Debug\FirstTestMutal.a(CapSense_1_ISR.o)
                              .\CortexM0p\ARM_GCC_541\Debug\FirstTestMutal.a(CapSense_1_Sensing.o) (CapSense_1_ISR_StartEx)
.\CortexM0p\ARM_GCC_541\Debug\FirstTestMutal.a(CyLib.o)
                              .\CortexM0p\ARM_GCC_541\Debug\FirstTestMutal.a(CapSense_1_SensingCSX_LL.o) (CyIntEnable)
.\CortexM0p\ARM_GCC_541\Debug\FirstTestMutal.a(cyPm.o)
                              .\CortexM0p\ARM_GCC_541\Debug\main.o (CySysPmSleep)
.\CortexM0p\ARM_GCC_541\Debug\FirstTestMutal.a(CyLFClk.o)
                              .\CortexM0p\ARM_GCC_541\Debug\FirstTestMutal.a(CyLib.o) (CySysClkWcoEnabled)
.\CortexM0p\ARM_GCC_541\Debug\FirstTestMutal.a(LED1.o)
                              .\CortexM0p\ARM_GCC_541\Debug\main.o (LED1_Write)
.\CortexM0p\ARM_GCC_541\Debug\FirstTestMutal.a(LED2.o)
                              .\CortexM0p\ARM_GCC_541\Debug\main.o (LED2_Write)
.\CortexM0p\ARM_GCC_541\Debug\FirstTestMutal.a(LED4.o)
                              .\CortexM0p\ARM_GCC_541\Debug\main.o (LED4_Write)
.\CortexM0p\ARM_GCC_541\Debug\FirstTestMutal.a(LED5.o)
                              .\CortexM0p\ARM_GCC_541\Debug\main.o (LED5_Write)
.\CortexM0p\ARM_GCC_541\Debug\FirstTestMutal.a(LED3.o)
                              .\CortexM0p\ARM_GCC_541\Debug\main.o (LED3_Write)
.\CortexM0p\ARM_GCC_541\Debug\FirstTestMutal.a(LED0.o)
                              .\CortexM0p\ARM_GCC_541\Debug\main.o (LED0_Write)
.\CortexM0p\ARM_GCC_541\Debug\FirstTestMutal.a(CyBootAsmGnu.o)
                              .\CortexM0p\ARM_GCC_541\Debug\FirstTestMutal.a(CyLib.o) (CyDelayCycles)
.\CortexM0p\ARM_GCC_541\Debug\FirstTestMutal.a(CyFlash.o)
                              .\CortexM0p\ARM_GCC_541\Debug\FirstTestMutal.a(CyLib.o) (CySysFlashSetWaitCycles)
c:/program files (x86)/cypress/psoc creator/4.2/psoc creator/import/gnu/arm/5.4.1/bin/../lib/gcc/arm-none-eabi/5.4.1/armv6-m\libgcc.a(_udivsi3.o)
                              .\CortexM0p\ARM_GCC_541\Debug\FirstTestMutal.a(CapSense_1_Sensing.o) (__aeabi_uidiv)
c:/program files (x86)/cypress/psoc creator/4.2/psoc creator/import/gnu/arm/5.4.1/bin/../lib/gcc/arm-none-eabi/5.4.1/armv6-m\libgcc.a(_dvmd_tls.o)
                              c:/program files (x86)/cypress/psoc creator/4.2/psoc creator/import/gnu/arm/5.4.1/bin/../lib/gcc/arm-none-eabi/5.4.1/armv6-m\libgcc.a(_udivsi3.o) (__aeabi_idiv0)
c:/program files (x86)/cypress/psoc creator/4.2/psoc creator/import/gnu/arm/5.4.1/bin/../lib/gcc/arm-none-eabi/5.4.1/../../../../arm-none-eabi/lib/armv6-m\libg_nano.a(lib_a-errno.o)
                              .\CortexM0p\ARM_GCC_541\Debug\Cm0plusStart.o (__errno)
c:/program files (x86)/cypress/psoc creator/4.2/psoc creator/import/gnu/arm/5.4.1/bin/../lib/gcc/arm-none-eabi/5.4.1/../../../../arm-none-eabi/lib/armv6-m\libg_nano.a(lib_a-exit.o)
                              c:/program files (x86)/cypress/psoc creator/4.2/psoc creator/import/gnu/arm/5.4.1/bin/../lib/gcc/arm-none-eabi/5.4.1/../../../../arm-none-eabi/lib/armv6-m/crt0.o (exit)
[...]
Memory Configuration

Name             Origin             Length             Attributes
rom              0x00000000         0x00008000         xr
ram              0x20000000         0x00001000         xrw
*default*        0x00000000         0xffffffff

Linker script and memory map

LOAD c:/program files (x86)/cypress/psoc creator/4.2/psoc creator/import/gnu/arm/5.4.1/bin/../lib/gcc/arm-none-eabi/5.4.1/armv6-m/crti.o
LOAD c:/program files (x86)/cypress/psoc creator/4.2/psoc creator/import/gnu/arm/5.4.1/bin/../lib/gcc/arm-none-eabi/5.4.1/armv6-m/crtbegin.o
LOAD c:/program files (x86)/cypress/psoc creator/4.2/psoc creator/import/gnu/arm/5.4.1/bin/../lib/gcc/arm-none-eabi/5.4.1/../../../../arm-none-eabi/lib/armv6-m/crt0.o
START GROUP
LOAD .\CortexM0p\ARM_GCC_541\Debug\main.o
LOAD .\CortexM0p\ARM_GCC_541\Debug\cyfitter_cfg.o
LOAD .\CortexM0p\ARM_GCC_541\Debug\cymetadata.o
LOAD .\CortexM0p\ARM_GCC_541\Debug\Cm0plusStart.o
LOAD .\CortexM0p\ARM_GCC_541\Debug\FirstTestMutal.a
LOAD ..\..\..\Documents\PSoC Creator\4.2\Downloads ( 4.2).cylib\CapSense_P4_v5_20\PSoC4\Library\Capsense_P4Library_GCCp.a
END GROUP
START GROUP
LOAD c:/program files (x86)/cypress/psoc creator/4.2/psoc creator/import/gnu/arm/5.4.1/bin/../lib/gcc/arm-none-eabi/5.4.1/armv6-m\libgcc.a
LOAD c:/program files (x86)/cypress/psoc creator/4.2/psoc creator/import/gnu/arm/5.4.1/bin/../lib/gcc/arm-none-eabi/5.4.1/../../../../arm-none-eabi/lib/armv6-m\libg_nano.a
LOAD c:/program files (x86)/cypress/psoc creator/4.2/psoc creator/import/gnu/arm/5.4.1/bin/../lib/gcc/arm-none-eabi/5.4.1/../../../../arm-none-eabi/lib/armv6-m\libc_nano.a
END GROUP
START GROUP
LOAD c:/program files (x86)/cypress/psoc creator/4.2/psoc creator/import/gnu/arm/5.4.1/bin/../lib/gcc/arm-none-eabi/5.4.1/armv6-m\libgcc.a
LOAD c:/program files (x86)/cypress/psoc creator/4.2/psoc creator/import/gnu/arm/5.4.1/bin/../lib/gcc/arm-none-eabi/5.4.1/../../../../arm-none-eabi/lib/armv6-m\libc_nano.a
END GROUP
LOAD c:/program files (x86)/cypress/psoc creator/4.2/psoc creator/import/gnu/arm/5.4.1/bin/../lib/gcc/arm-none-eabi/5.4.1/armv6-m/crtend.o
LOAD c:/program files (x86)/cypress/psoc creator/4.2/psoc creator/import/gnu/arm/5.4.1/bin/../lib/gcc/arm-none-eabi/5.4.1/armv6-m/crtn.o
START GROUP
LOAD c:/program files (x86)/cypress/psoc creator/4.2/psoc creator/import/gnu/arm/5.4.1/bin/../lib/gcc/arm-none-eabi/5.4.1/armv6-m\libgcc.a
LOAD c:/program files (x86)/cypress/psoc creator/4.2/psoc creator/import/gnu/arm/5.4.1/bin/../lib/gcc/arm-none-eabi/5.4.1/../../../../arm-none-eabi/lib/armv6-m\libc.a
LOAD c:/program files (x86)/cypress/psoc creator/4.2/psoc creator/import/gnu/arm/5.4.1/bin/../lib/gcc/arm-none-eabi/5.4.1/../../../../arm-none-eabi/lib/armv6-m\libnosys.a
END GROUP
                0x00000000                CY_APPL_ORIGIN = 0x0
                0x00000080                CY_FLASH_ROW_SIZE = 0x80
                0x00000001                CY_APPL_NUM = 0x1
                0x00000001                CY_APPL_MAX = 0x1
                0x00000040                CY_METADATA_SIZE = 0x40
                0x00000000                CY_APPL_LOADABLE = 0x0
                0x00000000                CY_CHECKSUM_EXCLUDE_SIZE = ALIGN (0x0, CY_FLASH_ROW_SIZE)
                0x00000000                CY_APP_FOR_STACK_AND_COPIER = 0x0
                [!provide]                PROVIDE (__cy_heap_start, _end)
                0x00000001                PROVIDE (__cy_region_num, ((__cy_regions_end - __cy_regions) / 0x10))
                0x20001000                PROVIDE (__cy_stack, (ORIGIN (ram) + LENGTH (ram)))
                [!provide]                PROVIDE (__cy_heap_end, (__cy_stack - 0x400))

.cybootloader   0x00000000        0x0
 *(.cybootloader)
                0x00000000                appl1_start = CY_APPL_ORIGIN?CY_APPL_ORIGIN:ALIGN (CY_FLASH_ROW_SIZE)
                0x00003f80                appl2_start = (appl1_start + ALIGN ((((LENGTH (rom) - appl1_start) - (0x2 * CY_FLASH_ROW_SIZE)) / 0x2), CY_FLASH_ROW_SIZE))
                0x00000000                appl_start = (CY_APPL_NUM == 0x1)?appl1_start:appl2_start
                0x00000001                cy_project_type_bootloader = (appl_start == 0x0)?0x1:0x0
                0x00000000                cy_project_type_app_for_stack_and_copier = (CY_APP_FOR_STACK_AND_COPIER == 0x1)?0x1:0x0

.text           0x00000000     0x1cf6
 CREATE_OBJECT_SYMBOLS
                0x00000000                PROVIDE (__cy_interrupt_vector, RomVectors)
 *(.romvectors)
 .romvectors    0x00000000       0x10 .\CortexM0p\ARM_GCC_541\Debug\Cm0plusStart.o
                0x00000000                RomVectors
                0x00000001                ASSERT ((. != __cy_interrupt_vector), No interrupt vector)
                0x00000001                ASSERT (CY_APPL_ORIGIN?(SIZEOF (.cybootloader) <= CY_APPL_ORIGIN):0x1, Wrong image location)
                0x00000010                PROVIDE (__cy_reset, Reset)
 *(.text.Reset)
 .text.Reset    0x00000010        0xc .\CortexM0p\ARM_GCC_541\Debug\Cm0plusStart.o
                0x00000010                Reset
                0x00000001                ASSERT ((. != __cy_reset), No reset code)
 *(.psocinit)
 .psocinit      0x0000001c      0x114 .\CortexM0p\ARM_GCC_541\Debug\cyfitter_cfg.o
                0x0000009c                cyfitter_cfg
                0x00000130                . = MAX (., 0x100)
 *(.text .text.* .gnu.linkonce.t.*)
 .text          0x00000130       0x60 c:/program files (x86)/cypress/psoc creator/4.2/psoc creator/import/gnu/arm/5.4.1/bin/../lib/gcc/arm-none-eabi/5.4.1/armv6-m/crtbegin.o
 .text.LED_Control
                0x00000190       0x64 .\CortexM0p\ARM_GCC_541\Debug\main.o
                0x00000190                LED_Control
 .text.main     0x000001f4       0x58 .\CortexM0p\ARM_GCC_541\Debug\main.o
                0x000001f4                main
 .text.SetAnalogRoutingPumps
                0x0000024c       0x38 .\CortexM0p\ARM_GCC_541\Debug\cyfitter_cfg.o
                0x0000024c                SetAnalogRoutingPumps
 .text.AnalogSetDefault
                0x00000284       0x20 .\CortexM0p\ARM_GCC_541\Debug\cyfitter_cfg.o
 .text.IntDefaultHandler
                0x000002a4       0x10 .\CortexM0p\ARM_GCC_541\Debug\Cm0plusStart.o
                0x000002a4                IntDefaultHandler
 .text.Start_c  0x000002b4       0x48 .\CortexM0p\ARM_GCC_541\Debug\Cm0plusStart.o
                0x000002b4                Start_c
 .text.initialize_psoc
                0x000002fc       0x40 .\CortexM0p\ARM_GCC_541\Debug\Cm0plusStart.o
                0x000002fc                initialize_psoc
 .text.UART_ScbModePostEnable
                0x0000033c        0x8 .\CortexM0p\ARM_GCC_541\Debug\FirstTestMutal.a(UART.o)
 .text.UART_Init
                0x00000344        0x8 .\CortexM0p\ARM_GCC_541\Debug\FirstTestMutal.a(UART.o)
                0x00000344                UART_Init
 .text.UART_Enable
                0x0000034c       0x18 .\CortexM0p\ARM_GCC_541\Debug\FirstTestMutal.a(UART.o)
                0x0000034c                UART_Enable
 .text.UART_Start
                0x00000364       0x20 .\CortexM0p\ARM_GCC_541\Debug\FirstTestMutal.a(UART.o)
                0x00000364                UART_Start
 .text.UART_SpiUartWriteTxData
                0x00000384       0x1c .\CortexM0p\ARM_GCC_541\Debug\FirstTestMutal.a(UART_SPI_UART.o)
                0x00000384                UART_SpiUartWriteTxData
 .text.UART_SpiUartPutArray
                0x000003a0       0x18 .\CortexM0p\ARM_GCC_541\Debug\FirstTestMutal.a(UART_SPI_UART.o)
                0x000003a0                UART_SpiUartPutArray
 .text.UART_UartInit
                0x000003b8       0xa8 .\CortexM0p\ARM_GCC_541\Debug\FirstTestMutal.a(UART_UART.o)
                0x000003b8                UART_UartInit
 .text.UART_UartPostEnable
                0x00000460       0x24 .\CortexM0p\ARM_GCC_541\Debug\FirstTestMutal.a(UART_UART.o)
                0x00000460                UART_UartPostEnable
 .text.CapSense_1_Initialize
                0x00000484       0x28 .\CortexM0p\ARM_GCC_541\Debug\FirstTestMutal.a(CapSense_1_Control.o)
                0x00000484                CapSense_1_Initialize
 .text.CapSense_1_Start
                0x000004ac       0x34 .\CortexM0p\ARM_GCC_541\Debug\FirstTestMutal.a(CapSense_1_Control.o)
                0x000004ac                CapSense_1_Start
 .text.CapSense_1_ProcessAllWidgets
                0x000004e0       0x44 .\CortexM0p\ARM_GCC_541\Debug\FirstTestMutal.a(CapSense_1_Control.o)
                0x000004e0                CapSense_1_ProcessAllWidgets
 .text.CapSense_1_DpInitialize
                0x00000524       0x58 .\CortexM0p\ARM_GCC_541\Debug\FirstTestMutal.a(CapSense_1_Processing.o)
                0x00000524                CapSense_1_DpInitialize
 .text.CapSense_1_DpUpdateDifferences
                0x0000057c       0x38 .\CortexM0p\ARM_GCC_541\Debug\FirstTestMutal.a(CapSense_1_Processing.o)
                0x0000057c                CapSense_1_DpUpdateDifferences
 .text.CapSense_1_DpProcessCsxWidgetRawCounts
                0x000005b4       0x48 .\CortexM0p\ARM_GCC_541\Debug\FirstTestMutal.a(CapSense_1_Processing.o)
                0x000005b4                CapSense_1_DpProcessCsxWidgetRawCounts
 .text.CapSense_1_DpProcessButton
                0x000005fc       0x64 .\CortexM0p\ARM_GCC_541\Debug\FirstTestMutal.a(CapSense_1_Processing.o)
                0x000005fc                CapSense_1_DpProcessButton
 .text.CapSense_1_DpProcessCsxWidgetStatus
                0x00000660       0x58 .\CortexM0p\ARM_GCC_541\Debug\FirstTestMutal.a(CapSense_1_Processing.o)
                0x00000660                CapSense_1_DpProcessCsxWidgetStatus
 .text.CapSense_1_DsInitialize
                0x000006b8       0x80 .\CortexM0p\ARM_GCC_541\Debug\FirstTestMutal.a(CapSense_1_Structure.o)
                0x000006b8                CapSense_1_DsInitialize
 .text.CapSense_1_IsAnyWidgetActive
                0x00000738       0x20 .\CortexM0p\ARM_GCC_541\Debug\FirstTestMutal.a(CapSense_1_Structure.o)
                0x00000738                CapSense_1_IsAnyWidgetActive
 .text.CapSense_1_IsWidgetActive
                0x00000758       0x24 .\CortexM0p\ARM_GCC_541\Debug\FirstTestMutal.a(CapSense_1_Structure.o)
                0x00000758                CapSense_1_IsWidgetActive
 .text.CapSense_1_TuInitialize
                0x0000077c       0x14 .\CortexM0p\ARM_GCC_541\Debug\FirstTestMutal.a(CapSense_1_Tuner.o)
                0x0000077c                CapSense_1_TuInitialize
 .text.CapSense_1_RunTuner
                0x00000790      0x128 .\CortexM0p\ARM_GCC_541\Debug\FirstTestMutal.a(CapSense_1_Tuner.o)
                0x00000790                CapSense_1_RunTuner
 .text.CapSense_1_FtInitializeBaselineChannel
                0x000008b8       0x20 .\CortexM0p\ARM_GCC_541\Debug\FirstTestMutal.a(CapSense_1_Filter.o)
                0x000008b8                CapSense_1_FtInitializeBaselineChannel
 .text.CapSense_1_FtInitializeBaseline
                0x000008d8       0x20 .\CortexM0p\ARM_GCC_541\Debug\FirstTestMutal.a(CapSense_1_Filter.o)
                0x000008d8                CapSense_1_FtInitializeBaseline
 .text.CapSense_1_InitializeSensorBaseline
                0x000008f8       0x20 .\CortexM0p\ARM_GCC_541\Debug\FirstTestMutal.a(CapSense_1_Filter.o)
                0x000008f8                CapSense_1_InitializeSensorBaseline
 .text.CapSense_1_InitializeWidgetBaseline
                0x00000918       0x24 .\CortexM0p\ARM_GCC_541\Debug\FirstTestMutal.a(CapSense_1_Filter.o)
                0x00000918                CapSense_1_InitializeWidgetBaseline
 .text.CapSense_1_InitializeAllBaselines
                0x0000093c       0x18 .\CortexM0p\ARM_GCC_541\Debug\FirstTestMutal.a(CapSense_1_Filter.o)
                0x0000093c                CapSense_1_InitializeAllBaselines
 .text.CapSense_1_InitializeIIRInternal
                0x00000954       0x24 .\CortexM0p\ARM_GCC_541\Debug\FirstTestMutal.a(CapSense_1_Filter.o)
                0x00000954                CapSense_1_InitializeIIRInternal
 .text.CapSense_1_InitializeMedianInternal
                0x00000978       0x28 .\CortexM0p\ARM_GCC_541\Debug\FirstTestMutal.a(CapSense_1_Filter.o)
                0x00000978                CapSense_1_InitializeMedianInternal
 .text.CapSense_1_InitializeAverageInternal
                0x000009a0       0x2c .\CortexM0p\ARM_GCC_541\Debug\FirstTestMutal.a(CapSense_1_Filter.o)
                0x000009a0                CapSense_1_InitializeAverageInternal
 .text.CapSense_1_InitializeWidgetFilter
                0x000009cc       0x68 .\CortexM0p\ARM_GCC_541\Debug\FirstTestMutal.a(CapSense_1_Filter.o)
                0x000009cc                CapSense_1_InitializeWidgetFilter
 .text.CapSense_1_InitializeAllFilters
                0x00000a34       0x18 .\CortexM0p\ARM_GCC_541\Debug\FirstTestMutal.a(CapSense_1_Filter.o)
                0x00000a34                CapSense_1_InitializeAllFilters
 .text.CapSense_1_FtInitialize
                0x00000a4c        0x8 .\CortexM0p\ARM_GCC_541\Debug\FirstTestMutal.a(CapSense_1_Filter.o)
                0x00000a4c                CapSense_1_FtInitialize
 .text.CapSense_1_RunAverageInternal
                0x00000a54       0x44 .\CortexM0p\ARM_GCC_541\Debug\FirstTestMutal.a(CapSense_1_Filter.o)
                0x00000a54                CapSense_1_RunAverageInternal
 .text.CapSense_1_FtMedian
                0x00000a98       0x18 .\CortexM0p\ARM_GCC_541\Debug\FirstTestMutal.a(CapSense_1_Filter.o)
                0x00000a98                CapSense_1_FtMedian
 .text.CapSense_1_RunMedianInternal
                0x00000ab0       0x50 .\CortexM0p\ARM_GCC_541\Debug\FirstTestMutal.a(CapSense_1_Filter.o)
                0x00000ab0                CapSense_1_RunMedianInternal
 .text.CapSense_1_FtIIR1stOrder
                0x00000b00       0x14 .\CortexM0p\ARM_GCC_541\Debug\FirstTestMutal.a(CapSense_1_Filter.o)
                0x00000b00                CapSense_1_FtIIR1stOrder
 .text.CapSense_1_FtUpdateBaseline
                0x00000b14       0xa0 .\CortexM0p\ARM_GCC_541\Debug\FirstTestMutal.a(CapSense_1_Filter.o)
                0x00000b14                CapSense_1_FtUpdateBaseline
 .text.CapSense_1_RunIIRInternal
                0x00000bb4       0x44 .\CortexM0p\ARM_GCC_541\Debug\FirstTestMutal.a(CapSense_1_Filter.o)
                0x00000bb4                CapSense_1_RunIIRInternal
 .text.CapSense_1_FtRunEnabledFiltersInternal
                0x00000bf8       0x24 .\CortexM0p\ARM_GCC_541\Debug\FirstTestMutal.a(CapSense_1_Filter.o)
                0x00000bf8                CapSense_1_FtRunEnabledFiltersInternal
 .text.CapSense_1_SsCalcLfsrSize
                0x00000c1c       0x84 .\CortexM0p\ARM_GCC_541\Debug\FirstTestMutal.a(CapSense_1_Sensing.o)
 .text.CapSense_1_SsCalcLfsrScale
                0x00000ca0       0x44 .\CortexM0p\ARM_GCC_541\Debug\FirstTestMutal.a(CapSense_1_Sensing.o)
 .text.CapSense_1_SsDisableCSXMode
                0x00000ce4       0x28 .\CortexM0p\ARM_GCC_541\Debug\FirstTestMutal.a(CapSense_1_Sensing.o)
 .text.CapSense_1_SsSetWidgetTxClkSrc
                0x00000d0c       0x28 .\CortexM0p\ARM_GCC_541\Debug\FirstTestMutal.a(CapSense_1_Sensing.o)
 .text.CapSense_1_IsBusy
                0x00000d34       0x10 .\CortexM0p\ARM_GCC_541\Debug\FirstTestMutal.a(CapSense_1_Sensing.o)
                0x00000d34                CapSense_1_IsBusy
 .text.CapSense_1_SetupWidget
                0x00000d44       0x40 .\CortexM0p\ARM_GCC_541\Debug\FirstTestMutal.a(CapSense_1_Sensing.o)
                0x00000d44                CapSense_1_SetupWidget
 .text.CapSense_1_Scan
                0x00000d84       0x2c .\CortexM0p\ARM_GCC_541\Debug\FirstTestMutal.a(CapSense_1_Sensing.o)
                0x00000d84                CapSense_1_Scan
 .text.CapSense_1_ScanAllWidgets
                0x00000db0       0x48 .\CortexM0p\ARM_GCC_541\Debug\FirstTestMutal.a(CapSense_1_Sensing.o)
                0x00000db0                CapSense_1_ScanAllWidgets
 .text.CapSense_1_SsSwitchSensingMode
                0x00000df8       0x40 .\CortexM0p\ARM_GCC_541\Debug\FirstTestMutal.a(CapSense_1_Sensing.o)
                0x00000df8                CapSense_1_SsSwitchSensingMode
 .text.CapSense_1_SsSetIOsInDefaultState
                0x00000e38       0x40 .\CortexM0p\ARM_GCC_541\Debug\FirstTestMutal.a(CapSense_1_Sensing.o)
                0x00000e38                CapSense_1_SsSetIOsInDefaultState
 .text.CapSense_1_SsPostAllWidgetsScan
                0x00000e78       0x78 .\CortexM0p\ARM_GCC_541\Debug\FirstTestMutal.a(CapSense_1_Sensing.o)
                0x00000e78                CapSense_1_SsPostAllWidgetsScan
 .text.CapSense_1_SsIsrInitialize
                0x00000ef0        0x8 .\CortexM0p\ARM_GCC_541\Debug\FirstTestMutal.a(CapSense_1_Sensing.o)
                0x00000ef0                CapSense_1_SsIsrInitialize
 .text.CapSense_1_SsSetModClkClockDivider
                0x00000ef8       0x30 .\CortexM0p\ARM_GCC_541\Debug\FirstTestMutal.a(CapSense_1_Sensing.o)
                0x00000ef8                CapSense_1_SsSetModClkClockDivider
 .text.CapSense_1_CalibrateWidget
                0x00000f28       0x1c .\CortexM0p\ARM_GCC_541\Debug\FirstTestMutal.a(CapSense_1_Sensing.o)
                0x00000f28                CapSense_1_CalibrateWidget
 .text.CapSense_1_CalibrateAllWidgets
                0x00000f44       0x1c .\CortexM0p\ARM_GCC_541\Debug\FirstTestMutal.a(CapSense_1_Sensing.o)
                0x00000f44                CapSense_1_CalibrateAllWidgets
 .text.CapSense_1_SsChangeImoFreq
                0x00000f60       0x14 .\CortexM0p\ARM_GCC_541\Debug\FirstTestMutal.a(CapSense_1_Sensing.o)
                0x00000f60                CapSense_1_SsChangeImoFreq
 .text.CapSense_1_SsInitializeSourceSenseClk
                0x00000f74       0x20 .\CortexM0p\ARM_GCC_541\Debug\FirstTestMutal.a(CapSense_1_Sensing.o)
                0x00000f74                CapSense_1_SsInitializeSourceSenseClk
 .text.CapSense_1_SsInitialize
                0x00000f94       0x54 .\CortexM0p\ARM_GCC_541\Debug\FirstTestMutal.a(CapSense_1_Sensing.o)
                0x00000f94                CapSense_1_SsInitialize
 .text.CapSense_1_BistDischargeExtCapacitors
                0x00000fe8       0x68 .\CortexM0p\ARM_GCC_541\Debug\FirstTestMutal.a(CapSense_1_Sensing.o)
                0x00000fe8                CapSense_1_BistDischargeExtCapacitors
 .text.CapSense_1_SsCalcCsxScanPeriod
                0x00001050        0xc .\CortexM0p\ARM_GCC_541\Debug\FirstTestMutal.a(CapSense_1_SensingCSX_LL.o)
 .text.CapSense_1_SsCSXStartSample
                0x0000105c      0x13c .\CortexM0p\ARM_GCC_541\Debug\FirstTestMutal.a(CapSense_1_SensingCSX_LL.o)
 .text.CapSense_1_CSXScanISR
                0x00001198       0x90 .\CortexM0p\ARM_GCC_541\Debug\FirstTestMutal.a(CapSense_1_SensingCSX_LL.o)
                0x00001198                CapSense_1_CSXScanISR
 .text.CapSense_1_CSXInitialize
                0x00001228      0x1d4 .\CortexM0p\ARM_GCC_541\Debug\FirstTestMutal.a(CapSense_1_SensingCSX_LL.o)
                0x00001228                CapSense_1_CSXInitialize
 .text.CapSense_1_CSXCalibrateWidget
                0x000013fc       0xec .\CortexM0p\ARM_GCC_541\Debug\FirstTestMutal.a(CapSense_1_SensingCSX_LL.o)
                0x000013fc                CapSense_1_CSXCalibrateWidget
 .text.CapSense_1_CSXConnectTx
                0x000014e8       0x20 .\CortexM0p\ARM_GCC_541\Debug\FirstTestMutal.a(CapSense_1_SensingCSX_LL.o)
                0x000014e8                CapSense_1_CSXConnectTx
 .text.CapSense_1_CSXConnectRx
                0x00001508       0x20 .\CortexM0p\ARM_GCC_541\Debug\FirstTestMutal.a(CapSense_1_SensingCSX_LL.o)
                0x00001508                CapSense_1_CSXConnectRx
 .text.CapSense_1_CSXScan
                0x00001528       0x74 .\CortexM0p\ARM_GCC_541\Debug\FirstTestMutal.a(CapSense_1_SensingCSX_LL.o)
                0x00001528                CapSense_1_CSXScan
 .text.CapSense_1_CSXDisconnectTx
                0x0000159c        0xc .\CortexM0p\ARM_GCC_541\Debug\FirstTestMutal.a(CapSense_1_SensingCSX_LL.o)
                0x0000159c                CapSense_1_CSXDisconnectTx
 .text.CapSense_1_CSXDisconnectRx
                0x000015a8       0x30 .\CortexM0p\ARM_GCC_541\Debug\FirstTestMutal.a(CapSense_1_SensingCSX_LL.o)
                0x000015a8                CapSense_1_CSXDisconnectRx
 .text.CapSense_1_SsCSXPostMultiScan
                0x000015d8      0x100 .\CortexM0p\ARM_GCC_541\Debug\FirstTestMutal.a(CapSense_1_SensingCSX_LL.o)
 .text.CapSense_1_CSXElectrodeCheck
                0x000016d8       0x24 .\CortexM0p\ARM_GCC_541\Debug\FirstTestMutal.a(CapSense_1_SensingCSX_LL.o)
                0x000016d8                CapSense_1_CSXElectrodeCheck
 .text.CapSense_1_CSXSetupWidget
                0x000016fc       0x6c .\CortexM0p\ARM_GCC_541\Debug\FirstTestMutal.a(CapSense_1_SensingCSX_LL.o)
                0x000016fc                CapSense_1_CSXSetupWidget
 .text.CapSense_1_SsCSXGetTxClkDivider
                0x00001768       0x10 .\CortexM0p\ARM_GCC_541\Debug\FirstTestMutal.a(CapSense_1_SensingCSX_LL.o)
                0x00001768                CapSense_1_SsCSXGetTxClkDivider
 .text.CapSense_1_ISR_SetVector
                0x00001778        0xc .\CortexM0p\ARM_GCC_541\Debug\FirstTestMutal.a(CapSense_1_ISR.o)
                0x00001778                CapSense_1_ISR_SetVector
 .text.CapSense_1_ISR_SetPriority
                0x00001784       0x24 .\CortexM0p\ARM_GCC_541\Debug\FirstTestMutal.a(CapSense_1_ISR.o)
                0x00001784                CapSense_1_ISR_SetPriority
 .text.CapSense_1_ISR_Enable
                0x000017a8       0x10 .\CortexM0p\ARM_GCC_541\Debug\FirstTestMutal.a(CapSense_1_ISR.o)
                0x000017a8                CapSense_1_ISR_Enable
 .text.CapSense_1_ISR_Disable
                0x000017b8       0x10 .\CortexM0p\ARM_GCC_541\Debug\FirstTestMutal.a(CapSense_1_ISR.o)
                0x000017b8                CapSense_1_ISR_Disable
 .text.CapSense_1_ISR_StartEx
                0x000017c8       0x1c .\CortexM0p\ARM_GCC_541\Debug\FirstTestMutal.a(CapSense_1_ISR.o)
                0x000017c8                CapSense_1_ISR_StartEx
 .text.CySysClkImoDisableWcoLock
                0x000017e4       0x14 .\CortexM0p\ARM_GCC_541\Debug\FirstTestMutal.a(CyLib.o)
                0x000017e4                CySysClkImoDisableWcoLock
 .text.CySysClkImoGetWcoLock
                0x000017f8       0x14 .\CortexM0p\ARM_GCC_541\Debug\FirstTestMutal.a(CyLib.o)
                0x000017f8                CySysClkImoGetWcoLock
 .text.CyIntEnable
                0x0000180c       0x14 .\CortexM0p\ARM_GCC_541\Debug\FirstTestMutal.a(CyLib.o)
                0x0000180c                CyIntEnable
 .text.CyIntDisable
                0x00001820       0x14 .\CortexM0p\ARM_GCC_541\Debug\FirstTestMutal.a(CyLib.o)
                0x00001820                CyIntDisable
 .text.CyHalt   0x00001834        0x4 .\CortexM0p\ARM_GCC_541\Debug\FirstTestMutal.a(CyLib.o)
                0x00001834                CyHalt
 .text.CyDelay  0x00001838       0x30 .\CortexM0p\ARM_GCC_541\Debug\FirstTestMutal.a(CyLib.o)
                0x00001838                CyDelay
 .text.CySysClkImoEnableWcoLock
                0x00001868       0xcc .\CortexM0p\ARM_GCC_541\Debug\FirstTestMutal.a(CyLib.o)
                0x00001868                CySysClkImoEnableWcoLock
 .text.CySysClkWriteImoFreq
                0x00001934       0xd8 .\CortexM0p\ARM_GCC_541\Debug\FirstTestMutal.a(CyLib.o)
                0x00001934                CySysClkWriteImoFreq
 .text.CyDelayUs
                0x00001a0c       0x14 .\CortexM0p\ARM_GCC_541\Debug\FirstTestMutal.a(CyLib.o)
                0x00001a0c                CyDelayUs
 .text.CySysPmSleep
                0x00001a20       0x1c .\CortexM0p\ARM_GCC_541\Debug\FirstTestMutal.a(cyPm.o)
                0x00001a20                CySysPmSleep
 .text.CySysClkWcoEnabled
                0x00001a3c       0x14 .\CortexM0p\ARM_GCC_541\Debug\FirstTestMutal.a(CyLFClk.o)
                0x00001a3c                CySysClkWcoEnabled
 .text.CySysWdtDisable
                0x00001a50       0x10 .\CortexM0p\ARM_GCC_541\Debug\FirstTestMutal.a(CyLFClk.o)
                0x00001a50                CySysWdtDisable
 .text.LED1_Write
                0x00001a60       0x18 .\CortexM0p\ARM_GCC_541\Debug\FirstTestMutal.a(LED1.o)
                0x00001a60                LED1_Write
 .text.LED2_Write
                0x00001a78       0x18 .\CortexM0p\ARM_GCC_541\Debug\FirstTestMutal.a(LED2.o)
                0x00001a78                LED2_Write
 .text.LED4_Write
                0x00001a90       0x18 .\CortexM0p\ARM_GCC_541\Debug\FirstTestMutal.a(LED4.o)
                0x00001a90                LED4_Write
 .text.LED5_Write
                0x00001aa8       0x18 .\CortexM0p\ARM_GCC_541\Debug\FirstTestMutal.a(LED5.o)
                0x00001aa8                LED5_Write
 .text.LED3_Write
                0x00001ac0       0x18 .\CortexM0p\ARM_GCC_541\Debug\FirstTestMutal.a(LED3.o)
                0x00001ac0                LED3_Write
 .text.LED0_Write
                0x00001ad8       0x18 .\CortexM0p\ARM_GCC_541\Debug\FirstTestMutal.a(LED0.o)
                0x00001ad8                LED0_Write
 .text          0x00001af0       0x20 .\CortexM0p\ARM_GCC_541\Debug\FirstTestMutal.a(CyBootAsmGnu.o)
                0x00001af0                CyDelayCycles
                0x00001b02                CyEnterCriticalSection
                0x00001b0a                CyExitCriticalSection
 .text.CySysFlashSetWaitCycles
                0x00001b10       0x54 .\CortexM0p\ARM_GCC_541\Debug\FirstTestMutal.a(CyFlash.o)
                0x00001b10                CySysFlashSetWaitCycles
 .text          0x00001b64      0x114 c:/program files (x86)/cypress/psoc creator/4.2/psoc creator/import/gnu/arm/5.4.1/bin/../lib/gcc/arm-none-eabi/5.4.1/armv6-m\libgcc.a(_udivsi3.o)
                0x00001b64                __aeabi_uidiv
                0x00001b64                __udivsi3
                0x00001c70                __aeabi_uidivmod
 .text          0x00001c78        0x4 c:/program files (x86)/cypress/psoc creator/4.2/psoc creator/import/gnu/arm/5.4.1/bin/../lib/gcc/arm-none-eabi/5.4.1/armv6-m\libgcc.a(_dvmd_tls.o)
                0x00001c78                __aeabi_idiv0
                0x00001c78                __aeabi_ldiv0
 .text.__errno  0x00001c7c        0xc c:/program files (x86)/cypress/psoc creator/4.2/psoc creator/import/gnu/arm/5.4.1/bin/../lib/gcc/arm-none-eabi/5.4.1/../../../../arm-none-eabi/lib/armv6-m\libg_nano.a(lib_a-errno.o)
                0x00001c7c                __errno
 .text.__libc_init_array
                0x00001c88       0x4c c:/program files (x86)/cypress/psoc creator/4.2/psoc creator/import/gnu/arm/5.4.1/bin/../lib/gcc/arm-none-eabi/5.4.1/../../../../arm-none-eabi/lib/armv6-m\libg_nano.a(lib_a-init.o)
                0x00001c88                __libc_init_array
 .text.memcpy   0x00001cd4       0x12 c:/program files (x86)/cypress/psoc creator/4.2/psoc creator/import/gnu/arm/5.4.1/bin/../lib/gcc/arm-none-eabi/5.4.1/../../../../arm-none-eabi/lib/armv6-m\libg_nano.a(lib_a-memcpy-stub.o)
                0x00001cd4                memcpy
 .text.memset   0x00001ce6       0x10 c:/program files (x86)/cypress/psoc creator/4.2/psoc creator/import/gnu/arm/5.4.1/bin/../lib/gcc/arm-none-eabi/5.4.1/../../../../arm-none-eabi/lib/armv6-m\libg_nano.a(lib_a-memset.o)
                0x00001ce6                memset
 *(.plt)
 *(.gnu.warning)
 *(.glue_7t)
 .glue_7t       0x00001cf6        0x0 linker stubs
 *(.glue_7)
 .glue_7        0x00001cf6        0x0 linker stubs
 *(.vfp11_veneer)
 .vfp11_veneer  0x00001cf6        0x0 linker stubs
 *(.bootloader)
 *(.ARM.extab* .gnu.linkonce.armextab.*)
 *(.gcc_except_table)

.v4_bx          0x00001cf8        0x0
 .v4_bx         0x00001cf8        0x0 linker stubs

.iplt           0x00001cf8        0x0
 .iplt          0x00001cf8        0x0 c:/program files (x86)/cypress/psoc creator/4.2/psoc creator/import/gnu/arm/5.4.1/bin/../lib/gcc/arm-none-eabi/5.4.1/armv6-m/crtbegin.o

.eh_frame_hdr
 *(.eh_frame_hdr)

.eh_frame       0x00001cf8        0x4
 *(.eh_frame)
 .eh_frame      0x00001cf8        0x0 c:/program files (x86)/cypress/psoc creator/4.2/psoc creator/import/gnu/arm/5.4.1/bin/../lib/gcc/arm-none-eabi/5.4.1/armv6-m/crtbegin.o
 .eh_frame      0x00001cf8        0x4 c:/program files (x86)/cypress/psoc creator/4.2/psoc creator/import/gnu/arm/5.4.1/bin/../lib/gcc/arm-none-eabi/5.4.1/armv6-m/crtend.o
                [!provide]                PROVIDE (__exidx_start, .)

.ARM.exidx
 *(.ARM.exidx* .gnu.linkonce.armexidx.*)
                0x00001cfc                __exidx_end = .

.rodata         0x00001cfc      0x2e4
 *(.rodata .rodata.* .gnu.linkonce.r.*)
 .rodata        0x00001cfc      0x278 .\CortexM0p\ARM_GCC_541\Debug\FirstTestMutal.a(CapSense_1_Structure.o)
                0x00001cfc                CapSense_1_ramIdacInit
                0x00001d10                CapSense_1_dsFlash
                0x00001dd0                CapSense_1_ramWidgetInit
                0x00001e24                CapSense_1_ioList
 .rodata        0x00001f74       0x1c .\CortexM0p\ARM_GCC_541\Debug\FirstTestMutal.a(CapSense_1_Tuner.o)
 .rodata        0x00001f90       0x17 .\CortexM0p\ARM_GCC_541\Debug\FirstTestMutal.a(CyLib.o)
                0x00001f90                cyImoFreqMhz2DpllOffset
 .rodata.str1.1
                0x00001fa7        0x2 c:/program files (x86)/cypress/psoc creator/4.2/psoc creator/import/gnu/arm/5.4.1/bin/../lib/gcc/arm-none-eabi/5.4.1/../../../../arm-none-eabi/lib/armv6-m\libg_nano.a(lib_a-impure.o)
                0x00001fac                . = ALIGN (0x4)
 *fill*         0x00001fa9        0x3 
 *(.init)
 .init          0x00001fac        0x4 c:/program files (x86)/cypress/psoc creator/4.2/psoc creator/import/gnu/arm/5.4.1/bin/../lib/gcc/arm-none-eabi/5.4.1/armv6-m/crti.o
                0x00001fac                _init
 .init          0x00001fb0        0x8 c:/program files (x86)/cypress/psoc creator/4.2/psoc creator/import/gnu/arm/5.4.1/bin/../lib/gcc/arm-none-eabi/5.4.1/armv6-m/crtn.o
                0x00001fb8                . = ALIGN (0x4)
                0x00001fb8                __preinit_array_start = .
 *(.preinit_array)
                0x00001fb8                __preinit_array_end = .
                0x00001fb8                . = ALIGN (0x4)
                0x00001fb8                __init_array_start = .
 *(SORT(.init_array.*))
 *(.init_array)
 .init_array    0x00001fb8        0x4 c:/program files (x86)/cypress/psoc creator/4.2/psoc creator/import/gnu/arm/5.4.1/bin/../lib/gcc/arm-none-eabi/5.4.1/armv6-m/crtbegin.o
 .init_array    0x00001fbc        0x4 .\CortexM0p\ARM_GCC_541\Debug\Cm0plusStart.o
                0x00001fc0                __init_array_end = .
                0x00001fc0                . = ALIGN (0x4)
 *(.fini)
 .fini          0x00001fc0        0x4 c:/program files (x86)/cypress/psoc creator/4.2/psoc creator/import/gnu/arm/5.4.1/bin/../lib/gcc/arm-none-eabi/5.4.1/armv6-m/crti.o
                0x00001fc0                _fini
 .fini          0x00001fc4        0x8 c:/program files (x86)/cypress/psoc creator/4.2/psoc creator/import/gnu/arm/5.4.1/bin/../lib/gcc/arm-none-eabi/5.4.1/armv6-m/crtn.o
                0x00001fcc                . = ALIGN (0x4)
                0x00001fcc                __fini_array_start = .
 *(.fini_array)
 .fini_array    0x00001fcc        0x4 c:/program files (x86)/cypress/psoc creator/4.2/psoc creator/import/gnu/arm/5.4.1/bin/../lib/gcc/arm-none-eabi/5.4.1/armv6-m/crtbegin.o
 *(SORT(.fini_array.*))
                0x00001fd0                __fini_array_end = .
                0x00001fd0                . = ALIGN (0x4)
 *crtbegin.o(.ctors)
 *(EXCLUDE_FILE(*crtend.o) .ctors)
 *(SORT(.ctors.*))
 *crtend.o(.ctors)
                0x00001fd0                . = ALIGN (0x4)
 *crtbegin.o(.dtors)
 *(EXCLUDE_FILE(*crtend.o) .dtors)
 *(SORT(.dtors.*))
 *crtend.o(.dtors)
                0x00001fd0                . = ALIGN (0x4)
                0x00001fd0                __cy_regions = .
                0x00001fd0        0x4 LONG 0x1fe0 __cy_region_init_ram
                0x00001fd4        0x4 LONG 0x20000080 __cy_region_start_data
                0x00001fd8        0x4 LONG 0x88 __cy_region_init_size_ram
                0x00001fdc        0x4 LONG 0x258 __cy_region_zero_size_ram
                0x00001fe0                __cy_regions_end = .
                0x00001fe0                . = ALIGN (0x8)
                0x00001fe0                _etext = .

.cy_checksum_exclude
                0x00001fe0        0x0
 *(.cy_checksum_exclude)

.ramvectors     0x20000000       0x80
                0x20000000                __cy_region_start_ram = .
 *(.ramvectors)
 .ramvectors    0x20000000       0x80 .\CortexM0p\ARM_GCC_541\Debug\Cm0plusStart.o
                0x20000000                CyRamVectors

.noinit
 *(.noinit)

.data           0x20000080       0x88 load address 0x00001fe0
                0x20000080                __cy_region_start_data = .
 *(.jcr)
 .jcr           0x20000080        0x0 c:/program files (x86)/cypress/psoc creator/4.2/psoc creator/import/gnu/arm/5.4.1/bin/../lib/gcc/arm-none-eabi/5.4.1/armv6-m/crtbegin.o
 .jcr           0x20000080        0x4 c:/program files (x86)/cypress/psoc creator/4.2/psoc creator/import/gnu/arm/5.4.1/bin/../lib/gcc/arm-none-eabi/5.4.1/armv6-m/crtend.o
 *(.got.plt)
 *(.got)
 *(.shdata)
 *(.data .data.* .gnu.linkonce.d.*)
 .data          0x20000084        0x7 .\CortexM0p\ARM_GCC_541\Debug\main.o
                0x20000084                header
                0x20000088                tail
 *fill*         0x2000008b        0x1 
 .data          0x2000008c        0x4 .\CortexM0p\ARM_GCC_541\Debug\FirstTestMutal.a(CapSense_1_SensingCSX_LL.o)
                0x2000008c                CapSense_1_CSXPostScanApiPtr
 .data          0x20000090       0x14 .\CortexM0p\ARM_GCC_541\Debug\FirstTestMutal.a(CyLib.o)
                0x20000090                CySysClkPumpConfig
                0x20000094                cydelay32kMs
                0x20000098                cydelayFreqKhz
                0x2000009c                cydelayFreqMhz
                0x200000a0                cydelayFreqHz
 .data.impure_data
                0x200000a4       0x60 c:/program files (x86)/cypress/psoc creator/4.2/psoc creator/import/gnu/arm/5.4.1/bin/../lib/gcc/arm-none-eabi/5.4.1/../../../../arm-none-eabi/lib/armv6-m\libg_nano.a(lib_a-impure.o)
 .data._impure_ptr
                0x20000104        0x4 c:/program files (x86)/cypress/psoc creator/4.2/psoc creator/import/gnu/arm/5.4.1/bin/../lib/gcc/arm-none-eabi/5.4.1/../../../../arm-none-eabi/lib/armv6-m\libg_nano.a(lib_a-impure.o)
                0x20000104                _impure_ptr
                0x20000108                . = ALIGN (0x8)
 *(.ram)
                0x20000108                _edata = .

.igot.plt       0x20000108        0x0 load address 0x00002068
 .igot.plt      0x20000108        0x0 c:/program files (x86)/cypress/psoc creator/4.2/psoc creator/import/gnu/arm/5.4.1/bin/../lib/gcc/arm-none-eabi/5.4.1/armv6-m/crtbegin.o

.bss            0x20000108      0x258 load address 0x00002068
                0x20000108                PROVIDE (__bss_start__, .)
 *(.shbss)
 *(.bss .bss.* .gnu.linkonce.b.*)
 .bss           0x20000108       0x1c c:/program files (x86)/cypress/psoc creator/4.2/psoc creator/import/gnu/arm/5.4.1/bin/../lib/gcc/arm-none-eabi/5.4.1/armv6-m/crtbegin.o
 .bss           0x20000124        0x4 .\CortexM0p\ARM_GCC_541\Debug\FirstTestMutal.a(UART.o)
                0x20000124                UART_initVar
                0x20000126                UART_IntrTxMask
 .bss           0x20000128        0x1 .\CortexM0p\ARM_GCC_541\Debug\FirstTestMutal.a(CapSense_1_Control.o)
 *fill*         0x20000129        0x3 
 .bss           0x2000012c       0xed .\CortexM0p\ARM_GCC_541\Debug\FirstTestMutal.a(CapSense_1_Structure.o)
 *fill*         0x20000219        0x3 
 .bss           0x2000021c        0x4 .\CortexM0p\ARM_GCC_541\Debug\FirstTestMutal.a(CapSense_1_Tuner.o)
 .bss           0x20000220        0xe .\CortexM0p\ARM_GCC_541\Debug\FirstTestMutal.a(CapSense_1_Sensing.o)
                0x20000220                CapSense_1_currentSenseMethod
                0x20000221                CapSense_1_requestScanAllWidget
                0x20000222                CapSense_1_widgetIndex
                0x20000224                CapSense_1_immunity
                0x20000228                CapSense_1_curFlashWdgtPtr
                0x2000022c                CapSense_1_sensorIndex
                0x2000022d                CapSense_1_scanFreqIndex
 *fill*         0x2000022e        0x2 
 .bss           0x20000230       0x12 .\CortexM0p\ARM_GCC_541\Debug\FirstTestMutal.a(CapSense_1_SensingCSX_LL.o)
                0x20000230                CapSense_1_csxRawCount
                0x20000232                CapSense_1_csxScanPeriod
 *(COMMON)
 *fill*         0x20000242        0x2 
 COMMON         0x20000244      0x110 .\CortexM0p\ARM_GCC_541\Debug\FirstTestMutal.a(CapSense_1_Structure.o)
                0x20000244                CapSense_1_dsRam
 COMMON         0x20000354        0x8 .\CortexM0p\ARM_GCC_541\Debug\FirstTestMutal.a(CapSense_1_Sensing.o)
                0x20000354                CapSense_1_curRamSnsPtr
                0x20000358                CapSense_1_curSnsIOPtr
                0x20000360                . = ALIGN (0x8)
 *fill*         0x2000035c        0x4 
 *(.ram.b)
                0x20000360                _end = .
                0x20000360                __end = .
                0x20000360                PROVIDE (end, .)
                0x20000360                PROVIDE (__bss_end__, .)
                0x00001fe0                __cy_region_init_ram = LOADADDR (.data)
                0x00000088                __cy_region_init_size_ram = (_edata - ADDR (.data))
                0x00000258                __cy_region_zero_size_ram = (_end - _edata)

.heap           0x20000360       0x80 load address 0x00002068
                0x20000360                . = _end
                0x200003e0                . = (. + 0x80)
 *fill*         0x20000360       0x80 
                0x200003e0                __cy_heap_limit = .

.stack          0x20000c00      0x400
                0x20000c00                __cy_stack_limit = .
                0x20001000                . = (. + 0x400)
 *fill*         0x20000c00      0x400 
                0x00000001                ASSERT ((__cy_stack_limit >= __cy_heap_limit), region RAM overflowed with stack)
                0x00000000                cy_checksum_exclude_size = (CY_APPL_LOADABLE == 0x1)?SIZEOF (.cy_checksum_exclude):0x0
                0x00000001                ASSERT ((cy_checksum_exclude_size <= CY_CHECKSUM_EXCLUDE_SIZE), CY_BOOT: Section .cy_checksum_exclude size exceedes specified limit.)
                0x00007fc0                cyloadermeta_start = (cy_project_type_bootloader || cy_project_type_app_for_stack_and_copier)?(LENGTH (rom) - CY_METADATA_SIZE):0xf0000000

.cyloadermeta
 *(.cyloadermeta)
                0x00007fc0                cyloadablemeta_start = cy_project_type_app_for_stack_and_copier?((LENGTH (rom) - CY_FLASH_ROW_SIZE) - CY_METADATA_SIZE):((LENGTH (rom) - (CY_FLASH_ROW_SIZE * (CY_APPL_NUM - 0x1))) - CY_METADATA_SIZE)

.cyloadablemeta
 *(.cyloadablemeta)

.cyflashprotect
                0x90400000       0x20
 *(.cyflashprotect)
 .cyflashprotect
                0x90400000       0x20 .\CortexM0p\ARM_GCC_541\Debug\cymetadata.o
                0x90400000                cy_meta_flashprotect

.cymeta         0x90500000        0xc
 *(.cymeta)
 .cymeta        0x90500000        0xc .\CortexM0p\ARM_GCC_541\Debug\cymetadata.o
                0x90500000                cy_metadata

.cychipprotect  0x90600000        0x1
 *(.cychipprotect)
 .cychipprotect
                0x90600000        0x1 .\CortexM0p\ARM_GCC_541\Debug\cymetadata.o
                0x90600000                cy_meta_chipprotect

.rel.dyn        0x00002068        0x0 load address 0x90600004
 .rel.iplt      0x00002068        0x0 c:/program files (x86)/cypress/psoc creator/4.2/psoc creator/import/gnu/arm/5.4.1/bin/../lib/gcc/arm-none-eabi/5.4.1/armv6-m/crtbegin.o

.stab
 *(.stab)

.stabstr
 *(.stabstr)

.debug
 *(.debug)

.line
 *(.line)

.debug_srcinfo
 *(.debug_srcinfo)

.debug_sfnames
 *(.debug_sfnames)

.debug_aranges  0x00000000      0xa90
 *(.debug_aranges)
 .debug_aranges
                0x00000000       0x28 .\CortexM0p\ARM_GCC_541\Debug\main.o
 .debug_aranges
                0x00000028       0x38 .\CortexM0p\ARM_GCC_541\Debug\cyfitter_cfg.o
 .debug_aranges
                0x00000060       0x18 .\CortexM0p\ARM_GCC_541\Debug\cymetadata.o
 .debug_aranges
                0x00000078       0x48 .\CortexM0p\ARM_GCC_541\Debug\Cm0plusStart.o
 .debug_aranges
                0x000000c0       0x58 .\CortexM0p\ARM_GCC_541\Debug\FirstTestMutal.a(UART.o)
 .debug_aranges
                0x00000118       0x48 .\CortexM0p\ARM_GCC_541\Debug\FirstTestMutal.a(UART_SPI_UART.o)
 .debug_aranges
                0x00000160       0x70 .\CortexM0p\ARM_GCC_541\Debug\FirstTestMutal.a(UART_UART.o)
 .debug_aranges
                0x000001d0       0x68 .\CortexM0p\ARM_GCC_541\Debug\FirstTestMutal.a(CapSense_1_Control.o)
 .debug_aranges
                0x00000238       0x48 .\CortexM0p\ARM_GCC_541\Debug\FirstTestMutal.a(CapSense_1_Processing.o)
 .debug_aranges
                0x00000280       0x50 .\CortexM0p\ARM_GCC_541\Debug\FirstTestMutal.a(CapSense_1_Structure.o)
 .debug_aranges
                0x000002d0       0x28 .\CortexM0p\ARM_GCC_541\Debug\FirstTestMutal.a(CapSense_1_Tuner.o)
 .debug_aranges
                0x000002f8       0xf8 .\CortexM0p\ARM_GCC_541\Debug\FirstTestMutal.a(CapSense_1_Filter.o)
 .debug_aranges
                0x000003f0       0xd0 .\CortexM0p\ARM_GCC_541\Debug\FirstTestMutal.a(CapSense_1_Sensing.o)
 .debug_aranges
                0x000004c0       0xa0 .\CortexM0p\ARM_GCC_541\Debug\FirstTestMutal.a(CapSense_1_SensingCSX_LL.o)
 .debug_aranges
                0x00000560       0x80 .\CortexM0p\ARM_GCC_541\Debug\FirstTestMutal.a(CapSense_1_ISR.o)
 .debug_aranges
                0x000005e0      0x190 .\CortexM0p\ARM_GCC_541\Debug\FirstTestMutal.a(CyLib.o)
 .debug_aranges
                0x00000770       0x30 .\CortexM0p\ARM_GCC_541\Debug\FirstTestMutal.a(cyPm.o)
 .debug_aranges
                0x000007a0       0xd8 .\CortexM0p\ARM_GCC_541\Debug\FirstTestMutal.a(CyLFClk.o)
 .debug_aranges
                0x00000878       0x48 .\CortexM0p\ARM_GCC_541\Debug\FirstTestMutal.a(LED1.o)
 .debug_aranges
                0x000008c0       0x48 .\CortexM0p\ARM_GCC_541\Debug\FirstTestMutal.a(LED2.o)
 .debug_aranges
                0x00000908       0x48 .\CortexM0p\ARM_GCC_541\Debug\FirstTestMutal.a(LED4.o)
 .debug_aranges
                0x00000950       0x48 .\CortexM0p\ARM_GCC_541\Debug\FirstTestMutal.a(LED5.o)
 .debug_aranges
                0x00000998       0x48 .\CortexM0p\ARM_GCC_541\Debug\FirstTestMutal.a(LED3.o)
 .debug_aranges
                0x000009e0       0x48 .\CortexM0p\ARM_GCC_541\Debug\FirstTestMutal.a(LED0.o)
 .debug_aranges
                0x00000a28       0x20 .\CortexM0p\ARM_GCC_541\Debug\FirstTestMutal.a(CyBootAsmGnu.o)
 .debug_aranges
                0x00000a48       0x48 .\CortexM0p\ARM_GCC_541\Debug\FirstTestMutal.a(CyFlash.o)

.debug_pubnames
 *(.debug_pubnames)

.debug_info     0x00000000     0x88a8
 *(.debug_info .gnu.linkonce.wi.*)
 .debug_info    0x00000000      0x63e .\CortexM0p\ARM_GCC_541\Debug\main.o
 .debug_info    0x0000063e      0x169 .\CortexM0p\ARM_GCC_541\Debug\cyfitter_cfg.o
 .debug_info    0x000007a7       0xf8 .\CortexM0p\ARM_GCC_541\Debug\cymetadata.o
 .debug_info    0x0000089f      0x3a5 .\CortexM0p\ARM_GCC_541\Debug\Cm0plusStart.o
 .debug_info    0x00000c44      0x23a .\CortexM0p\ARM_GCC_541\Debug\FirstTestMutal.a(UART.o)
 .debug_info    0x00000e7e      0x1bf .\CortexM0p\ARM_GCC_541\Debug\FirstTestMutal.a(UART_SPI_UART.o)
 .debug_info    0x0000103d      0x2b7 .\CortexM0p\ARM_GCC_541\Debug\FirstTestMutal.a(UART_UART.o)
 .debug_info    0x000012f4      0x9e5 .\CortexM0p\ARM_GCC_541\Debug\FirstTestMutal.a(CapSense_1_Control.o)
 .debug_info    0x00001cd9      0xa6d .\CortexM0p\ARM_GCC_541\Debug\FirstTestMutal.a(CapSense_1_Processing.o)
 .debug_info    0x00002746      0xbd9 .\CortexM0p\ARM_GCC_541\Debug\FirstTestMutal.a(CapSense_1_Structure.o)
 .debug_info    0x0000331f      0x649 .\CortexM0p\ARM_GCC_541\Debug\FirstTestMutal.a(CapSense_1_Tuner.o)
 .debug_info    0x00003968      0xf6a .\CortexM0p\ARM_GCC_541\Debug\FirstTestMutal.a(CapSense_1_Filter.o)
 .debug_info    0x000048d2      0xf12 .\CortexM0p\ARM_GCC_541\Debug\FirstTestMutal.a(CapSense_1_Sensing.o)
 .debug_info    0x000057e4      0xdd1 .\CortexM0p\ARM_GCC_541\Debug\FirstTestMutal.a(CapSense_1_SensingCSX_LL.o)
 .debug_info    0x000065b5      0x305 .\CortexM0p\ARM_GCC_541\Debug\FirstTestMutal.a(CapSense_1_ISR.o)
 .debug_info    0x000068ba      0xbd0 .\CortexM0p\ARM_GCC_541\Debug\FirstTestMutal.a(CyLib.o)
 .debug_info    0x0000748a      0x180 .\CortexM0p\ARM_GCC_541\Debug\FirstTestMutal.a(cyPm.o)
 .debug_info    0x0000760a      0x444 .\CortexM0p\ARM_GCC_541\Debug\FirstTestMutal.a(CyLFClk.o)
 .debug_info    0x00007a4e      0x19d .\CortexM0p\ARM_GCC_541\Debug\FirstTestMutal.a(LED1.o)
 .debug_info    0x00007beb      0x19d .\CortexM0p\ARM_GCC_541\Debug\FirstTestMutal.a(LED2.o)
 .debug_info    0x00007d88      0x19d .\CortexM0p\ARM_GCC_541\Debug\FirstTestMutal.a(LED4.o)
 .debug_info    0x00007f25      0x19d .\CortexM0p\ARM_GCC_541\Debug\FirstTestMutal.a(LED5.o)
 .debug_info    0x000080c2      0x19b .\CortexM0p\ARM_GCC_541\Debug\FirstTestMutal.a(LED3.o)
 .debug_info    0x0000825d      0x19d .\CortexM0p\ARM_GCC_541\Debug\FirstTestMutal.a(LED0.o)
 .debug_info    0x000083fa       0x97 .\CortexM0p\ARM_GCC_541\Debug\FirstTestMutal.a(CyBootAsmGnu.o)
 .debug_info    0x00008491      0x417 .\CortexM0p\ARM_GCC_541\Debug\FirstTestMutal.a(CyFlash.o)

.debug_abbrev   0x00000000     0x228a
 *(.debug_abbrev)
 .debug_abbrev  0x00000000      0x161 .\CortexM0p\ARM_GCC_541\Debug\main.o
 .debug_abbrev  0x00000161       0xdb .\CortexM0p\ARM_GCC_541\Debug\cyfitter_cfg.o
 .debug_abbrev  0x0000023c       0x5d .\CortexM0p\ARM_GCC_541\Debug\cymetadata.o
 .debug_abbrev  0x00000299      0x1d0 .\CortexM0p\ARM_GCC_541\Debug\Cm0plusStart.o
 .debug_abbrev  0x00000469       0xd5 .\CortexM0p\ARM_GCC_541\Debug\FirstTestMutal.a(UART.o)
 .debug_abbrev  0x0000053e       0xfd .\CortexM0p\ARM_GCC_541\Debug\FirstTestMutal.a(UART_SPI_UART.o)
 .debug_abbrev  0x0000063b      0x116 .\CortexM0p\ARM_GCC_541\Debug\FirstTestMutal.a(UART_UART.o)
 .debug_abbrev  0x00000751      0x234 .\CortexM0p\ARM_GCC_541\Debug\FirstTestMutal.a(CapSense_1_Control.o)
 .debug_abbrev  0x00000985      0x1de .\CortexM0p\ARM_GCC_541\Debug\FirstTestMutal.a(CapSense_1_Processing.o)
 .debug_abbrev  0x00000b63      0x22c .\CortexM0p\ARM_GCC_541\Debug\FirstTestMutal.a(CapSense_1_Structure.o)
 .debug_abbrev  0x00000d8f      0x182 .\CortexM0p\ARM_GCC_541\Debug\FirstTestMutal.a(CapSense_1_Tuner.o)
 .debug_abbrev  0x00000f11      0x245 .\CortexM0p\ARM_GCC_541\Debug\FirstTestMutal.a(CapSense_1_Filter.o)
 .debug_abbrev  0x00001156      0x219 .\CortexM0p\ARM_GCC_541\Debug\FirstTestMutal.a(CapSense_1_Sensing.o)
 .debug_abbrev  0x0000136f      0x2bb .\CortexM0p\ARM_GCC_541\Debug\FirstTestMutal.a(CapSense_1_SensingCSX_LL.o)
 .debug_abbrev  0x0000162a      0x19a .\CortexM0p\ARM_GCC_541\Debug\FirstTestMutal.a(CapSense_1_ISR.o)
 .debug_abbrev  0x000017c4      0x209 .\CortexM0p\ARM_GCC_541\Debug\FirstTestMutal.a(CyLib.o)
 .debug_abbrev  0x000019cd       0xac .\CortexM0p\ARM_GCC_541\Debug\FirstTestMutal.a(cyPm.o)
 .debug_abbrev  0x00001a79      0x1af .\CortexM0p\ARM_GCC_541\Debug\FirstTestMutal.a(CyLFClk.o)
 .debug_abbrev  0x00001c28       0xc8 .\CortexM0p\ARM_GCC_541\Debug\FirstTestMutal.a(LED1.o)
 .debug_abbrev  0x00001cf0       0xc8 .\CortexM0p\ARM_GCC_541\Debug\FirstTestMutal.a(LED2.o)
 .debug_abbrev  0x00001db8       0xc8 .\CortexM0p\ARM_GCC_541\Debug\FirstTestMutal.a(LED4.o)
 .debug_abbrev  0x00001e80       0xc8 .\CortexM0p\ARM_GCC_541\Debug\FirstTestMutal.a(LED5.o)
 .debug_abbrev  0x00001f48       0xc8 .\CortexM0p\ARM_GCC_541\Debug\FirstTestMutal.a(LED3.o)
 .debug_abbrev  0x00002010       0xc8 .\CortexM0p\ARM_GCC_541\Debug\FirstTestMutal.a(LED0.o)
 .debug_abbrev  0x000020d8       0x14 .\CortexM0p\ARM_GCC_541\Debug\FirstTestMutal.a(CyBootAsmGnu.o)
 .debug_abbrev  0x000020ec      0x19e .\CortexM0p\ARM_GCC_541\Debug\FirstTestMutal.a(CyFlash.o)

.debug_line     0x00000000     0x2c24
 *(.debug_line)
 .debug_line    0x00000000      0x163 .\CortexM0p\ARM_GCC_541\Debug\main.o
 .debug_line    0x00000163       0xbf .\CortexM0p\ARM_GCC_541\Debug\cyfitter_cfg.o
 .debug_line    0x00000222      0x141 .\CortexM0p\ARM_GCC_541\Debug\cymetadata.o
 .debug_line    0x00000363      0x247 .\CortexM0p\ARM_GCC_541\Debug\Cm0plusStart.o
 .debug_line    0x000005aa      0x108 .\CortexM0p\ARM_GCC_541\Debug\FirstTestMutal.a(UART.o)
 .debug_line    0x000006b2       0xde .\CortexM0p\ARM_GCC_541\Debug\FirstTestMutal.a(UART_SPI_UART.o)
 .debug_line    0x00000790      0x172 .\CortexM0p\ARM_GCC_541\Debug\FirstTestMutal.a(UART_UART.o)
 .debug_line    0x00000902      0x222 .\CortexM0p\ARM_GCC_541\Debug\FirstTestMutal.a(CapSense_1_Control.o)
 .debug_line    0x00000b24      0x2d8 .\CortexM0p\ARM_GCC_541\Debug\FirstTestMutal.a(CapSense_1_Processing.o)
 .debug_line    0x00000dfc      0x1c5 .\CortexM0p\ARM_GCC_541\Debug\FirstTestMutal.a(CapSense_1_Structure.o)
 .debug_line    0x00000fc1      0x128 .\CortexM0p\ARM_GCC_541\Debug\FirstTestMutal.a(CapSense_1_Tuner.o)
 .debug_line    0x000010e9      0x3d0 .\CortexM0p\ARM_GCC_541\Debug\FirstTestMutal.a(CapSense_1_Filter.o)
 .debug_line    0x000014b9      0x414 .\CortexM0p\ARM_GCC_541\Debug\FirstTestMutal.a(CapSense_1_Sensing.o)
 .debug_line    0x000018cd      0x365 .\CortexM0p\ARM_GCC_541\Debug\FirstTestMutal.a(CapSense_1_SensingCSX_LL.o)
 .debug_line    0x00001c32      0x15a .\CortexM0p\ARM_GCC_541\Debug\FirstTestMutal.a(CapSense_1_ISR.o)
 .debug_line    0x00001d8c      0x4c9 .\CortexM0p\ARM_GCC_541\Debug\FirstTestMutal.a(CyLib.o)
 .debug_line    0x00002255       0x9b .\CortexM0p\ARM_GCC_541\Debug\FirstTestMutal.a(cyPm.o)
 .debug_line    0x000022f0      0x284 .\CortexM0p\ARM_GCC_541\Debug\FirstTestMutal.a(CyLFClk.o)
 .debug_line    0x00002574       0xbc .\CortexM0p\ARM_GCC_541\Debug\FirstTestMutal.a(LED1.o)
 .debug_line    0x00002630       0xbc .\CortexM0p\ARM_GCC_541\Debug\FirstTestMutal.a(LED2.o)
 .debug_line    0x000026ec       0xbc .\CortexM0p\ARM_GCC_541\Debug\FirstTestMutal.a(LED4.o)
 .debug_line    0x000027a8       0xbc .\CortexM0p\ARM_GCC_541\Debug\FirstTestMutal.a(LED5.o)
 .debug_line    0x00002864       0xbb .\CortexM0p\ARM_GCC_541\Debug\FirstTestMutal.a(LED3.o)
 .debug_line    0x0000291f       0xbc .\CortexM0p\ARM_GCC_541\Debug\FirstTestMutal.a(LED0.o)
 .debug_line    0x000029db       0x68 .\CortexM0p\ARM_GCC_541\Debug\FirstTestMutal.a(CyBootAsmGnu.o)
 .debug_line    0x00002a43      0x1e1 .\CortexM0p\ARM_GCC_541\Debug\FirstTestMutal.a(CyFlash.o)

.debug_frame    0x00000000     0x1a2c
 *(.debug_frame)
 .debug_frame   0x00000000       0x48 .\CortexM0p\ARM_GCC_541\Debug\main.o
 .debug_frame   0x00000048       0x74 .\CortexM0p\ARM_GCC_541\Debug\cyfitter_cfg.o
 .debug_frame   0x000000bc       0xbc .\CortexM0p\ARM_GCC_541\Debug\Cm0plusStart.o
 .debug_frame   0x00000178       0xd8 .\CortexM0p\ARM_GCC_541\Debug\FirstTestMutal.a(UART.o)
 .debug_frame   0x00000250       0x80 .\CortexM0p\ARM_GCC_541\Debug\FirstTestMutal.a(UART_SPI_UART.o)
 .debug_frame   0x000002d0       0xec .\CortexM0p\ARM_GCC_541\Debug\FirstTestMutal.a(UART_UART.o)
 .debug_frame   0x000003bc      0x120 .\CortexM0p\ARM_GCC_541\Debug\FirstTestMutal.a(CapSense_1_Control.o)
 .debug_frame   0x000004dc       0xe0 .\CortexM0p\ARM_GCC_541\Debug\FirstTestMutal.a(CapSense_1_Processing.o)
 .debug_frame   0x000005bc       0xc0 .\CortexM0p\ARM_GCC_541\Debug\FirstTestMutal.a(CapSense_1_Structure.o)
 .debug_frame   0x0000067c       0x40 .\CortexM0p\ARM_GCC_541\Debug\FirstTestMutal.a(CapSense_1_Tuner.o)
 .debug_frame   0x000006bc      0x388 .\CortexM0p\ARM_GCC_541\Debug\FirstTestMutal.a(CapSense_1_Filter.o)
 .debug_frame   0x00000a44      0x280 .\CortexM0p\ARM_GCC_541\Debug\FirstTestMutal.a(CapSense_1_Sensing.o)
 .debug_frame   0x00000cc4      0x1ec .\CortexM0p\ARM_GCC_541\Debug\FirstTestMutal.a(CapSense_1_SensingCSX_LL.o)
 .debug_frame   0x00000eb0      0x110 .\CortexM0p\ARM_GCC_541\Debug\FirstTestMutal.a(CapSense_1_ISR.o)
 .debug_frame   0x00000fc0      0x414 .\CortexM0p\ARM_GCC_541\Debug\FirstTestMutal.a(CyLib.o)
 .debug_frame   0x000013d4       0x58 .\CortexM0p\ARM_GCC_541\Debug\FirstTestMutal.a(cyPm.o)
 .debug_frame   0x0000142c      0x1dc .\CortexM0p\ARM_GCC_541\Debug\FirstTestMutal.a(CyLFClk.o)
 .debug_frame   0x00001608       0x70 .\CortexM0p\ARM_GCC_541\Debug\FirstTestMutal.a(LED1.o)
 .debug_frame   0x00001678       0x70 .\CortexM0p\ARM_GCC_541\Debug\FirstTestMutal.a(LED2.o)
 .debug_frame   0x000016e8       0x70 .\CortexM0p\ARM_GCC_541\Debug\FirstTestMutal.a(LED4.o)
 .debug_frame   0x00001758       0x70 .\CortexM0p\ARM_GCC_541\Debug\FirstTestMutal.a(LED5.o)
 .debug_frame   0x000017c8       0x70 .\CortexM0p\ARM_GCC_541\Debug\FirstTestMutal.a(LED3.o)
 .debug_frame   0x00001838       0x70 .\CortexM0p\ARM_GCC_541\Debug\FirstTestMutal.a(LED0.o)
 .debug_frame   0x000018a8       0xa8 .\CortexM0p\ARM_GCC_541\Debug\FirstTestMutal.a(CyFlash.o)
 .debug_frame   0x00001950       0x20 c:/program files (x86)/cypress/psoc creator/4.2/psoc creator/import/gnu/arm/5.4.1/bin/../lib/gcc/arm-none-eabi/5.4.1/armv6-m\libgcc.a(_udivsi3.o)
 .debug_frame   0x00001970       0x20 c:/program files (x86)/cypress/psoc creator/4.2/psoc creator/import/gnu/arm/5.4.1/bin/../lib/gcc/arm-none-eabi/5.4.1/../../../../arm-none-eabi/lib/armv6-m\libg_nano.a(lib_a-errno.o)
 .debug_frame   0x00001990       0x28 c:/program files (x86)/cypress/psoc creator/4.2/psoc creator/import/gnu/arm/5.4.1/bin/../lib/gcc/arm-none-eabi/5.4.1/../../../../arm-none-eabi/lib/armv6-m\libg_nano.a(lib_a-exit.o)
 .debug_frame   0x000019b8       0x2c c:/program files (x86)/cypress/psoc creator/4.2/psoc creator/import/gnu/arm/5.4.1/bin/../lib/gcc/arm-none-eabi/5.4.1/../../../../arm-none-eabi/lib/armv6-m\libg_nano.a(lib_a-init.o)
 .debug_frame   0x000019e4       0x28 c:/program files (x86)/cypress/psoc creator/4.2/psoc creator/import/gnu/arm/5.4.1/bin/../lib/gcc/arm-none-eabi/5.4.1/../../../../arm-none-eabi/lib/armv6-m\libg_nano.a(lib_a-memcpy-stub.o)
 .debug_frame   0x00001a0c       0x20 c:/program files (x86)/cypress/psoc creator/4.2/psoc creator/import/gnu/arm/5.4.1/bin/../lib/gcc/arm-none-eabi/5.4.1/../../../../arm-none-eabi/lib/armv6-m\libg_nano.a(lib_a-memset.o)

.debug_str      0x00000000     0x2e93
 *(.debug_str)
 .debug_str     0x00000000      0x4d2 .\CortexM0p\ARM_GCC_541\Debug\main.o
                                0x519 (size before relaxing)
 .debug_str     0x000004d2       0x91 .\CortexM0p\ARM_GCC_541\Debug\cyfitter_cfg.o
                                0x224 (size before relaxing)
 .debug_str     0x00000563       0x63 .\CortexM0p\ARM_GCC_541\Debug\cymetadata.o
                                0x1d3 (size before relaxing)
 .debug_str     0x000005c6      0x15b .\CortexM0p\ARM_GCC_541\Debug\Cm0plusStart.o
                                0x31a (size before relaxing)
 .debug_str     0x00000721       0xf7 .\CortexM0p\ARM_GCC_541\Debug\FirstTestMutal.a(UART.o)
                                0x2a2 (size before relaxing)
 .debug_str     0x00000818       0xcc .\CortexM0p\ARM_GCC_541\Debug\FirstTestMutal.a(UART_SPI_UART.o)
                                0x285 (size before relaxing)
 .debug_str     0x000008e4      0x12f .\CortexM0p\ARM_GCC_541\Debug\FirstTestMutal.a(UART_UART.o)
                                0x329 (size before relaxing)
 .debug_str     0x00000a13      0x466 .\CortexM0p\ARM_GCC_541\Debug\FirstTestMutal.a(CapSense_1_Control.o)
                                0x8a1 (size before relaxing)
 .debug_str     0x00000e79      0x24e .\CortexM0p\ARM_GCC_541\Debug\FirstTestMutal.a(CapSense_1_Processing.o)
                                0x87b (size before relaxing)
 .debug_str     0x000010c7      0x2f6 .\CortexM0p\ARM_GCC_541\Debug\FirstTestMutal.a(CapSense_1_Structure.o)
                                0x97b (size before relaxing)
 .debug_str     0x000013bd      0x171 .\CortexM0p\ARM_GCC_541\Debug\FirstTestMutal.a(CapSense_1_Tuner.o)
                                0x671 (size before relaxing)
 .debug_str     0x0000152e      0x3b2 .\CortexM0p\ARM_GCC_541\Debug\FirstTestMutal.a(CapSense_1_Filter.o)
                                0x920 (size before relaxing)
 .debug_str     0x000018e0      0x524 .\CortexM0p\ARM_GCC_541\Debug\FirstTestMutal.a(CapSense_1_Sensing.o)
                                0xbd6 (size before relaxing)
 .debug_str     0x00001e04      0x31f .\CortexM0p\ARM_GCC_541\Debug\FirstTestMutal.a(CapSense_1_SensingCSX_LL.o)
                                0xb88 (size before relaxing)
 .debug_str     0x00002123      0x165 .\CortexM0p\ARM_GCC_541\Debug\FirstTestMutal.a(CapSense_1_ISR.o)
                                0x373 (size before relaxing)
 .debug_str     0x00002288      0x4dd .\CortexM0p\ARM_GCC_541\Debug\FirstTestMutal.a(CyLib.o)
                                0x72e (size before relaxing)
 .debug_str     0x00002765       0x5f .\CortexM0p\ARM_GCC_541\Debug\FirstTestMutal.a(cyPm.o)
                                0x248 (size before relaxing)
 .debug_str     0x000027c4      0x2d0 .\CortexM0p\ARM_GCC_541\Debug\FirstTestMutal.a(CyLFClk.o)
                                0x4c5 (size before relaxing)
 .debug_str     0x00002a94       0x99 .\CortexM0p\ARM_GCC_541\Debug\FirstTestMutal.a(LED1.o)
                                0x23a (size before relaxing)
 .debug_str     0x00002b2d       0x75 .\CortexM0p\ARM_GCC_541\Debug\FirstTestMutal.a(LED2.o)
                                0x23a (size before relaxing)
 .debug_str     0x00002ba2       0x75 .\CortexM0p\ARM_GCC_541\Debug\FirstTestMutal.a(LED4.o)
                                0x23a (size before relaxing)
 .debug_str     0x00002c17       0x75 .\CortexM0p\ARM_GCC_541\Debug\FirstTestMutal.a(LED5.o)
                                0x23a (size before relaxing)
 .debug_str     0x00002c8c       0x75 .\CortexM0p\ARM_GCC_541\Debug\FirstTestMutal.a(LED3.o)
                                0x23a (size before relaxing)
 .debug_str     0x00002d01       0x75 .\CortexM0p\ARM_GCC_541\Debug\FirstTestMutal.a(LED0.o)
                                0x23a (size before relaxing)
 .debug_str     0x00002d76      0x11d .\CortexM0p\ARM_GCC_541\Debug\FirstTestMutal.a(CyFlash.o)
                                0x32d (size before relaxing)

.debug_loc      0x00000000     0x3d2b
 *(.debug_loc)
 .debug_loc     0x00000000       0x35 .\CortexM0p\ARM_GCC_541\Debug\cyfitter_cfg.o
 .debug_loc     0x00000035      0x14f .\CortexM0p\ARM_GCC_541\Debug\Cm0plusStart.o
 .debug_loc     0x00000184       0x7e .\CortexM0p\ARM_GCC_541\Debug\FirstTestMutal.a(UART.o)
 .debug_loc     0x00000202       0x77 .\CortexM0p\ARM_GCC_541\Debug\FirstTestMutal.a(UART_SPI_UART.o)
 .debug_loc     0x00000279      0x160 .\CortexM0p\ARM_GCC_541\Debug\FirstTestMutal.a(UART_UART.o)
 .debug_loc     0x000003d9      0x3cb .\CortexM0p\ARM_GCC_541\Debug\FirstTestMutal.a(CapSense_1_Control.o)
 .debug_loc     0x000007a4      0x5ab .\CortexM0p\ARM_GCC_541\Debug\FirstTestMutal.a(CapSense_1_Processing.o)
 .debug_loc     0x00000d4f      0x3df .\CortexM0p\ARM_GCC_541\Debug\FirstTestMutal.a(CapSense_1_Structure.o)
 .debug_loc     0x0000112e      0x176 .\CortexM0p\ARM_GCC_541\Debug\FirstTestMutal.a(CapSense_1_Tuner.o)
 .debug_loc     0x000012a4      0xe82 .\CortexM0p\ARM_GCC_541\Debug\FirstTestMutal.a(CapSense_1_Filter.o)
 .debug_loc     0x00002126      0x7ce .\CortexM0p\ARM_GCC_541\Debug\FirstTestMutal.a(CapSense_1_Sensing.o)
 .debug_loc     0x000028f4      0x4cf .\CortexM0p\ARM_GCC_541\Debug\FirstTestMutal.a(CapSense_1_SensingCSX_LL.o)
 .debug_loc     0x00002dc3       0x82 .\CortexM0p\ARM_GCC_541\Debug\FirstTestMutal.a(CapSense_1_ISR.o)
 .debug_loc     0x00002e45      0x5e3 .\CortexM0p\ARM_GCC_541\Debug\FirstTestMutal.a(CyLib.o)
 .debug_loc     0x00003428       0x47 .\CortexM0p\ARM_GCC_541\Debug\FirstTestMutal.a(cyPm.o)
 .debug_loc     0x0000346f      0x354 .\CortexM0p\ARM_GCC_541\Debug\FirstTestMutal.a(CyLFClk.o)
 .debug_loc     0x000037c3       0xa2 .\CortexM0p\ARM_GCC_541\Debug\FirstTestMutal.a(LED1.o)
 .debug_loc     0x00003865       0xa2 .\CortexM0p\ARM_GCC_541\Debug\FirstTestMutal.a(LED2.o)
 .debug_loc     0x00003907       0xa2 .\CortexM0p\ARM_GCC_541\Debug\FirstTestMutal.a(LED4.o)
 .debug_loc     0x000039a9       0xa2 .\CortexM0p\ARM_GCC_541\Debug\FirstTestMutal.a(LED5.o)
 .debug_loc     0x00003a4b       0x81 .\CortexM0p\ARM_GCC_541\Debug\FirstTestMutal.a(LED3.o)
 .debug_loc     0x00003acc       0xa2 .\CortexM0p\ARM_GCC_541\Debug\FirstTestMutal.a(LED0.o)
 .debug_loc     0x00003b6e      0x1bd .\CortexM0p\ARM_GCC_541\Debug\FirstTestMutal.a(CyFlash.o)

.debug_macinfo
 *(.debug_macinfo)

.debug_ranges   0x00000000      0x8d8
 *(.debug_ranges)
 .debug_ranges  0x00000000       0x18 .\CortexM0p\ARM_GCC_541\Debug\main.o
 .debug_ranges  0x00000018       0x28 .\CortexM0p\ARM_GCC_541\Debug\cyfitter_cfg.o
 .debug_ranges  0x00000040       0x38 .\CortexM0p\ARM_GCC_541\Debug\Cm0plusStart.o
 .debug_ranges  0x00000078       0x48 .\CortexM0p\ARM_GCC_541\Debug\FirstTestMutal.a(UART.o)
 .debug_ranges  0x000000c0       0x38 .\CortexM0p\ARM_GCC_541\Debug\FirstTestMutal.a(UART_SPI_UART.o)
 .debug_ranges  0x000000f8       0x60 .\CortexM0p\ARM_GCC_541\Debug\FirstTestMutal.a(UART_UART.o)
 .debug_ranges  0x00000158       0x58 .\CortexM0p\ARM_GCC_541\Debug\FirstTestMutal.a(CapSense_1_Control.o)
 .debug_ranges  0x000001b0       0x38 .\CortexM0p\ARM_GCC_541\Debug\FirstTestMutal.a(CapSense_1_Processing.o)
 .debug_ranges  0x000001e8       0x40 .\CortexM0p\ARM_GCC_541\Debug\FirstTestMutal.a(CapSense_1_Structure.o)
 .debug_ranges  0x00000228       0x18 .\CortexM0p\ARM_GCC_541\Debug\FirstTestMutal.a(CapSense_1_Tuner.o)
 .debug_ranges  0x00000240       0xe8 .\CortexM0p\ARM_GCC_541\Debug\FirstTestMutal.a(CapSense_1_Filter.o)
 .debug_ranges  0x00000328       0xc0 .\CortexM0p\ARM_GCC_541\Debug\FirstTestMutal.a(CapSense_1_Sensing.o)
 .debug_ranges  0x000003e8       0x90 .\CortexM0p\ARM_GCC_541\Debug\FirstTestMutal.a(CapSense_1_SensingCSX_LL.o)
 .debug_ranges  0x00000478       0x70 .\CortexM0p\ARM_GCC_541\Debug\FirstTestMutal.a(CapSense_1_ISR.o)
 .debug_ranges  0x000004e8      0x180 .\CortexM0p\ARM_GCC_541\Debug\FirstTestMutal.a(CyLib.o)
 .debug_ranges  0x00000668       0x20 .\CortexM0p\ARM_GCC_541\Debug\FirstTestMutal.a(cyPm.o)
 .debug_ranges  0x00000688       0xc8 .\CortexM0p\ARM_GCC_541\Debug\FirstTestMutal.a(CyLFClk.o)
 .debug_ranges  0x00000750       0x38 .\CortexM0p\ARM_GCC_541\Debug\FirstTestMutal.a(LED1.o)
 .debug_ranges  0x00000788       0x38 .\CortexM0p\ARM_GCC_541\Debug\FirstTestMutal.a(LED2.o)
 .debug_ranges  0x000007c0       0x38 .\CortexM0p\ARM_GCC_541\Debug\FirstTestMutal.a(LED4.o)
 .debug_ranges  0x000007f8       0x38 .\CortexM0p\ARM_GCC_541\Debug\FirstTestMutal.a(LED5.o)
 .debug_ranges  0x00000830       0x38 .\CortexM0p\ARM_GCC_541\Debug\FirstTestMutal.a(LED3.o)
 .debug_ranges  0x00000868       0x38 .\CortexM0p\ARM_GCC_541\Debug\FirstTestMutal.a(LED0.o)
 .debug_ranges  0x000008a0       0x38 .\CortexM0p\ARM_GCC_541\Debug\FirstTestMutal.a(CyFlash.o)

.comment        0x00000000       0x6e
 .comment       0x00000000       0x6e .\CortexM0p\ARM_GCC_541\Debug\main.o
                                 0x6f (size before relaxing)
 .comment       0x0000006e       0x6f .\CortexM0p\ARM_GCC_541\Debug\cyfitter_cfg.o
 .comment       0x0000006e       0x6f .\CortexM0p\ARM_GCC_541\Debug\cymetadata.o
 .comment       0x0000006e       0x6f .\CortexM0p\ARM_GCC_541\Debug\Cm0plusStart.o
 .comment       0x0000006e       0x6f .\CortexM0p\ARM_GCC_541\Debug\FirstTestMutal.a(UART.o)
 .comment       0x0000006e       0x6f .\CortexM0p\ARM_GCC_541\Debug\FirstTestMutal.a(UART_SPI_UART.o)
 .comment       0x0000006e       0x6f .\CortexM0p\ARM_GCC_541\Debug\FirstTestMutal.a(UART_UART.o)
 .comment       0x0000006e       0x6f .\CortexM0p\ARM_GCC_541\Debug\FirstTestMutal.a(CapSense_1_Control.o)
 .comment       0x0000006e       0x6f .\CortexM0p\ARM_GCC_541\Debug\FirstTestMutal.a(CapSense_1_Processing.o)
 .comment       0x0000006e       0x6f .\CortexM0p\ARM_GCC_541\Debug\FirstTestMutal.a(CapSense_1_Structure.o)
 .comment       0x0000006e       0x6f .\CortexM0p\ARM_GCC_541\Debug\FirstTestMutal.a(CapSense_1_Tuner.o)
 .comment       0x0000006e       0x6f .\CortexM0p\ARM_GCC_541\Debug\FirstTestMutal.a(CapSense_1_Filter.o)
 .comment       0x0000006e       0x6f .\CortexM0p\ARM_GCC_541\Debug\FirstTestMutal.a(CapSense_1_Sensing.o)
 .comment       0x0000006e       0x6f .\CortexM0p\ARM_GCC_541\Debug\FirstTestMutal.a(CapSense_1_SensingCSX_LL.o)
 .comment       0x0000006e       0x6f .\CortexM0p\ARM_GCC_541\Debug\FirstTestMutal.a(CapSense_1_ISR.o)
 .comment       0x0000006e       0x6f .\CortexM0p\ARM_GCC_541\Debug\FirstTestMutal.a(CyLib.o)
 .comment       0x0000006e       0x6f .\CortexM0p\ARM_GCC_541\Debug\FirstTestMutal.a(cyPm.o)
 .comment       0x0000006e       0x6f .\CortexM0p\ARM_GCC_541\Debug\FirstTestMutal.a(CyLFClk.o)
 .comment       0x0000006e       0x6f .\CortexM0p\ARM_GCC_541\Debug\FirstTestMutal.a(LED1.o)
 .comment       0x0000006e       0x6f .\CortexM0p\ARM_GCC_541\Debug\FirstTestMutal.a(LED2.o)
 .comment       0x0000006e       0x6f .\CortexM0p\ARM_GCC_541\Debug\FirstTestMutal.a(LED4.o)
 .comment       0x0000006e       0x6f .\CortexM0p\ARM_GCC_541\Debug\FirstTestMutal.a(LED5.o)
 .comment       0x0000006e       0x6f .\CortexM0p\ARM_GCC_541\Debug\FirstTestMutal.a(LED3.o)
 .comment       0x0000006e       0x6f .\CortexM0p\ARM_GCC_541\Debug\FirstTestMutal.a(LED0.o)
 .comment       0x0000006e       0x6f .\CortexM0p\ARM_GCC_541\Debug\FirstTestMutal.a(CyFlash.o)

.debug_weaknames
 *(.debug_weaknames)

.debug_funcnames
 *(.debug_funcnames)

.debug_typenames
 *(.debug_typenames)

.debug_varnames
 *(.debug_varnames)

.note.gnu.arm.ident
 *(.note.gnu.arm.ident)

.ARM.attributes
                0x00000000       0x28
 *(.ARM.attributes)
 .ARM.attributes
                0x00000000       0x1e c:/program files (x86)/cypress/psoc creator/4.2/psoc creator/import/gnu/arm/5.4.1/bin/../lib/gcc/arm-none-eabi/5.4.1/armv6-m/crti.o
 .ARM.attributes
                0x0000001e       0x2c c:/program files (x86)/cypress/psoc creator/4.2/psoc creator/import/gnu/arm/5.4.1/bin/../lib/gcc/arm-none-eabi/5.4.1/armv6-m/crtbegin.o
 .ARM.attributes
                0x0000004a       0x1b c:/program files (x86)/cypress/psoc creator/4.2/psoc creator/import/gnu/arm/5.4.1/bin/../lib/gcc/arm-none-eabi/5.4.1/../../../../arm-none-eabi/lib/armv6-m/crt0.o
 .ARM.attributes
                0x00000065       0x32 .\CortexM0p\ARM_GCC_541\Debug\main.o
 .ARM.attributes
                0x00000097       0x32 .\CortexM0p\ARM_GCC_541\Debug\cyfitter_cfg.o
 .ARM.attributes
                0x000000c9       0x32 .\CortexM0p\ARM_GCC_541\Debug\cymetadata.o
 .ARM.attributes
                0x000000fb       0x32 .\CortexM0p\ARM_GCC_541\Debug\Cm0plusStart.o
 .ARM.attributes
                0x0000012d       0x32 .\CortexM0p\ARM_GCC_541\Debug\FirstTestMutal.a(UART.o)
 .ARM.attributes
                0x0000015f       0x32 .\CortexM0p\ARM_GCC_541\Debug\FirstTestMutal.a(UART_SPI_UART.o)
 .ARM.attributes
                0x00000191       0x32 .\CortexM0p\ARM_GCC_541\Debug\FirstTestMutal.a(UART_UART.o)
 .ARM.attributes
                0x000001c3       0x32 .\CortexM0p\ARM_GCC_541\Debug\FirstTestMutal.a(CapSense_1_Control.o)
 .ARM.attributes
                0x000001f5       0x32 .\CortexM0p\ARM_GCC_541\Debug\FirstTestMutal.a(CapSense_1_Processing.o)
 .ARM.attributes
                0x00000227       0x32 .\CortexM0p\ARM_GCC_541\Debug\FirstTestMutal.a(CapSense_1_Structure.o)
 .ARM.attributes
                0x00000259       0x32 .\CortexM0p\ARM_GCC_541\Debug\FirstTestMutal.a(CapSense_1_Tuner.o)
 .ARM.attributes
                0x0000028b       0x32 .\CortexM0p\ARM_GCC_541\Debug\FirstTestMutal.a(CapSense_1_Filter.o)
 .ARM.attributes
                0x000002bd       0x32 .\CortexM0p\ARM_GCC_541\Debug\FirstTestMutal.a(CapSense_1_Sensing.o)
 .ARM.attributes
                0x000002ef       0x32 .\CortexM0p\ARM_GCC_541\Debug\FirstTestMutal.a(CapSense_1_SensingCSX_LL.o)
 .ARM.attributes
                0x00000321       0x32 .\CortexM0p\ARM_GCC_541\Debug\FirstTestMutal.a(CapSense_1_ISR.o)
 .ARM.attributes
                0x00000353       0x32 .\CortexM0p\ARM_GCC_541\Debug\FirstTestMutal.a(CyLib.o)
 .ARM.attributes
                0x00000385       0x32 .\CortexM0p\ARM_GCC_541\Debug\FirstTestMutal.a(cyPm.o)
 .ARM.attributes
                0x000003b7       0x32 .\CortexM0p\ARM_GCC_541\Debug\FirstTestMutal.a(CyLFClk.o)
 .ARM.attributes
                0x000003e9       0x32 .\CortexM0p\ARM_GCC_541\Debug\FirstTestMutal.a(LED1.o)
 .ARM.attributes
                0x0000041b       0x32 .\CortexM0p\ARM_GCC_541\Debug\FirstTestMutal.a(LED2.o)
 .ARM.attributes
                0x0000044d       0x32 .\CortexM0p\ARM_GCC_541\Debug\FirstTestMutal.a(LED4.o)
 .ARM.attributes
                0x0000047f       0x32 .\CortexM0p\ARM_GCC_541\Debug\FirstTestMutal.a(LED5.o)
 .ARM.attributes
                0x000004b1       0x32 .\CortexM0p\ARM_GCC_541\Debug\FirstTestMutal.a(LED3.o)
 .ARM.attributes
                0x000004e3       0x32 .\CortexM0p\ARM_GCC_541\Debug\FirstTestMutal.a(LED0.o)
 .ARM.attributes
                0x00000515       0x22 .\CortexM0p\ARM_GCC_541\Debug\FirstTestMutal.a(CyBootAsmGnu.o)
 .ARM.attributes
                0x00000537       0x32 .\CortexM0p\ARM_GCC_541\Debug\FirstTestMutal.a(CyFlash.o)
 .ARM.attributes
                0x00000569       0x1e c:/program files (x86)/cypress/psoc creator/4.2/psoc creator/import/gnu/arm/5.4.1/bin/../lib/gcc/arm-none-eabi/5.4.1/armv6-m\libgcc.a(_udivsi3.o)
 .ARM.attributes
                0x00000587       0x1e c:/program files (x86)/cypress/psoc creator/4.2/psoc creator/import/gnu/arm/5.4.1/bin/../lib/gcc/arm-none-eabi/5.4.1/armv6-m\libgcc.a(_dvmd_tls.o)
 .ARM.attributes
                0x000005a5       0x2c c:/program files (x86)/cypress/psoc creator/4.2/psoc creator/import/gnu/arm/5.4.1/bin/../lib/gcc/arm-none-eabi/5.4.1/../../../../arm-none-eabi/lib/armv6-m\libg_nano.a(lib_a-errno.o)
 .ARM.attributes
                0x000005d1       0x2c c:/program files (x86)/cypress/psoc creator/4.2/psoc creator/import/gnu/arm/5.4.1/bin/../lib/gcc/arm-none-eabi/5.4.1/../../../../arm-none-eabi/lib/armv6-m\libg_nano.a(lib_a-exit.o)
 .ARM.attributes
                0x000005fd       0x2c c:/program files (x86)/cypress/psoc creator/4.2/psoc creator/import/gnu/arm/5.4.1/bin/../lib/gcc/arm-none-eabi/5.4.1/../../../../arm-none-eabi/lib/armv6-m\libg_nano.a(lib_a-impure.o)
 .ARM.attributes
                0x00000629       0x2c c:/program files (x86)/cypress/psoc creator/4.2/psoc creator/import/gnu/arm/5.4.1/bin/../lib/gcc/arm-none-eabi/5.4.1/../../../../arm-none-eabi/lib/armv6-m\libg_nano.a(lib_a-init.o)
 .ARM.attributes
                0x00000655       0x2c c:/program files (x86)/cypress/psoc creator/4.2/psoc creator/import/gnu/arm/5.4.1/bin/../lib/gcc/arm-none-eabi/5.4.1/../../../../arm-none-eabi/lib/armv6-m\libg_nano.a(lib_a-memcpy-stub.o)
 .ARM.attributes
                0x00000681       0x2c c:/program files (x86)/cypress/psoc creator/4.2/psoc creator/import/gnu/arm/5.4.1/bin/../lib/gcc/arm-none-eabi/5.4.1/../../../../arm-none-eabi/lib/armv6-m\libg_nano.a(lib_a-memset.o)
 .ARM.attributes
                0x000006ad       0x2c c:/program files (x86)/cypress/psoc creator/4.2/psoc creator/import/gnu/arm/5.4.1/bin/../lib/gcc/arm-none-eabi/5.4.1/armv6-m/crtend.o
 .ARM.attributes
                0x000006d9       0x1e c:/program files (x86)/cypress/psoc creator/4.2/psoc creator/import/gnu/arm/5.4.1/bin/../lib/gcc/arm-none-eabi/5.4.1/armv6-m/crtn.o

/DISCARD/
 *(.note.GNU-stack)
OUTPUT(C:\Users\michael.machate\Desktop\Cypress_Firsttests\FirstTestMutal.cydsn\CortexM0p\ARM_GCC_541\Debug\FirstTestMutal.elf elf32-littlearm)
