Archive member included to satisfy reference by file (symbol)

.\CortexM0p\ARM_GCC_541\Debug\FirstTestMutal.a(UART.o)
                              .\CortexM0p\ARM_GCC_541\Debug\main.o (UART_Start)
.\CortexM0p\ARM_GCC_541\Debug\FirstTestMutal.a(UART_SPI_UART.o)
                              .\CortexM0p\ARM_GCC_541\Debug\main.o (UART_SpiUartPutArray)
.\CortexM0p\ARM_GCC_541\Debug\FirstTestMutal.a(UART_UART.o)
                              .\CortexM0p\ARM_GCC_541\Debug\FirstTestMutal.a(UART.o) (UART_UartInit)
.\CortexM0p\ARM_GCC_541\Debug\FirstTestMutal.a(CapSense_1_Control.o)
                              .\CortexM0p\ARM_GCC_541\Debug\main.o (CapSense_1_Start)
.\CortexM0p\ARM_GCC_541\Debug\FirstTestMutal.a(CapSense_1_Processing.o)
                              .\CortexM0p\ARM_GCC_541\Debug\FirstTestMutal.a(CapSense_1_Control.o) (CapSense_1_DpInitialize)
.\CortexM0p\ARM_GCC_541\Debug\FirstTestMutal.a(CapSense_1_Structure.o)
                              .\CortexM0p\ARM_GCC_541\Debug\FirstTestMutal.a(CapSense_1_Control.o) (CapSense_1_DsInitialize)
.\CortexM0p\ARM_GCC_541\Debug\FirstTestMutal.a(CapSense_1_Tuner.o)
                              .\CortexM0p\ARM_GCC_541\Debug\FirstTestMutal.a(CapSense_1_Control.o) (CapSense_1_TuInitialize)
.\CortexM0p\ARM_GCC_541\Debug\FirstTestMutal.a(CapSense_1_Filter.o)
                              .\CortexM0p\ARM_GCC_541\Debug\FirstTestMutal.a(CapSense_1_Control.o) (CapSense_1_InitializeAllBaselines)
.\CortexM0p\ARM_GCC_541\Debug\FirstTestMutal.a(CapSense_1_Sensing.o)
                              .\CortexM0p\ARM_GCC_541\Debug\main.o (CapSense_1_IsBusy)
.\CortexM0p\ARM_GCC_541\Debug\FirstTestMutal.a(CapSense_1_SensingCSX_LL.o)
                              .\CortexM0p\ARM_GCC_541\Debug\FirstTestMutal.a(CapSense_1_Sensing.o) (CapSense_1_CSXInitialize)
.\CortexM0p\ARM_GCC_541\Debug\FirstTestMutal.a(CapSense_1_ISR.o)
                              .\CortexM0p\ARM_GCC_541\Debug\FirstTestMutal.a(CapSense_1_Sensing.o) (CapSense_1_ISR_StartEx)
.\CortexM0p\ARM_GCC_541\Debug\FirstTestMutal.a(CyLib.o)
                              .\CortexM0p\ARM_GCC_541\Debug\FirstTestMutal.a(CapSense_1_SensingCSX_LL.o) (CyIntEnable)
.\CortexM0p\ARM_GCC_541\Debug\FirstTestMutal.a(cyPm.o)
                              .\CortexM0p\ARM_GCC_541\Debug\main.o (CySysPmSleep)
.\CortexM0p\ARM_GCC_541\Debug\FirstTestMutal.a(CyLFClk.o)
                              .\CortexM0p\ARM_GCC_541\Debug\FirstTestMutal.a(CyLib.o) (CySysClkWcoEnabled)
.\CortexM0p\ARM_GCC_541\Debug\FirstTestMutal.a(LED1.o)
                              .\CortexM0p\ARM_GCC_541\Debug\main.o (LED1_Write)
.\CortexM0p\ARM_GCC_541\Debug\FirstTestMutal.a(CyBootAsmGnu.o)
                              .\CortexM0p\ARM_GCC_541\Debug\FirstTestMutal.a(CyLib.o) (CyDelayCycles)
.\CortexM0p\ARM_GCC_541\Debug\FirstTestMutal.a(CyFlash.o)
                              .\CortexM0p\ARM_GCC_541\Debug\FirstTestMutal.a(CyLib.o) (CySysFlashSetWaitCycles)
c:/program files (x86)/cypress/psoc creator/4.2/psoc creator/import/gnu/arm/5.4.1/bin/../lib/gcc/arm-none-eabi/5.4.1/armv6-m\libgcc.a(_udivsi3.o)
                              .\CortexM0p\ARM_GCC_541\Debug\FirstTestMutal.a(CapSense_1_Sensing.o) (__aeabi_uidiv)
c:/program files (x86)/cypress/psoc creator/4.2/psoc creator/import/gnu/arm/5.4.1/bin/../lib/gcc/arm-none-eabi/5.4.1/armv6-m\libgcc.a(_dvmd_tls.o)
                              c:/program files (x86)/cypress/psoc creator/4.2/psoc creator/import/gnu/arm/5.4.1/bin/../lib/gcc/arm-none-eabi/5.4.1/armv6-m\libgcc.a(_udivsi3.o) (__aeabi_idiv0)
c:/program files (x86)/cypress/psoc creator/4.2/psoc creator/import/gnu/arm/5.4.1/bin/../lib/gcc/arm-none-eabi/5.4.1/../../../../arm-none-eabi/lib/armv6-m\libg_nano.a(lib_a-errno.o)
                              .\CortexM0p\ARM_GCC_541\Debug\Cm0plusStart.o (__errno)
c:/program files (x86)/cypress/psoc creator/4.2/psoc creator/import/gnu/arm/5.4.1/bin/../lib/gcc/arm-none-eabi/5.4.1/../../../../arm-none-eabi/lib/armv6-m\libg_nano.a(lib_a-exit.o)
                              c:/program files (x86)/cypress/psoc creator/4.2/psoc creator/import/gnu/arm/5.4.1/bin/../lib/gcc/arm-none-eabi/5.4.1/../../../../arm-none-eabi/lib/armv6-m/crt0.o (exit)
c:/program files (x86)/cypress/psoc creator/4.2/psoc creator/import/gnu/arm/5.4.1/bin/../lib/gcc/arm-none-eabi/5.4.1/../../../../arm-none-eabi/lib/armv6-m\libg_nano.a(lib_a-impure.o)
                              c:/program files (x86)/cypress/psoc creator/4.2/psoc creator/import/gnu/arm/5.4.1/bin/../lib/gcc/arm-none-eabi/5.4.1/../../../../arm-none-eabi/lib/armv6-m\libg_nano.a(lib_a-exit.o) (_global_impure_ptr)
c:/program files (x86)/cypress/psoc creator/4.2/psoc creator/import/gnu/arm/5.4.1/bin/../lib/gcc/arm-none-eabi/5.4.1/../../../../arm-none-eabi/lib/armv6-m\libg_nano.a(lib_a-init.o)
[...]
Memory Configuration

Name             Origin             Length             Attributes
rom              0x00000000         0x00008000         xr
ram              0x20000000         0x00001000         xrw
*default*        0x00000000         0xffffffff

Linker script and memory map

LOAD c:/program files (x86)/cypress/psoc creator/4.2/psoc creator/import/gnu/arm/5.4.1/bin/../lib/gcc/arm-none-eabi/5.4.1/armv6-m/crti.o
LOAD c:/program files (x86)/cypress/psoc creator/4.2/psoc creator/import/gnu/arm/5.4.1/bin/../lib/gcc/arm-none-eabi/5.4.1/armv6-m/crtbegin.o
LOAD c:/program files (x86)/cypress/psoc creator/4.2/psoc creator/import/gnu/arm/5.4.1/bin/../lib/gcc/arm-none-eabi/5.4.1/../../../../arm-none-eabi/lib/armv6-m/crt0.o
START GROUP
LOAD .\CortexM0p\ARM_GCC_541\Debug\main.o
LOAD .\CortexM0p\ARM_GCC_541\Debug\cyfitter_cfg.o
LOAD .\CortexM0p\ARM_GCC_541\Debug\cymetadata.o
LOAD .\CortexM0p\ARM_GCC_541\Debug\Cm0plusStart.o
LOAD .\CortexM0p\ARM_GCC_541\Debug\FirstTestMutal.a
LOAD ..\..\..\Documents\PSoC Creator\4.2\Downloads ( 4.2).cylib\CapSense_P4_v5_20\PSoC4\Library\Capsense_P4Library_GCCp.a
END GROUP
START GROUP
LOAD c:/program files (x86)/cypress/psoc creator/4.2/psoc creator/import/gnu/arm/5.4.1/bin/../lib/gcc/arm-none-eabi/5.4.1/armv6-m\libgcc.a
LOAD c:/program files (x86)/cypress/psoc creator/4.2/psoc creator/import/gnu/arm/5.4.1/bin/../lib/gcc/arm-none-eabi/5.4.1/../../../../arm-none-eabi/lib/armv6-m\libg_nano.a
LOAD c:/program files (x86)/cypress/psoc creator/4.2/psoc creator/import/gnu/arm/5.4.1/bin/../lib/gcc/arm-none-eabi/5.4.1/../../../../arm-none-eabi/lib/armv6-m\libc_nano.a
END GROUP
START GROUP
LOAD c:/program files (x86)/cypress/psoc creator/4.2/psoc creator/import/gnu/arm/5.4.1/bin/../lib/gcc/arm-none-eabi/5.4.1/armv6-m\libgcc.a
LOAD c:/program files (x86)/cypress/psoc creator/4.2/psoc creator/import/gnu/arm/5.4.1/bin/../lib/gcc/arm-none-eabi/5.4.1/../../../../arm-none-eabi/lib/armv6-m\libc_nano.a
END GROUP
LOAD c:/program files (x86)/cypress/psoc creator/4.2/psoc creator/import/gnu/arm/5.4.1/bin/../lib/gcc/arm-none-eabi/5.4.1/armv6-m/crtend.o
LOAD c:/program files (x86)/cypress/psoc creator/4.2/psoc creator/import/gnu/arm/5.4.1/bin/../lib/gcc/arm-none-eabi/5.4.1/armv6-m/crtn.o
START GROUP
LOAD c:/program files (x86)/cypress/psoc creator/4.2/psoc creator/import/gnu/arm/5.4.1/bin/../lib/gcc/arm-none-eabi/5.4.1/armv6-m\libgcc.a
LOAD c:/program files (x86)/cypress/psoc creator/4.2/psoc creator/import/gnu/arm/5.4.1/bin/../lib/gcc/arm-none-eabi/5.4.1/../../../../arm-none-eabi/lib/armv6-m\libc.a
LOAD c:/program files (x86)/cypress/psoc creator/4.2/psoc creator/import/gnu/arm/5.4.1/bin/../lib/gcc/arm-none-eabi/5.4.1/../../../../arm-none-eabi/lib/armv6-m\libnosys.a
END GROUP
                0x00000000                CY_APPL_ORIGIN = 0x0
                0x00000080                CY_FLASH_ROW_SIZE = 0x80
                0x00000001                CY_APPL_NUM = 0x1
                0x00000001                CY_APPL_MAX = 0x1
                0x00000040                CY_METADATA_SIZE = 0x40
                0x00000000                CY_APPL_LOADABLE = 0x0
                0x00000000                CY_CHECKSUM_EXCLUDE_SIZE = ALIGN (0x0, CY_FLASH_ROW_SIZE)
                0x00000000                CY_APP_FOR_STACK_AND_COPIER = 0x0
                [!provide]                PROVIDE (__cy_heap_start, _end)
                0x00000001                PROVIDE (__cy_region_num, ((__cy_regions_end - __cy_regions) / 0x10))
                0x20001000                PROVIDE (__cy_stack, (ORIGIN (ram) + LENGTH (ram)))
                [!provide]                PROVIDE (__cy_heap_end, (__cy_stack - 0x400))

.cybootloader   0x00000000        0x0
 *(.cybootloader)
                0x00000000                appl1_start = CY_APPL_ORIGIN?CY_APPL_ORIGIN:ALIGN (CY_FLASH_ROW_SIZE)
                0x00003f80                appl2_start = (appl1_start + ALIGN ((((LENGTH (rom) - appl1_start) - (0x2 * CY_FLASH_ROW_SIZE)) / 0x2), CY_FLASH_ROW_SIZE))
                0x00000000                appl_start = (CY_APPL_NUM == 0x1)?appl1_start:appl2_start
                0x00000001                cy_project_type_bootloader = (appl_start == 0x0)?0x1:0x0
                0x00000000                cy_project_type_app_for_stack_and_copier = (CY_APP_FOR_STACK_AND_COPIER == 0x1)?0x1:0x0

.text           0x00000000     0x1b76
 CREATE_OBJECT_SYMBOLS
                0x00000000                PROVIDE (__cy_interrupt_vector, RomVectors)
 *(.romvectors)
 .romvectors    0x00000000       0x10 .\CortexM0p\ARM_GCC_541\Debug\Cm0plusStart.o
                0x00000000                RomVectors
                0x00000001                ASSERT ((. != __cy_interrupt_vector), No interrupt vector)
                0x00000001                ASSERT (CY_APPL_ORIGIN?(SIZEOF (.cybootloader) <= CY_APPL_ORIGIN):0x1, Wrong image location)
                0x00000010                PROVIDE (__cy_reset, Reset)
 *(.text.Reset)
 .text.Reset    0x00000010        0xc .\CortexM0p\ARM_GCC_541\Debug\Cm0plusStart.o
                0x00000010                Reset
                0x00000001                ASSERT ((. != __cy_reset), No reset code)
 *(.psocinit)
 .psocinit      0x0000001c       0xf4 .\CortexM0p\ARM_GCC_541\Debug\cyfitter_cfg.o
                0x0000009c                cyfitter_cfg
                0x00000110                . = MAX (., 0x100)
 *(.text .text.* .gnu.linkonce.t.*)
 .text          0x00000110       0x60 c:/program files (x86)/cypress/psoc creator/4.2/psoc creator/import/gnu/arm/5.4.1/bin/../lib/gcc/arm-none-eabi/5.4.1/armv6-m/crtbegin.o
 .text.LED_Control
                0x00000170       0x14 .\CortexM0p\ARM_GCC_541\Debug\main.o
                0x00000170                LED_Control
 .text.main     0x00000184       0x54 .\CortexM0p\ARM_GCC_541\Debug\main.o
                0x00000184                main
 .text.SetAnalogRoutingPumps
                0x000001d8       0x38 .\CortexM0p\ARM_GCC_541\Debug\cyfitter_cfg.o
                0x000001d8                SetAnalogRoutingPumps
 .text.AnalogSetDefault
                0x00000210       0x20 .\CortexM0p\ARM_GCC_541\Debug\cyfitter_cfg.o
 .text.IntDefaultHandler
                0x00000230       0x10 .\CortexM0p\ARM_GCC_541\Debug\Cm0plusStart.o
                0x00000230                IntDefaultHandler
 .text.Start_c  0x00000240       0x48 .\CortexM0p\ARM_GCC_541\Debug\Cm0plusStart.o
                0x00000240                Start_c
 .text.initialize_psoc
                0x00000288       0x40 .\CortexM0p\ARM_GCC_541\Debug\Cm0plusStart.o
                0x00000288                initialize_psoc
 .text.UART_ScbModePostEnable
                0x000002c8        0x8 .\CortexM0p\ARM_GCC_541\Debug\FirstTestMutal.a(UART.o)
 .text.UART_Init
                0x000002d0        0x8 .\CortexM0p\ARM_GCC_541\Debug\FirstTestMutal.a(UART.o)
                0x000002d0                UART_Init
 .text.UART_Enable
                0x000002d8       0x18 .\CortexM0p\ARM_GCC_541\Debug\FirstTestMutal.a(UART.o)
                0x000002d8                UART_Enable
 .text.UART_Start
                0x000002f0       0x20 .\CortexM0p\ARM_GCC_541\Debug\FirstTestMutal.a(UART.o)
                0x000002f0                UART_Start
 .text.UART_SpiUartWriteTxData
                0x00000310       0x1c .\CortexM0p\ARM_GCC_541\Debug\FirstTestMutal.a(UART_SPI_UART.o)
                0x00000310                UART_SpiUartWriteTxData
 .text.UART_SpiUartPutArray
                0x0000032c       0x18 .\CortexM0p\ARM_GCC_541\Debug\FirstTestMutal.a(UART_SPI_UART.o)
                0x0000032c                UART_SpiUartPutArray
 .text.UART_UartInit
                0x00000344       0xa8 .\CortexM0p\ARM_GCC_541\Debug\FirstTestMutal.a(UART_UART.o)
                0x00000344                UART_UartInit
 .text.UART_UartPostEnable
                0x000003ec       0x24 .\CortexM0p\ARM_GCC_541\Debug\FirstTestMutal.a(UART_UART.o)
                0x000003ec                UART_UartPostEnable
 .text.CapSense_1_Initialize
                0x00000410       0x28 .\CortexM0p\ARM_GCC_541\Debug\FirstTestMutal.a(CapSense_1_Control.o)
                0x00000410                CapSense_1_Initialize
 .text.CapSense_1_Start
                0x00000438       0x34 .\CortexM0p\ARM_GCC_541\Debug\FirstTestMutal.a(CapSense_1_Control.o)
                0x00000438                CapSense_1_Start
 .text.CapSense_1_ProcessAllWidgets
                0x0000046c       0x44 .\CortexM0p\ARM_GCC_541\Debug\FirstTestMutal.a(CapSense_1_Control.o)
                0x0000046c                CapSense_1_ProcessAllWidgets
 .text.CapSense_1_DpInitialize
                0x000004b0       0x58 .\CortexM0p\ARM_GCC_541\Debug\FirstTestMutal.a(CapSense_1_Processing.o)
                0x000004b0                CapSense_1_DpInitialize
 .text.CapSense_1_DpUpdateDifferences
                0x00000508       0x38 .\CortexM0p\ARM_GCC_541\Debug\FirstTestMutal.a(CapSense_1_Processing.o)
                0x00000508                CapSense_1_DpUpdateDifferences
 .text.CapSense_1_DpProcessCsxWidgetRawCounts
                0x00000540       0x48 .\CortexM0p\ARM_GCC_541\Debug\FirstTestMutal.a(CapSense_1_Processing.o)
                0x00000540                CapSense_1_DpProcessCsxWidgetRawCounts
 .text.CapSense_1_DpProcessButton
                0x00000588       0x64 .\CortexM0p\ARM_GCC_541\Debug\FirstTestMutal.a(CapSense_1_Processing.o)
                0x00000588                CapSense_1_DpProcessButton
 .text.CapSense_1_DpProcessCsxWidgetStatus
                0x000005ec       0x58 .\CortexM0p\ARM_GCC_541\Debug\FirstTestMutal.a(CapSense_1_Processing.o)
                0x000005ec                CapSense_1_DpProcessCsxWidgetStatus
 .text.CapSense_1_DsInitialize
                0x00000644       0x78 .\CortexM0p\ARM_GCC_541\Debug\FirstTestMutal.a(CapSense_1_Structure.o)
                0x00000644                CapSense_1_DsInitialize
 .text.CapSense_1_IsAnyWidgetActive
                0x000006bc       0x20 .\CortexM0p\ARM_GCC_541\Debug\FirstTestMutal.a(CapSense_1_Structure.o)
                0x000006bc                CapSense_1_IsAnyWidgetActive
 .text.CapSense_1_IsWidgetActive
                0x000006dc       0x24 .\CortexM0p\ARM_GCC_541\Debug\FirstTestMutal.a(CapSense_1_Structure.o)
                0x000006dc                CapSense_1_IsWidgetActive
 .text.CapSense_1_TuInitialize
                0x00000700       0x14 .\CortexM0p\ARM_GCC_541\Debug\FirstTestMutal.a(CapSense_1_Tuner.o)
                0x00000700                CapSense_1_TuInitialize
 .text.CapSense_1_RunTuner
                0x00000714      0x120 .\CortexM0p\ARM_GCC_541\Debug\FirstTestMutal.a(CapSense_1_Tuner.o)
                0x00000714                CapSense_1_RunTuner
 .text.CapSense_1_FtInitializeBaselineChannel
                0x00000834       0x20 .\CortexM0p\ARM_GCC_541\Debug\FirstTestMutal.a(CapSense_1_Filter.o)
                0x00000834                CapSense_1_FtInitializeBaselineChannel
 .text.CapSense_1_FtInitializeBaseline
                0x00000854       0x20 .\CortexM0p\ARM_GCC_541\Debug\FirstTestMutal.a(CapSense_1_Filter.o)
                0x00000854                CapSense_1_FtInitializeBaseline
 .text.CapSense_1_InitializeSensorBaseline
                0x00000874       0x20 .\CortexM0p\ARM_GCC_541\Debug\FirstTestMutal.a(CapSense_1_Filter.o)
                0x00000874                CapSense_1_InitializeSensorBaseline
 .text.CapSense_1_InitializeWidgetBaseline
                0x00000894       0x24 .\CortexM0p\ARM_GCC_541\Debug\FirstTestMutal.a(CapSense_1_Filter.o)
                0x00000894                CapSense_1_InitializeWidgetBaseline
 .text.CapSense_1_InitializeAllBaselines
                0x000008b8       0x18 .\CortexM0p\ARM_GCC_541\Debug\FirstTestMutal.a(CapSense_1_Filter.o)
                0x000008b8                CapSense_1_InitializeAllBaselines
 .text.CapSense_1_InitializeIIRInternal
                0x000008d0       0x24 .\CortexM0p\ARM_GCC_541\Debug\FirstTestMutal.a(CapSense_1_Filter.o)
                0x000008d0                CapSense_1_InitializeIIRInternal
 .text.CapSense_1_InitializeMedianInternal
                0x000008f4       0x28 .\CortexM0p\ARM_GCC_541\Debug\FirstTestMutal.a(CapSense_1_Filter.o)
                0x000008f4                CapSense_1_InitializeMedianInternal
 .text.CapSense_1_InitializeAverageInternal
                0x0000091c       0x2c .\CortexM0p\ARM_GCC_541\Debug\FirstTestMutal.a(CapSense_1_Filter.o)
                0x0000091c                CapSense_1_InitializeAverageInternal
 .text.CapSense_1_InitializeWidgetFilter
                0x00000948       0x68 .\CortexM0p\ARM_GCC_541\Debug\FirstTestMutal.a(CapSense_1_Filter.o)
                0x00000948                CapSense_1_InitializeWidgetFilter
 .text.CapSense_1_InitializeAllFilters
                0x000009b0       0x18 .\CortexM0p\ARM_GCC_541\Debug\FirstTestMutal.a(CapSense_1_Filter.o)
                0x000009b0                CapSense_1_InitializeAllFilters
 .text.CapSense_1_FtInitialize
                0x000009c8        0x8 .\CortexM0p\ARM_GCC_541\Debug\FirstTestMutal.a(CapSense_1_Filter.o)
                0x000009c8                CapSense_1_FtInitialize
 .text.CapSense_1_RunAverageInternal
                0x000009d0       0x44 .\CortexM0p\ARM_GCC_541\Debug\FirstTestMutal.a(CapSense_1_Filter.o)
                0x000009d0                CapSense_1_RunAverageInternal
 .text.CapSense_1_FtMedian
                0x00000a14       0x18 .\CortexM0p\ARM_GCC_541\Debug\FirstTestMutal.a(CapSense_1_Filter.o)
                0x00000a14                CapSense_1_FtMedian
 .text.CapSense_1_RunMedianInternal
                0x00000a2c       0x50 .\CortexM0p\ARM_GCC_541\Debug\FirstTestMutal.a(CapSense_1_Filter.o)
                0x00000a2c                CapSense_1_RunMedianInternal
 .text.CapSense_1_FtIIR1stOrder
                0x00000a7c       0x14 .\CortexM0p\ARM_GCC_541\Debug\FirstTestMutal.a(CapSense_1_Filter.o)
                0x00000a7c                CapSense_1_FtIIR1stOrder
 .text.CapSense_1_FtUpdateBaseline
                0x00000a90       0xa0 .\CortexM0p\ARM_GCC_541\Debug\FirstTestMutal.a(CapSense_1_Filter.o)
                0x00000a90                CapSense_1_FtUpdateBaseline
 .text.CapSense_1_RunIIRInternal
                0x00000b30       0x44 .\CortexM0p\ARM_GCC_541\Debug\FirstTestMutal.a(CapSense_1_Filter.o)
                0x00000b30                CapSense_1_RunIIRInternal
 .text.CapSense_1_FtRunEnabledFiltersInternal
                0x00000b74       0x24 .\CortexM0p\ARM_GCC_541\Debug\FirstTestMutal.a(CapSense_1_Filter.o)
                0x00000b74                CapSense_1_FtRunEnabledFiltersInternal
 .text.CapSense_1_SsCalcLfsrSize
                0x00000b98       0x84 .\CortexM0p\ARM_GCC_541\Debug\FirstTestMutal.a(CapSense_1_Sensing.o)
 .text.CapSense_1_SsCalcLfsrScale
                0x00000c1c       0x44 .\CortexM0p\ARM_GCC_541\Debug\FirstTestMutal.a(CapSense_1_Sensing.o)
 .text.CapSense_1_SsDisableCSXMode
                0x00000c60       0x28 .\CortexM0p\ARM_GCC_541\Debug\FirstTestMutal.a(CapSense_1_Sensing.o)
 .text.CapSense_1_SsSetWidgetTxClkSrc
                0x00000c88       0x28 .\CortexM0p\ARM_GCC_541\Debug\FirstTestMutal.a(CapSense_1_Sensing.o)
 .text.CapSense_1_IsBusy
                0x00000cb0       0x10 .\CortexM0p\ARM_GCC_541\Debug\FirstTestMutal.a(CapSense_1_Sensing.o)
                0x00000cb0                CapSense_1_IsBusy
 .text.CapSense_1_SetupWidget
                0x00000cc0       0x40 .\CortexM0p\ARM_GCC_541\Debug\FirstTestMutal.a(CapSense_1_Sensing.o)
                0x00000cc0                CapSense_1_SetupWidget
 .text.CapSense_1_Scan
                0x00000d00       0x2c .\CortexM0p\ARM_GCC_541\Debug\FirstTestMutal.a(CapSense_1_Sensing.o)
                0x00000d00                CapSense_1_Scan
 .text.CapSense_1_ScanAllWidgets
                0x00000d2c       0x3c .\CortexM0p\ARM_GCC_541\Debug\FirstTestMutal.a(CapSense_1_Sensing.o)
                0x00000d2c                CapSense_1_ScanAllWidgets
 .text.CapSense_1_SsSwitchSensingMode
                0x00000d68       0x40 .\CortexM0p\ARM_GCC_541\Debug\FirstTestMutal.a(CapSense_1_Sensing.o)
                0x00000d68                CapSense_1_SsSwitchSensingMode
 .text.CapSense_1_SsSetIOsInDefaultState
                0x00000da8       0x40 .\CortexM0p\ARM_GCC_541\Debug\FirstTestMutal.a(CapSense_1_Sensing.o)
                0x00000da8                CapSense_1_SsSetIOsInDefaultState
 .text.CapSense_1_SsPostAllWidgetsScan
                0x00000de8        0x4 .\CortexM0p\ARM_GCC_541\Debug\FirstTestMutal.a(CapSense_1_Sensing.o)
                0x00000de8                CapSense_1_SsPostAllWidgetsScan
 .text.CapSense_1_SsIsrInitialize
                0x00000dec        0x8 .\CortexM0p\ARM_GCC_541\Debug\FirstTestMutal.a(CapSense_1_Sensing.o)
                0x00000dec                CapSense_1_SsIsrInitialize
 .text.CapSense_1_SsSetModClkClockDivider
                0x00000df4       0x30 .\CortexM0p\ARM_GCC_541\Debug\FirstTestMutal.a(CapSense_1_Sensing.o)
                0x00000df4                CapSense_1_SsSetModClkClockDivider
 .text.CapSense_1_CalibrateWidget
                0x00000e24       0x1c .\CortexM0p\ARM_GCC_541\Debug\FirstTestMutal.a(CapSense_1_Sensing.o)
                0x00000e24                CapSense_1_CalibrateWidget
 .text.CapSense_1_CalibrateAllWidgets
                0x00000e40       0x1c .\CortexM0p\ARM_GCC_541\Debug\FirstTestMutal.a(CapSense_1_Sensing.o)
                0x00000e40                CapSense_1_CalibrateAllWidgets
 .text.CapSense_1_SsChangeImoFreq
                0x00000e5c       0x14 .\CortexM0p\ARM_GCC_541\Debug\FirstTestMutal.a(CapSense_1_Sensing.o)
                0x00000e5c                CapSense_1_SsChangeImoFreq
 .text.CapSense_1_SsInitializeSourceSenseClk
                0x00000e70       0x20 .\CortexM0p\ARM_GCC_541\Debug\FirstTestMutal.a(CapSense_1_Sensing.o)
                0x00000e70                CapSense_1_SsInitializeSourceSenseClk
 .text.CapSense_1_SsInitialize
                0x00000e90       0x54 .\CortexM0p\ARM_GCC_541\Debug\FirstTestMutal.a(CapSense_1_Sensing.o)
                0x00000e90                CapSense_1_SsInitialize
 .text.CapSense_1_BistDischargeExtCapacitors
                0x00000ee4       0x68 .\CortexM0p\ARM_GCC_541\Debug\FirstTestMutal.a(CapSense_1_Sensing.o)
                0x00000ee4                CapSense_1_BistDischargeExtCapacitors
 .text.CapSense_1_SsCalcCsxScanPeriod
                0x00000f4c        0xc .\CortexM0p\ARM_GCC_541\Debug\FirstTestMutal.a(CapSense_1_SensingCSX_LL.o)
 .text.CapSense_1_SsCSXStartSample
                0x00000f58      0x13c .\CortexM0p\ARM_GCC_541\Debug\FirstTestMutal.a(CapSense_1_SensingCSX_LL.o)
 .text.CapSense_1_CSXScanISR
                0x00001094       0x90 .\CortexM0p\ARM_GCC_541\Debug\FirstTestMutal.a(CapSense_1_SensingCSX_LL.o)
                0x00001094                CapSense_1_CSXScanISR
 .text.CapSense_1_CSXInitialize
                0x00001124      0x1d4 .\CortexM0p\ARM_GCC_541\Debug\FirstTestMutal.a(CapSense_1_SensingCSX_LL.o)
                0x00001124                CapSense_1_CSXInitialize
 .text.CapSense_1_CSXCalibrateWidget
                0x000012f8       0xec .\CortexM0p\ARM_GCC_541\Debug\FirstTestMutal.a(CapSense_1_SensingCSX_LL.o)
                0x000012f8                CapSense_1_CSXCalibrateWidget
 .text.CapSense_1_CSXConnectTx
                0x000013e4       0x20 .\CortexM0p\ARM_GCC_541\Debug\FirstTestMutal.a(CapSense_1_SensingCSX_LL.o)
                0x000013e4                CapSense_1_CSXConnectTx
 .text.CapSense_1_CSXConnectRx
                0x00001404       0x20 .\CortexM0p\ARM_GCC_541\Debug\FirstTestMutal.a(CapSense_1_SensingCSX_LL.o)
                0x00001404                CapSense_1_CSXConnectRx
 .text.CapSense_1_CSXScan
                0x00001424       0x74 .\CortexM0p\ARM_GCC_541\Debug\FirstTestMutal.a(CapSense_1_SensingCSX_LL.o)
                0x00001424                CapSense_1_CSXScan
 .text.CapSense_1_CSXDisconnectTx
                0x00001498        0xc .\CortexM0p\ARM_GCC_541\Debug\FirstTestMutal.a(CapSense_1_SensingCSX_LL.o)
                0x00001498                CapSense_1_CSXDisconnectTx
 .text.CapSense_1_CSXDisconnectRx
                0x000014a4       0x30 .\CortexM0p\ARM_GCC_541\Debug\FirstTestMutal.a(CapSense_1_SensingCSX_LL.o)
                0x000014a4                CapSense_1_CSXDisconnectRx
 .text.CapSense_1_SsCSXPostMultiScan
                0x000014d4      0x100 .\CortexM0p\ARM_GCC_541\Debug\FirstTestMutal.a(CapSense_1_SensingCSX_LL.o)
 .text.CapSense_1_CSXElectrodeCheck
                0x000015d4       0x24 .\CortexM0p\ARM_GCC_541\Debug\FirstTestMutal.a(CapSense_1_SensingCSX_LL.o)
                0x000015d4                CapSense_1_CSXElectrodeCheck
 .text.CapSense_1_CSXSetupWidget
                0x000015f8       0x68 .\CortexM0p\ARM_GCC_541\Debug\FirstTestMutal.a(CapSense_1_SensingCSX_LL.o)
                0x000015f8                CapSense_1_CSXSetupWidget
 .text.CapSense_1_SsCSXGetTxClkDivider
                0x00001660       0x10 .\CortexM0p\ARM_GCC_541\Debug\FirstTestMutal.a(CapSense_1_SensingCSX_LL.o)
                0x00001660                CapSense_1_SsCSXGetTxClkDivider
 .text.CapSense_1_ISR_SetVector
                0x00001670        0xc .\CortexM0p\ARM_GCC_541\Debug\FirstTestMutal.a(CapSense_1_ISR.o)
                0x00001670                CapSense_1_ISR_SetVector
 .text.CapSense_1_ISR_SetPriority
                0x0000167c       0x24 .\CortexM0p\ARM_GCC_541\Debug\FirstTestMutal.a(CapSense_1_ISR.o)
                0x0000167c                CapSense_1_ISR_SetPriority
 .text.CapSense_1_ISR_Enable
                0x000016a0       0x10 .\CortexM0p\ARM_GCC_541\Debug\FirstTestMutal.a(CapSense_1_ISR.o)
                0x000016a0                CapSense_1_ISR_Enable
 .text.CapSense_1_ISR_Disable
                0x000016b0       0x10 .\CortexM0p\ARM_GCC_541\Debug\FirstTestMutal.a(CapSense_1_ISR.o)
                0x000016b0                CapSense_1_ISR_Disable
 .text.CapSense_1_ISR_StartEx
                0x000016c0       0x1c .\CortexM0p\ARM_GCC_541\Debug\FirstTestMutal.a(CapSense_1_ISR.o)
                0x000016c0                CapSense_1_ISR_StartEx
 .text.CySysClkImoDisableWcoLock
                0x000016dc       0x14 .\CortexM0p\ARM_GCC_541\Debug\FirstTestMutal.a(CyLib.o)
                0x000016dc                CySysClkImoDisableWcoLock
 .text.CySysClkImoGetWcoLock
                0x000016f0       0x14 .\CortexM0p\ARM_GCC_541\Debug\FirstTestMutal.a(CyLib.o)
                0x000016f0                CySysClkImoGetWcoLock
 .text.CyIntEnable
                0x00001704       0x14 .\CortexM0p\ARM_GCC_541\Debug\FirstTestMutal.a(CyLib.o)
                0x00001704                CyIntEnable
 .text.CyIntDisable
                0x00001718       0x14 .\CortexM0p\ARM_GCC_541\Debug\FirstTestMutal.a(CyLib.o)
                0x00001718                CyIntDisable
 .text.CyHalt   0x0000172c        0x4 .\CortexM0p\ARM_GCC_541\Debug\FirstTestMutal.a(CyLib.o)
                0x0000172c                CyHalt
 .text.CyDelay  0x00001730       0x30 .\CortexM0p\ARM_GCC_541\Debug\FirstTestMutal.a(CyLib.o)
                0x00001730                CyDelay
 .text.CySysClkImoEnableWcoLock
                0x00001760       0xcc .\CortexM0p\ARM_GCC_541\Debug\FirstTestMutal.a(CyLib.o)
                0x00001760                CySysClkImoEnableWcoLock
 .text.CySysClkWriteImoFreq
                0x0000182c       0xd8 .\CortexM0p\ARM_GCC_541\Debug\FirstTestMutal.a(CyLib.o)
                0x0000182c                CySysClkWriteImoFreq
 .text.CyDelayUs
                0x00001904       0x14 .\CortexM0p\ARM_GCC_541\Debug\FirstTestMutal.a(CyLib.o)
                0x00001904                CyDelayUs
 .text.CySysPmSleep
                0x00001918       0x1c .\CortexM0p\ARM_GCC_541\Debug\FirstTestMutal.a(cyPm.o)
                0x00001918                CySysPmSleep
 .text.CySysClkWcoEnabled
                0x00001934       0x14 .\CortexM0p\ARM_GCC_541\Debug\FirstTestMutal.a(CyLFClk.o)
                0x00001934                CySysClkWcoEnabled
 .text.CySysWdtDisable
                0x00001948       0x10 .\CortexM0p\ARM_GCC_541\Debug\FirstTestMutal.a(CyLFClk.o)
                0x00001948                CySysWdtDisable
 .text.LED1_Write
                0x00001958       0x18 .\CortexM0p\ARM_GCC_541\Debug\FirstTestMutal.a(LED1.o)
                0x00001958                LED1_Write
 .text          0x00001970       0x20 .\CortexM0p\ARM_GCC_541\Debug\FirstTestMutal.a(CyBootAsmGnu.o)
                0x00001970                CyDelayCycles
                0x00001982                CyEnterCriticalSection
                0x0000198a                CyExitCriticalSection
 .text.CySysFlashSetWaitCycles
                0x00001990       0x54 .\CortexM0p\ARM_GCC_541\Debug\FirstTestMutal.a(CyFlash.o)
                0x00001990                CySysFlashSetWaitCycles
 .text          0x000019e4      0x114 c:/program files (x86)/cypress/psoc creator/4.2/psoc creator/import/gnu/arm/5.4.1/bin/../lib/gcc/arm-none-eabi/5.4.1/armv6-m\libgcc.a(_udivsi3.o)
                0x000019e4                __aeabi_uidiv
                0x000019e4                __udivsi3
                0x00001af0                __aeabi_uidivmod
 .text          0x00001af8        0x4 c:/program files (x86)/cypress/psoc creator/4.2/psoc creator/import/gnu/arm/5.4.1/bin/../lib/gcc/arm-none-eabi/5.4.1/armv6-m\libgcc.a(_dvmd_tls.o)
                0x00001af8                __aeabi_idiv0
                0x00001af8                __aeabi_ldiv0
 .text.__errno  0x00001afc        0xc c:/program files (x86)/cypress/psoc creator/4.2/psoc creator/import/gnu/arm/5.4.1/bin/../lib/gcc/arm-none-eabi/5.4.1/../../../../arm-none-eabi/lib/armv6-m\libg_nano.a(lib_a-errno.o)
                0x00001afc                __errno
 .text.__libc_init_array
                0x00001b08       0x4c c:/program files (x86)/cypress/psoc creator/4.2/psoc creator/import/gnu/arm/5.4.1/bin/../lib/gcc/arm-none-eabi/5.4.1/../../../../arm-none-eabi/lib/armv6-m\libg_nano.a(lib_a-init.o)
                0x00001b08                __libc_init_array
 .text.memcpy   0x00001b54       0x12 c:/program files (x86)/cypress/psoc creator/4.2/psoc creator/import/gnu/arm/5.4.1/bin/../lib/gcc/arm-none-eabi/5.4.1/../../../../arm-none-eabi/lib/armv6-m\libg_nano.a(lib_a-memcpy-stub.o)
                0x00001b54                memcpy
 .text.memset   0x00001b66       0x10 c:/program files (x86)/cypress/psoc creator/4.2/psoc creator/import/gnu/arm/5.4.1/bin/../lib/gcc/arm-none-eabi/5.4.1/../../../../arm-none-eabi/lib/armv6-m\libg_nano.a(lib_a-memset.o)
                0x00001b66                memset
 *(.plt)
 *(.gnu.warning)
 *(.glue_7t)
 .glue_7t       0x00001b76        0x0 linker stubs
 *(.glue_7)
 .glue_7        0x00001b76        0x0 linker stubs
 *(.vfp11_veneer)
 .vfp11_veneer  0x00001b76        0x0 linker stubs
 *(.bootloader)
 *(.ARM.extab* .gnu.linkonce.armextab.*)
 *(.gcc_except_table)

.v4_bx          0x00001b78        0x0
 .v4_bx         0x00001b78        0x0 linker stubs

.iplt           0x00001b78        0x0
 .iplt          0x00001b78        0x0 c:/program files (x86)/cypress/psoc creator/4.2/psoc creator/import/gnu/arm/5.4.1/bin/../lib/gcc/arm-none-eabi/5.4.1/armv6-m/crtbegin.o

.eh_frame_hdr
 *(.eh_frame_hdr)

.eh_frame       0x00001b78        0x4
 *(.eh_frame)
 .eh_frame      0x00001b78        0x0 c:/program files (x86)/cypress/psoc creator/4.2/psoc creator/import/gnu/arm/5.4.1/bin/../lib/gcc/arm-none-eabi/5.4.1/armv6-m/crtbegin.o
 .eh_frame      0x00001b78        0x4 c:/program files (x86)/cypress/psoc creator/4.2/psoc creator/import/gnu/arm/5.4.1/bin/../lib/gcc/arm-none-eabi/5.4.1/armv6-m/crtend.o
                [!provide]                PROVIDE (__exidx_start, .)

.ARM.exidx
 *(.ARM.exidx* .gnu.linkonce.armexidx.*)
                0x00001b7c                __exidx_end = .

.rodata         0x00001b7c       0xdc
 *(.rodata .rodata.* .gnu.linkonce.r.*)
 .rodata        0x00001b7c       0x6c .\CortexM0p\ARM_GCC_541\Debug\FirstTestMutal.a(CapSense_1_Structure.o)
                0x00001b7c                CapSense_1_ramIdacInit
                0x00001b80                CapSense_1_dsFlash
                0x00001ba0                CapSense_1_ramWidgetInit
                0x00001bb0                CapSense_1_ioList
 .rodata        0x00001be8       0x1c .\CortexM0p\ARM_GCC_541\Debug\FirstTestMutal.a(CapSense_1_Tuner.o)
 .rodata        0x00001c04       0x17 .\CortexM0p\ARM_GCC_541\Debug\FirstTestMutal.a(CyLib.o)
                0x00001c04                cyImoFreqMhz2DpllOffset
 .rodata.str1.1
                0x00001c1b        0x2 c:/program files (x86)/cypress/psoc creator/4.2/psoc creator/import/gnu/arm/5.4.1/bin/../lib/gcc/arm-none-eabi/5.4.1/../../../../arm-none-eabi/lib/armv6-m\libg_nano.a(lib_a-impure.o)
                0x00001c20                . = ALIGN (0x4)
 *fill*         0x00001c1d        0x3 
 *(.init)
 .init          0x00001c20        0x4 c:/program files (x86)/cypress/psoc creator/4.2/psoc creator/import/gnu/arm/5.4.1/bin/../lib/gcc/arm-none-eabi/5.4.1/armv6-m/crti.o
                0x00001c20                _init
 .init          0x00001c24        0x8 c:/program files (x86)/cypress/psoc creator/4.2/psoc creator/import/gnu/arm/5.4.1/bin/../lib/gcc/arm-none-eabi/5.4.1/armv6-m/crtn.o
                0x00001c2c                . = ALIGN (0x4)
                0x00001c2c                __preinit_array_start = .
 *(.preinit_array)
                0x00001c2c                __preinit_array_end = .
                0x00001c2c                . = ALIGN (0x4)
                0x00001c2c                __init_array_start = .
 *(SORT(.init_array.*))
 *(.init_array)
 .init_array    0x00001c2c        0x4 c:/program files (x86)/cypress/psoc creator/4.2/psoc creator/import/gnu/arm/5.4.1/bin/../lib/gcc/arm-none-eabi/5.4.1/armv6-m/crtbegin.o
 .init_array    0x00001c30        0x4 .\CortexM0p\ARM_GCC_541\Debug\Cm0plusStart.o
                0x00001c34                __init_array_end = .
                0x00001c34                . = ALIGN (0x4)
 *(.fini)
 .fini          0x00001c34        0x4 c:/program files (x86)/cypress/psoc creator/4.2/psoc creator/import/gnu/arm/5.4.1/bin/../lib/gcc/arm-none-eabi/5.4.1/armv6-m/crti.o
                0x00001c34                _fini
 .fini          0x00001c38        0x8 c:/program files (x86)/cypress/psoc creator/4.2/psoc creator/import/gnu/arm/5.4.1/bin/../lib/gcc/arm-none-eabi/5.4.1/armv6-m/crtn.o
                0x00001c40                . = ALIGN (0x4)
                0x00001c40                __fini_array_start = .
 *(.fini_array)
 .fini_array    0x00001c40        0x4 c:/program files (x86)/cypress/psoc creator/4.2/psoc creator/import/gnu/arm/5.4.1/bin/../lib/gcc/arm-none-eabi/5.4.1/armv6-m/crtbegin.o
 *(SORT(.fini_array.*))
                0x00001c44                __fini_array_end = .
                0x00001c44                . = ALIGN (0x4)
 *crtbegin.o(.ctors)
 *(EXCLUDE_FILE(*crtend.o) .ctors)
 *(SORT(.ctors.*))
 *crtend.o(.ctors)
                0x00001c44                . = ALIGN (0x4)
 *crtbegin.o(.dtors)
 *(EXCLUDE_FILE(*crtend.o) .dtors)
 *(SORT(.dtors.*))
 *crtend.o(.dtors)
                0x00001c44                . = ALIGN (0x4)
                0x00001c44                __cy_regions = .
                0x00001c44        0x4 LONG 0x1c58 __cy_region_init_ram
                0x00001c48        0x4 LONG 0x20000080 __cy_region_start_data
                0x00001c4c        0x4 LONG 0x88 __cy_region_init_size_ram
                0x00001c50        0x4 LONG 0xd0 __cy_region_zero_size_ram
                0x00001c54                __cy_regions_end = .
                0x00001c58                . = ALIGN (0x8)
 *fill*         0x00001c54        0x4 
                0x00001c58                _etext = .

.cy_checksum_exclude
                0x00001c58        0x0
 *(.cy_checksum_exclude)

.ramvectors     0x20000000       0x80
                0x20000000                __cy_region_start_ram = .
 *(.ramvectors)
 .ramvectors    0x20000000       0x80 .\CortexM0p\ARM_GCC_541\Debug\Cm0plusStart.o
                0x20000000                CyRamVectors

.noinit
 *(.noinit)

.data           0x20000080       0x88 load address 0x00001c58
                0x20000080                __cy_region_start_data = .
 *(.jcr)
 .jcr           0x20000080        0x0 c:/program files (x86)/cypress/psoc creator/4.2/psoc creator/import/gnu/arm/5.4.1/bin/../lib/gcc/arm-none-eabi/5.4.1/armv6-m/crtbegin.o
 .jcr           0x20000080        0x4 c:/program files (x86)/cypress/psoc creator/4.2/psoc creator/import/gnu/arm/5.4.1/bin/../lib/gcc/arm-none-eabi/5.4.1/armv6-m/crtend.o
 *(.got.plt)
 *(.got)
 *(.shdata)
 *(.data .data.* .gnu.linkonce.d.*)
 .data          0x20000084        0x7 .\CortexM0p\ARM_GCC_541\Debug\main.o
                0x20000084                header
                0x20000088                tail
 *fill*         0x2000008b        0x1 
 .data          0x2000008c        0x4 .\CortexM0p\ARM_GCC_541\Debug\FirstTestMutal.a(CapSense_1_SensingCSX_LL.o)
                0x2000008c                CapSense_1_CSXPostScanApiPtr
 .data          0x20000090       0x14 .\CortexM0p\ARM_GCC_541\Debug\FirstTestMutal.a(CyLib.o)
                0x20000090                CySysClkPumpConfig
                0x20000094                cydelay32kMs
                0x20000098                cydelayFreqKhz
                0x2000009c                cydelayFreqMhz
                0x200000a0                cydelayFreqHz
 .data.impure_data
                0x200000a4       0x60 c:/program files (x86)/cypress/psoc creator/4.2/psoc creator/import/gnu/arm/5.4.1/bin/../lib/gcc/arm-none-eabi/5.4.1/../../../../arm-none-eabi/lib/armv6-m\libg_nano.a(lib_a-impure.o)
 .data._impure_ptr
                0x20000104        0x4 c:/program files (x86)/cypress/psoc creator/4.2/psoc creator/import/gnu/arm/5.4.1/bin/../lib/gcc/arm-none-eabi/5.4.1/../../../../arm-none-eabi/lib/armv6-m\libg_nano.a(lib_a-impure.o)
                0x20000104                _impure_ptr
                0x20000108                . = ALIGN (0x8)
 *(.ram)
                0x20000108                _edata = .

.igot.plt       0x20000108        0x0 load address 0x00001ce0
 .igot.plt      0x20000108        0x0 c:/program files (x86)/cypress/psoc creator/4.2/psoc creator/import/gnu/arm/5.4.1/bin/../lib/gcc/arm-none-eabi/5.4.1/armv6-m/crtbegin.o

.bss            0x20000108       0xd0 load address 0x00001ce0
                0x20000108                PROVIDE (__bss_start__, .)
 *(.shbss)
 *(.bss .bss.* .gnu.linkonce.b.*)
 .bss           0x20000108       0x1c c:/program files (x86)/cypress/psoc creator/4.2/psoc creator/import/gnu/arm/5.4.1/bin/../lib/gcc/arm-none-eabi/5.4.1/armv6-m/crtbegin.o
 .bss           0x20000124        0x4 .\CortexM0p\ARM_GCC_541\Debug\FirstTestMutal.a(UART.o)
                0x20000124                UART_initVar
                0x20000126                UART_IntrTxMask
 .bss           0x20000128        0x1 .\CortexM0p\ARM_GCC_541\Debug\FirstTestMutal.a(CapSense_1_Control.o)
 *fill*         0x20000129        0x3 
 .bss           0x2000012c       0x25 .\CortexM0p\ARM_GCC_541\Debug\FirstTestMutal.a(CapSense_1_Structure.o)
 *fill*         0x20000151        0x3 
 .bss           0x20000154        0x4 .\CortexM0p\ARM_GCC_541\Debug\FirstTestMutal.a(CapSense_1_Tuner.o)
 .bss           0x20000158        0xe .\CortexM0p\ARM_GCC_541\Debug\FirstTestMutal.a(CapSense_1_Sensing.o)
                0x20000158                CapSense_1_currentSenseMethod
                0x20000159                CapSense_1_requestScanAllWidget
                0x2000015c                CapSense_1_immunity
                0x2000015f                CapSense_1_widgetIndex
                0x20000160                CapSense_1_curFlashWdgtPtr
                0x20000164                CapSense_1_sensorIndex
                0x20000165                CapSense_1_scanFreqIndex
 *fill*         0x20000166        0x2 
 .bss           0x20000168       0x12 .\CortexM0p\ARM_GCC_541\Debug\FirstTestMutal.a(CapSense_1_SensingCSX_LL.o)
                0x20000168                CapSense_1_csxRawCount
                0x2000016a                CapSense_1_csxScanPeriod
 *(COMMON)
 *fill*         0x2000017a        0x2 
 COMMON         0x2000017c       0x50 .\CortexM0p\ARM_GCC_541\Debug\FirstTestMutal.a(CapSense_1_Structure.o)
                0x2000017c                CapSense_1_dsRam
 COMMON         0x200001cc        0x8 .\CortexM0p\ARM_GCC_541\Debug\FirstTestMutal.a(CapSense_1_Sensing.o)
                0x200001cc                CapSense_1_curRamSnsPtr
                0x200001d0                CapSense_1_curSnsIOPtr
                0x200001d8                . = ALIGN (0x8)
 *fill*         0x200001d4        0x4 
 *(.ram.b)
                0x200001d8                _end = .
                0x200001d8                __end = .
                0x200001d8                PROVIDE (end, .)
                0x200001d8                PROVIDE (__bss_end__, .)
                0x00001c58                __cy_region_init_ram = LOADADDR (.data)
                0x00000088                __cy_region_init_size_ram = (_edata - ADDR (.data))
                0x000000d0                __cy_region_zero_size_ram = (_end - _edata)

.heap           0x200001d8       0x80 load address 0x00001ce0
                0x200001d8                . = _end
                0x20000258                . = (. + 0x80)
 *fill*         0x200001d8       0x80 
                0x20000258                __cy_heap_limit = .

.stack          0x20000c00      0x400
                0x20000c00                __cy_stack_limit = .
                0x20001000                . = (. + 0x400)
 *fill*         0x20000c00      0x400 
                0x00000001                ASSERT ((__cy_stack_limit >= __cy_heap_limit), region RAM overflowed with stack)
                0x00000000                cy_checksum_exclude_size = (CY_APPL_LOADABLE == 0x1)?SIZEOF (.cy_checksum_exclude):0x0
                0x00000001                ASSERT ((cy_checksum_exclude_size <= CY_CHECKSUM_EXCLUDE_SIZE), CY_BOOT: Section .cy_checksum_exclude size exceedes specified limit.)
                0x00007fc0                cyloadermeta_start = (cy_project_type_bootloader || cy_project_type_app_for_stack_and_copier)?(LENGTH (rom) - CY_METADATA_SIZE):0xf0000000

.cyloadermeta
 *(.cyloadermeta)
                0x00007fc0                cyloadablemeta_start = cy_project_type_app_for_stack_and_copier?((LENGTH (rom) - CY_FLASH_ROW_SIZE) - CY_METADATA_SIZE):((LENGTH (rom) - (CY_FLASH_ROW_SIZE * (CY_APPL_NUM - 0x1))) - CY_METADATA_SIZE)

.cyloadablemeta
 *(.cyloadablemeta)

.cyflashprotect
                0x90400000       0x20
 *(.cyflashprotect)
 .cyflashprotect
                0x90400000       0x20 .\CortexM0p\ARM_GCC_541\Debug\cymetadata.o
                0x90400000                cy_meta_flashprotect

.cymeta         0x90500000        0xc
 *(.cymeta)
 .cymeta        0x90500000        0xc .\CortexM0p\ARM_GCC_541\Debug\cymetadata.o
                0x90500000                cy_metadata

.cychipprotect  0x90600000        0x1
 *(.cychipprotect)
 .cychipprotect
                0x90600000        0x1 .\CortexM0p\ARM_GCC_541\Debug\cymetadata.o
                0x90600000                cy_meta_chipprotect

.rel.dyn        0x00001ce0        0x0 load address 0x90600004
 .rel.iplt      0x00001ce0        0x0 c:/program files (x86)/cypress/psoc creator/4.2/psoc creator/import/gnu/arm/5.4.1/bin/../lib/gcc/arm-none-eabi/5.4.1/armv6-m/crtbegin.o

.stab
 *(.stab)

.stabstr
 *(.stabstr)

.debug
 *(.debug)

.line
 *(.line)

.debug_srcinfo
 *(.debug_srcinfo)

.debug_sfnames
 *(.debug_sfnames)

.debug_aranges  0x00000000      0x928
 *(.debug_aranges)
 .debug_aranges
                0x00000000       0x28 .\CortexM0p\ARM_GCC_541\Debug\main.o
 .debug_aranges
                0x00000028       0x38 .\CortexM0p\ARM_GCC_541\Debug\cyfitter_cfg.o
 .debug_aranges
                0x00000060       0x18 .\CortexM0p\ARM_GCC_541\Debug\cymetadata.o
 .debug_aranges
                0x00000078       0x48 .\CortexM0p\ARM_GCC_541\Debug\Cm0plusStart.o
 .debug_aranges
                0x000000c0       0x58 .\CortexM0p\ARM_GCC_541\Debug\FirstTestMutal.a(UART.o)
 .debug_aranges
                0x00000118       0x48 .\CortexM0p\ARM_GCC_541\Debug\FirstTestMutal.a(UART_SPI_UART.o)
 .debug_aranges
                0x00000160       0x70 .\CortexM0p\ARM_GCC_541\Debug\FirstTestMutal.a(UART_UART.o)
 .debug_aranges
                0x000001d0       0x68 .\CortexM0p\ARM_GCC_541\Debug\FirstTestMutal.a(CapSense_1_Control.o)
 .debug_aranges
                0x00000238       0x48 .\CortexM0p\ARM_GCC_541\Debug\FirstTestMutal.a(CapSense_1_Processing.o)
 .debug_aranges
                0x00000280       0x50 .\CortexM0p\ARM_GCC_541\Debug\FirstTestMutal.a(CapSense_1_Structure.o)
 .debug_aranges
                0x000002d0       0x28 .\CortexM0p\ARM_GCC_541\Debug\FirstTestMutal.a(CapSense_1_Tuner.o)
 .debug_aranges
                0x000002f8       0xf8 .\CortexM0p\ARM_GCC_541\Debug\FirstTestMutal.a(CapSense_1_Filter.o)
 .debug_aranges
                0x000003f0       0xd0 .\CortexM0p\ARM_GCC_541\Debug\FirstTestMutal.a(CapSense_1_Sensing.o)
 .debug_aranges
                0x000004c0       0xa0 .\CortexM0p\ARM_GCC_541\Debug\FirstTestMutal.a(CapSense_1_SensingCSX_LL.o)
 .debug_aranges
                0x00000560       0x80 .\CortexM0p\ARM_GCC_541\Debug\FirstTestMutal.a(CapSense_1_ISR.o)
 .debug_aranges
                0x000005e0      0x190 .\CortexM0p\ARM_GCC_541\Debug\FirstTestMutal.a(CyLib.o)
 .debug_aranges
                0x00000770       0x30 .\CortexM0p\ARM_GCC_541\Debug\FirstTestMutal.a(cyPm.o)
 .debug_aranges
                0x000007a0       0xd8 .\CortexM0p\ARM_GCC_541\Debug\FirstTestMutal.a(CyLFClk.o)
 .debug_aranges
                0x00000878       0x48 .\CortexM0p\ARM_GCC_541\Debug\FirstTestMutal.a(LED1.o)
 .debug_aranges
                0x000008c0       0x20 .\CortexM0p\ARM_GCC_541\Debug\FirstTestMutal.a(CyBootAsmGnu.o)
 .debug_aranges
                0x000008e0       0x48 .\CortexM0p\ARM_GCC_541\Debug\FirstTestMutal.a(CyFlash.o)

.debug_pubnames
 *(.debug_pubnames)

.debug_info     0x00000000     0x7b25
 *(.debug_info .gnu.linkonce.wi.*)
 .debug_info    0x00000000      0x4f3 .\CortexM0p\ARM_GCC_541\Debug\main.o
 .debug_info    0x000004f3      0x169 .\CortexM0p\ARM_GCC_541\Debug\cyfitter_cfg.o
 .debug_info    0x0000065c       0xf8 .\CortexM0p\ARM_GCC_541\Debug\cymetadata.o
 .debug_info    0x00000754      0x3a5 .\CortexM0p\ARM_GCC_541\Debug\Cm0plusStart.o
 .debug_info    0x00000af9      0x23a .\CortexM0p\ARM_GCC_541\Debug\FirstTestMutal.a(UART.o)
 .debug_info    0x00000d33      0x1bf .\CortexM0p\ARM_GCC_541\Debug\FirstTestMutal.a(UART_SPI_UART.o)
 .debug_info    0x00000ef2      0x2b7 .\CortexM0p\ARM_GCC_541\Debug\FirstTestMutal.a(UART_UART.o)
 .debug_info    0x000011a9      0x95e .\CortexM0p\ARM_GCC_541\Debug\FirstTestMutal.a(CapSense_1_Control.o)
 .debug_info    0x00001b07      0x9e6 .\CortexM0p\ARM_GCC_541\Debug\FirstTestMutal.a(CapSense_1_Processing.o)
 .debug_info    0x000024ed      0xa87 .\CortexM0p\ARM_GCC_541\Debug\FirstTestMutal.a(CapSense_1_Structure.o)
 .debug_info    0x00002f74      0x5c2 .\CortexM0p\ARM_GCC_541\Debug\FirstTestMutal.a(CapSense_1_Tuner.o)
 .debug_info    0x00003536      0xf6a .\CortexM0p\ARM_GCC_541\Debug\FirstTestMutal.a(CapSense_1_Filter.o)
 .debug_info    0x000044a0      0xe64 .\CortexM0p\ARM_GCC_541\Debug\FirstTestMutal.a(CapSense_1_Sensing.o)
 .debug_info    0x00005304      0xd4a .\CortexM0p\ARM_GCC_541\Debug\FirstTestMutal.a(CapSense_1_SensingCSX_LL.o)
 .debug_info    0x0000604e      0x305 .\CortexM0p\ARM_GCC_541\Debug\FirstTestMutal.a(CapSense_1_ISR.o)
 .debug_info    0x00006353      0xbd0 .\CortexM0p\ARM_GCC_541\Debug\FirstTestMutal.a(CyLib.o)
 .debug_info    0x00006f23      0x180 .\CortexM0p\ARM_GCC_541\Debug\FirstTestMutal.a(cyPm.o)
 .debug_info    0x000070a3      0x444 .\CortexM0p\ARM_GCC_541\Debug\FirstTestMutal.a(CyLFClk.o)
 .debug_info    0x000074e7      0x19d .\CortexM0p\ARM_GCC_541\Debug\FirstTestMutal.a(LED1.o)
 .debug_info    0x00007684       0x8a .\CortexM0p\ARM_GCC_541\Debug\FirstTestMutal.a(CyBootAsmGnu.o)
 .debug_info    0x0000770e      0x417 .\CortexM0p\ARM_GCC_541\Debug\FirstTestMutal.a(CyFlash.o)

.debug_abbrev   0x00000000     0x1df4
 *(.debug_abbrev)
 .debug_abbrev  0x00000000      0x145 .\CortexM0p\ARM_GCC_541\Debug\main.o
 .debug_abbrev  0x00000145       0xdb .\CortexM0p\ARM_GCC_541\Debug\cyfitter_cfg.o
 .debug_abbrev  0x00000220       0x5d .\CortexM0p\ARM_GCC_541\Debug\cymetadata.o
 .debug_abbrev  0x0000027d      0x1d0 .\CortexM0p\ARM_GCC_541\Debug\Cm0plusStart.o
 .debug_abbrev  0x0000044d       0xd5 .\CortexM0p\ARM_GCC_541\Debug\FirstTestMutal.a(UART.o)
 .debug_abbrev  0x00000522       0xfd .\CortexM0p\ARM_GCC_541\Debug\FirstTestMutal.a(UART_SPI_UART.o)
 .debug_abbrev  0x0000061f      0x116 .\CortexM0p\ARM_GCC_541\Debug\FirstTestMutal.a(UART_UART.o)
 .debug_abbrev  0x00000735      0x218 .\CortexM0p\ARM_GCC_541\Debug\FirstTestMutal.a(CapSense_1_Control.o)
 .debug_abbrev  0x0000094d      0x1c2 .\CortexM0p\ARM_GCC_541\Debug\FirstTestMutal.a(CapSense_1_Processing.o)
 .debug_abbrev  0x00000b0f      0x20e .\CortexM0p\ARM_GCC_541\Debug\FirstTestMutal.a(CapSense_1_Structure.o)
 .debug_abbrev  0x00000d1d      0x166 .\CortexM0p\ARM_GCC_541\Debug\FirstTestMutal.a(CapSense_1_Tuner.o)
 .debug_abbrev  0x00000e83      0x245 .\CortexM0p\ARM_GCC_541\Debug\FirstTestMutal.a(CapSense_1_Filter.o)
 .debug_abbrev  0x000010c8      0x215 .\CortexM0p\ARM_GCC_541\Debug\FirstTestMutal.a(CapSense_1_Sensing.o)
 .debug_abbrev  0x000012dd      0x29f .\CortexM0p\ARM_GCC_541\Debug\FirstTestMutal.a(CapSense_1_SensingCSX_LL.o)
 .debug_abbrev  0x0000157c      0x19a .\CortexM0p\ARM_GCC_541\Debug\FirstTestMutal.a(CapSense_1_ISR.o)
 .debug_abbrev  0x00001716      0x209 .\CortexM0p\ARM_GCC_541\Debug\FirstTestMutal.a(CyLib.o)
 .debug_abbrev  0x0000191f       0xac .\CortexM0p\ARM_GCC_541\Debug\FirstTestMutal.a(cyPm.o)
 .debug_abbrev  0x000019cb      0x1af .\CortexM0p\ARM_GCC_541\Debug\FirstTestMutal.a(CyLFClk.o)
 .debug_abbrev  0x00001b7a       0xc8 .\CortexM0p\ARM_GCC_541\Debug\FirstTestMutal.a(LED1.o)
 .debug_abbrev  0x00001c42       0x14 .\CortexM0p\ARM_GCC_541\Debug\FirstTestMutal.a(CyBootAsmGnu.o)
 .debug_abbrev  0x00001c56      0x19e .\CortexM0p\ARM_GCC_541\Debug\FirstTestMutal.a(CyFlash.o)

.debug_line     0x00000000     0x282c
 *(.debug_line)
 .debug_line    0x00000000      0x12c .\CortexM0p\ARM_GCC_541\Debug\main.o
 .debug_line    0x0000012c       0xbc .\CortexM0p\ARM_GCC_541\Debug\cyfitter_cfg.o
 .debug_line    0x000001e8      0x141 .\CortexM0p\ARM_GCC_541\Debug\cymetadata.o
 .debug_line    0x00000329      0x247 .\CortexM0p\ARM_GCC_541\Debug\Cm0plusStart.o
 .debug_line    0x00000570      0x108 .\CortexM0p\ARM_GCC_541\Debug\FirstTestMutal.a(UART.o)
 .debug_line    0x00000678       0xde .\CortexM0p\ARM_GCC_541\Debug\FirstTestMutal.a(UART_SPI_UART.o)
 .debug_line    0x00000756      0x172 .\CortexM0p\ARM_GCC_541\Debug\FirstTestMutal.a(UART_UART.o)
 .debug_line    0x000008c8      0x222 .\CortexM0p\ARM_GCC_541\Debug\FirstTestMutal.a(CapSense_1_Control.o)
 .debug_line    0x00000aea      0x2d8 .\CortexM0p\ARM_GCC_541\Debug\FirstTestMutal.a(CapSense_1_Processing.o)
 .debug_line    0x00000dc2      0x1c5 .\CortexM0p\ARM_GCC_541\Debug\FirstTestMutal.a(CapSense_1_Structure.o)
 .debug_line    0x00000f87      0x128 .\CortexM0p\ARM_GCC_541\Debug\FirstTestMutal.a(CapSense_1_Tuner.o)
 .debug_line    0x000010af      0x3d0 .\CortexM0p\ARM_GCC_541\Debug\FirstTestMutal.a(CapSense_1_Filter.o)
 .debug_line    0x0000147f      0x401 .\CortexM0p\ARM_GCC_541\Debug\FirstTestMutal.a(CapSense_1_Sensing.o)
 .debug_line    0x00001880      0x365 .\CortexM0p\ARM_GCC_541\Debug\FirstTestMutal.a(CapSense_1_SensingCSX_LL.o)
 .debug_line    0x00001be5      0x15a .\CortexM0p\ARM_GCC_541\Debug\FirstTestMutal.a(CapSense_1_ISR.o)
 .debug_line    0x00001d3f      0x4c9 .\CortexM0p\ARM_GCC_541\Debug\FirstTestMutal.a(CyLib.o)
 .debug_line    0x00002208       0x9b .\CortexM0p\ARM_GCC_541\Debug\FirstTestMutal.a(cyPm.o)
 .debug_line    0x000022a3      0x284 .\CortexM0p\ARM_GCC_541\Debug\FirstTestMutal.a(CyLFClk.o)
 .debug_line    0x00002527       0xbc .\CortexM0p\ARM_GCC_541\Debug\FirstTestMutal.a(LED1.o)
 .debug_line    0x000025e3       0x68 .\CortexM0p\ARM_GCC_541\Debug\FirstTestMutal.a(CyBootAsmGnu.o)
 .debug_line    0x0000264b      0x1e1 .\CortexM0p\ARM_GCC_541\Debug\FirstTestMutal.a(CyFlash.o)

.debug_frame    0x00000000     0x17f0
 *(.debug_frame)
 .debug_frame   0x00000000       0x48 .\CortexM0p\ARM_GCC_541\Debug\main.o
 .debug_frame   0x00000048       0x74 .\CortexM0p\ARM_GCC_541\Debug\cyfitter_cfg.o
 .debug_frame   0x000000bc       0xbc .\CortexM0p\ARM_GCC_541\Debug\Cm0plusStart.o
 .debug_frame   0x00000178       0xd8 .\CortexM0p\ARM_GCC_541\Debug\FirstTestMutal.a(UART.o)
 .debug_frame   0x00000250       0x80 .\CortexM0p\ARM_GCC_541\Debug\FirstTestMutal.a(UART_SPI_UART.o)
 .debug_frame   0x000002d0       0xec .\CortexM0p\ARM_GCC_541\Debug\FirstTestMutal.a(UART_UART.o)
 .debug_frame   0x000003bc      0x120 .\CortexM0p\ARM_GCC_541\Debug\FirstTestMutal.a(CapSense_1_Control.o)
 .debug_frame   0x000004dc       0xe0 .\CortexM0p\ARM_GCC_541\Debug\FirstTestMutal.a(CapSense_1_Processing.o)
 .debug_frame   0x000005bc       0xc0 .\CortexM0p\ARM_GCC_541\Debug\FirstTestMutal.a(CapSense_1_Structure.o)
 .debug_frame   0x0000067c       0x40 .\CortexM0p\ARM_GCC_541\Debug\FirstTestMutal.a(CapSense_1_Tuner.o)
 .debug_frame   0x000006bc      0x388 .\CortexM0p\ARM_GCC_541\Debug\FirstTestMutal.a(CapSense_1_Filter.o)
 .debug_frame   0x00000a44      0x274 .\CortexM0p\ARM_GCC_541\Debug\FirstTestMutal.a(CapSense_1_Sensing.o)
 .debug_frame   0x00000cb8      0x1ec .\CortexM0p\ARM_GCC_541\Debug\FirstTestMutal.a(CapSense_1_SensingCSX_LL.o)
 .debug_frame   0x00000ea4      0x110 .\CortexM0p\ARM_GCC_541\Debug\FirstTestMutal.a(CapSense_1_ISR.o)
 .debug_frame   0x00000fb4      0x414 .\CortexM0p\ARM_GCC_541\Debug\FirstTestMutal.a(CyLib.o)
 .debug_frame   0x000013c8       0x58 .\CortexM0p\ARM_GCC_541\Debug\FirstTestMutal.a(cyPm.o)
 .debug_frame   0x00001420      0x1dc .\CortexM0p\ARM_GCC_541\Debug\FirstTestMutal.a(CyLFClk.o)
 .debug_frame   0x000015fc       0x70 .\CortexM0p\ARM_GCC_541\Debug\FirstTestMutal.a(LED1.o)
 .debug_frame   0x0000166c       0xa8 .\CortexM0p\ARM_GCC_541\Debug\FirstTestMutal.a(CyFlash.o)
 .debug_frame   0x00001714       0x20 c:/program files (x86)/cypress/psoc creator/4.2/psoc creator/import/gnu/arm/5.4.1/bin/../lib/gcc/arm-none-eabi/5.4.1/armv6-m\libgcc.a(_udivsi3.o)
 .debug_frame   0x00001734       0x20 c:/program files (x86)/cypress/psoc creator/4.2/psoc creator/import/gnu/arm/5.4.1/bin/../lib/gcc/arm-none-eabi/5.4.1/../../../../arm-none-eabi/lib/armv6-m\libg_nano.a(lib_a-errno.o)
 .debug_frame   0x00001754       0x28 c:/program files (x86)/cypress/psoc creator/4.2/psoc creator/import/gnu/arm/5.4.1/bin/../lib/gcc/arm-none-eabi/5.4.1/../../../../arm-none-eabi/lib/armv6-m\libg_nano.a(lib_a-exit.o)
 .debug_frame   0x0000177c       0x2c c:/program files (x86)/cypress/psoc creator/4.2/psoc creator/import/gnu/arm/5.4.1/bin/../lib/gcc/arm-none-eabi/5.4.1/../../../../arm-none-eabi/lib/armv6-m\libg_nano.a(lib_a-init.o)
 .debug_frame   0x000017a8       0x28 c:/program files (x86)/cypress/psoc creator/4.2/psoc creator/import/gnu/arm/5.4.1/bin/../lib/gcc/arm-none-eabi/5.4.1/../../../../arm-none-eabi/lib/armv6-m\libg_nano.a(lib_a-memcpy-stub.o)
 .debug_frame   0x000017d0       0x20 c:/program files (x86)/cypress/psoc creator/4.2/psoc creator/import/gnu/arm/5.4.1/bin/../lib/gcc/arm-none-eabi/5.4.1/../../../../arm-none-eabi/lib/armv6-m\libg_nano.a(lib_a-memset.o)

.debug_str      0x00000000     0x2ab2
 *(.debug_str)
 .debug_str     0x00000000      0x466 .\CortexM0p\ARM_GCC_541\Debug\main.o
                                0x4ad (size before relaxing)
 .debug_str     0x00000466       0x91 .\CortexM0p\ARM_GCC_541\Debug\cyfitter_cfg.o
                                0x217 (size before relaxing)
 .debug_str     0x000004f7       0x63 .\CortexM0p\ARM_GCC_541\Debug\cymetadata.o
                                0x1c6 (size before relaxing)
 .debug_str     0x0000055a      0x15b .\CortexM0p\ARM_GCC_541\Debug\Cm0plusStart.o
                                0x30d (size before relaxing)
 .debug_str     0x000006b5       0xf7 .\CortexM0p\ARM_GCC_541\Debug\FirstTestMutal.a(UART.o)
                                0x295 (size before relaxing)
 .debug_str     0x000007ac       0xcc .\CortexM0p\ARM_GCC_541\Debug\FirstTestMutal.a(UART_SPI_UART.o)
                                0x278 (size before relaxing)
 .debug_str     0x00000878      0x12f .\CortexM0p\ARM_GCC_541\Debug\FirstTestMutal.a(UART_UART.o)
                                0x31c (size before relaxing)
 .debug_str     0x000009a7      0x466 .\CortexM0p\ARM_GCC_541\Debug\FirstTestMutal.a(CapSense_1_Control.o)
                                0x86c (size before relaxing)
 .debug_str     0x00000e0d      0x24e .\CortexM0p\ARM_GCC_541\Debug\FirstTestMutal.a(CapSense_1_Processing.o)
                                0x846 (size before relaxing)
 .debug_str     0x0000105b      0x1d9 .\CortexM0p\ARM_GCC_541\Debug\FirstTestMutal.a(CapSense_1_Structure.o)
                                0x829 (size before relaxing)
 .debug_str     0x00001234      0x171 .\CortexM0p\ARM_GCC_541\Debug\FirstTestMutal.a(CapSense_1_Tuner.o)
                                0x63c (size before relaxing)
 .debug_str     0x000013a5      0x3b2 .\CortexM0p\ARM_GCC_541\Debug\FirstTestMutal.a(CapSense_1_Filter.o)
                                0x913 (size before relaxing)
 .debug_str     0x00001757      0x515 .\CortexM0p\ARM_GCC_541\Debug\FirstTestMutal.a(CapSense_1_Sensing.o)
                                0xb92 (size before relaxing)
 .debug_str     0x00001c6c      0x31f .\CortexM0p\ARM_GCC_541\Debug\FirstTestMutal.a(CapSense_1_SensingCSX_LL.o)
                                0xb53 (size before relaxing)
 .debug_str     0x00001f8b      0x165 .\CortexM0p\ARM_GCC_541\Debug\FirstTestMutal.a(CapSense_1_ISR.o)
                                0x366 (size before relaxing)
 .debug_str     0x000020f0      0x4dd .\CortexM0p\ARM_GCC_541\Debug\FirstTestMutal.a(CyLib.o)
                                0x721 (size before relaxing)
 .debug_str     0x000025cd       0x5f .\CortexM0p\ARM_GCC_541\Debug\FirstTestMutal.a(cyPm.o)
                                0x23b (size before relaxing)
 .debug_str     0x0000262c      0x2d0 .\CortexM0p\ARM_GCC_541\Debug\FirstTestMutal.a(CyLFClk.o)
                                0x4b8 (size before relaxing)
 .debug_str     0x000028fc       0x99 .\CortexM0p\ARM_GCC_541\Debug\FirstTestMutal.a(LED1.o)
                                0x22d (size before relaxing)
 .debug_str     0x00002995      0x11d .\CortexM0p\ARM_GCC_541\Debug\FirstTestMutal.a(CyFlash.o)
                                0x320 (size before relaxing)

.debug_loc      0x00000000     0x39d7
 *(.debug_loc)
 .debug_loc     0x00000000       0x35 .\CortexM0p\ARM_GCC_541\Debug\cyfitter_cfg.o
 .debug_loc     0x00000035      0x14f .\CortexM0p\ARM_GCC_541\Debug\Cm0plusStart.o
 .debug_loc     0x00000184       0x7e .\CortexM0p\ARM_GCC_541\Debug\FirstTestMutal.a(UART.o)
 .debug_loc     0x00000202       0x77 .\CortexM0p\ARM_GCC_541\Debug\FirstTestMutal.a(UART_SPI_UART.o)
 .debug_loc     0x00000279      0x160 .\CortexM0p\ARM_GCC_541\Debug\FirstTestMutal.a(UART_UART.o)
 .debug_loc     0x000003d9      0x3cb .\CortexM0p\ARM_GCC_541\Debug\FirstTestMutal.a(CapSense_1_Control.o)
 .debug_loc     0x000007a4      0x5ab .\CortexM0p\ARM_GCC_541\Debug\FirstTestMutal.a(CapSense_1_Processing.o)
 .debug_loc     0x00000d4f      0x3df .\CortexM0p\ARM_GCC_541\Debug\FirstTestMutal.a(CapSense_1_Structure.o)
 .debug_loc     0x0000112e      0x176 .\CortexM0p\ARM_GCC_541\Debug\FirstTestMutal.a(CapSense_1_Tuner.o)
 .debug_loc     0x000012a4      0xe82 .\CortexM0p\ARM_GCC_541\Debug\FirstTestMutal.a(CapSense_1_Filter.o)
 .debug_loc     0x00002126      0x783 .\CortexM0p\ARM_GCC_541\Debug\FirstTestMutal.a(CapSense_1_Sensing.o)
 .debug_loc     0x000028a9      0x4cf .\CortexM0p\ARM_GCC_541\Debug\FirstTestMutal.a(CapSense_1_SensingCSX_LL.o)
 .debug_loc     0x00002d78       0x82 .\CortexM0p\ARM_GCC_541\Debug\FirstTestMutal.a(CapSense_1_ISR.o)
 .debug_loc     0x00002dfa      0x5e3 .\CortexM0p\ARM_GCC_541\Debug\FirstTestMutal.a(CyLib.o)
 .debug_loc     0x000033dd       0x47 .\CortexM0p\ARM_GCC_541\Debug\FirstTestMutal.a(cyPm.o)
 .debug_loc     0x00003424      0x354 .\CortexM0p\ARM_GCC_541\Debug\FirstTestMutal.a(CyLFClk.o)
 .debug_loc     0x00003778       0xa2 .\CortexM0p\ARM_GCC_541\Debug\FirstTestMutal.a(LED1.o)
 .debug_loc     0x0000381a      0x1bd .\CortexM0p\ARM_GCC_541\Debug\FirstTestMutal.a(CyFlash.o)

.debug_macinfo
 *(.debug_macinfo)

.debug_ranges   0x00000000      0x7c0
 *(.debug_ranges)
 .debug_ranges  0x00000000       0x18 .\CortexM0p\ARM_GCC_541\Debug\main.o
 .debug_ranges  0x00000018       0x28 .\CortexM0p\ARM_GCC_541\Debug\cyfitter_cfg.o
 .debug_ranges  0x00000040       0x38 .\CortexM0p\ARM_GCC_541\Debug\Cm0plusStart.o
 .debug_ranges  0x00000078       0x48 .\CortexM0p\ARM_GCC_541\Debug\FirstTestMutal.a(UART.o)
 .debug_ranges  0x000000c0       0x38 .\CortexM0p\ARM_GCC_541\Debug\FirstTestMutal.a(UART_SPI_UART.o)
 .debug_ranges  0x000000f8       0x60 .\CortexM0p\ARM_GCC_541\Debug\FirstTestMutal.a(UART_UART.o)
 .debug_ranges  0x00000158       0x58 .\CortexM0p\ARM_GCC_541\Debug\FirstTestMutal.a(CapSense_1_Control.o)
 .debug_ranges  0x000001b0       0x38 .\CortexM0p\ARM_GCC_541\Debug\FirstTestMutal.a(CapSense_1_Processing.o)
 .debug_ranges  0x000001e8       0x40 .\CortexM0p\ARM_GCC_541\Debug\FirstTestMutal.a(CapSense_1_Structure.o)
 .debug_ranges  0x00000228       0x18 .\CortexM0p\ARM_GCC_541\Debug\FirstTestMutal.a(CapSense_1_Tuner.o)
 .debug_ranges  0x00000240       0xe8 .\CortexM0p\ARM_GCC_541\Debug\FirstTestMutal.a(CapSense_1_Filter.o)
 .debug_ranges  0x00000328       0xc0 .\CortexM0p\ARM_GCC_541\Debug\FirstTestMutal.a(CapSense_1_Sensing.o)
 .debug_ranges  0x000003e8       0x90 .\CortexM0p\ARM_GCC_541\Debug\FirstTestMutal.a(CapSense_1_SensingCSX_LL.o)
 .debug_ranges  0x00000478       0x70 .\CortexM0p\ARM_GCC_541\Debug\FirstTestMutal.a(CapSense_1_ISR.o)
 .debug_ranges  0x000004e8      0x180 .\CortexM0p\ARM_GCC_541\Debug\FirstTestMutal.a(CyLib.o)
 .debug_ranges  0x00000668       0x20 .\CortexM0p\ARM_GCC_541\Debug\FirstTestMutal.a(cyPm.o)
 .debug_ranges  0x00000688       0xc8 .\CortexM0p\ARM_GCC_541\Debug\FirstTestMutal.a(CyLFClk.o)
 .debug_ranges  0x00000750       0x38 .\CortexM0p\ARM_GCC_541\Debug\FirstTestMutal.a(LED1.o)
 .debug_ranges  0x00000788       0x38 .\CortexM0p\ARM_GCC_541\Debug\FirstTestMutal.a(CyFlash.o)

.comment        0x00000000       0x6e
 .comment       0x00000000       0x6e .\CortexM0p\ARM_GCC_541\Debug\main.o
                                 0x6f (size before relaxing)
 .comment       0x0000006e       0x6f .\CortexM0p\ARM_GCC_541\Debug\cyfitter_cfg.o
 .comment       0x0000006e       0x6f .\CortexM0p\ARM_GCC_541\Debug\cymetadata.o
 .comment       0x0000006e       0x6f .\CortexM0p\ARM_GCC_541\Debug\Cm0plusStart.o
 .comment       0x0000006e       0x6f .\CortexM0p\ARM_GCC_541\Debug\FirstTestMutal.a(UART.o)
 .comment       0x0000006e       0x6f .\CortexM0p\ARM_GCC_541\Debug\FirstTestMutal.a(UART_SPI_UART.o)
 .comment       0x0000006e       0x6f .\CortexM0p\ARM_GCC_541\Debug\FirstTestMutal.a(UART_UART.o)
 .comment       0x0000006e       0x6f .\CortexM0p\ARM_GCC_541\Debug\FirstTestMutal.a(CapSense_1_Control.o)
 .comment       0x0000006e       0x6f .\CortexM0p\ARM_GCC_541\Debug\FirstTestMutal.a(CapSense_1_Processing.o)
 .comment       0x0000006e       0x6f .\CortexM0p\ARM_GCC_541\Debug\FirstTestMutal.a(CapSense_1_Structure.o)
 .comment       0x0000006e       0x6f .\CortexM0p\ARM_GCC_541\Debug\FirstTestMutal.a(CapSense_1_Tuner.o)
 .comment       0x0000006e       0x6f .\CortexM0p\ARM_GCC_541\Debug\FirstTestMutal.a(CapSense_1_Filter.o)
 .comment       0x0000006e       0x6f .\CortexM0p\ARM_GCC_541\Debug\FirstTestMutal.a(CapSense_1_Sensing.o)
 .comment       0x0000006e       0x6f .\CortexM0p\ARM_GCC_541\Debug\FirstTestMutal.a(CapSense_1_SensingCSX_LL.o)
 .comment       0x0000006e       0x6f .\CortexM0p\ARM_GCC_541\Debug\FirstTestMutal.a(CapSense_1_ISR.o)
 .comment       0x0000006e       0x6f .\CortexM0p\ARM_GCC_541\Debug\FirstTestMutal.a(CyLib.o)
 .comment       0x0000006e       0x6f .\CortexM0p\ARM_GCC_541\Debug\FirstTestMutal.a(cyPm.o)
 .comment       0x0000006e       0x6f .\CortexM0p\ARM_GCC_541\Debug\FirstTestMutal.a(CyLFClk.o)
 .comment       0x0000006e       0x6f .\CortexM0p\ARM_GCC_541\Debug\FirstTestMutal.a(LED1.o)
 .comment       0x0000006e       0x6f .\CortexM0p\ARM_GCC_541\Debug\FirstTestMutal.a(CyFlash.o)

.debug_weaknames
 *(.debug_weaknames)

.debug_funcnames
 *(.debug_funcnames)

.debug_typenames
 *(.debug_typenames)

.debug_varnames
 *(.debug_varnames)

.note.gnu.arm.ident
 *(.note.gnu.arm.ident)

.ARM.attributes
                0x00000000       0x28
 *(.ARM.attributes)
 .ARM.attributes
                0x00000000       0x1e c:/program files (x86)/cypress/psoc creator/4.2/psoc creator/import/gnu/arm/5.4.1/bin/../lib/gcc/arm-none-eabi/5.4.1/armv6-m/crti.o
 .ARM.attributes
                0x0000001e       0x2c c:/program files (x86)/cypress/psoc creator/4.2/psoc creator/import/gnu/arm/5.4.1/bin/../lib/gcc/arm-none-eabi/5.4.1/armv6-m/crtbegin.o
 .ARM.attributes
                0x0000004a       0x1b c:/program files (x86)/cypress/psoc creator/4.2/psoc creator/import/gnu/arm/5.4.1/bin/../lib/gcc/arm-none-eabi/5.4.1/../../../../arm-none-eabi/lib/armv6-m/crt0.o
 .ARM.attributes
                0x00000065       0x32 .\CortexM0p\ARM_GCC_541\Debug\main.o
 .ARM.attributes
                0x00000097       0x32 .\CortexM0p\ARM_GCC_541\Debug\cyfitter_cfg.o
 .ARM.attributes
                0x000000c9       0x32 .\CortexM0p\ARM_GCC_541\Debug\cymetadata.o
 .ARM.attributes
                0x000000fb       0x32 .\CortexM0p\ARM_GCC_541\Debug\Cm0plusStart.o
 .ARM.attributes
                0x0000012d       0x32 .\CortexM0p\ARM_GCC_541\Debug\FirstTestMutal.a(UART.o)
 .ARM.attributes
                0x0000015f       0x32 .\CortexM0p\ARM_GCC_541\Debug\FirstTestMutal.a(UART_SPI_UART.o)
 .ARM.attributes
                0x00000191       0x32 .\CortexM0p\ARM_GCC_541\Debug\FirstTestMutal.a(UART_UART.o)
 .ARM.attributes
                0x000001c3       0x32 .\CortexM0p\ARM_GCC_541\Debug\FirstTestMutal.a(CapSense_1_Control.o)
 .ARM.attributes
                0x000001f5       0x32 .\CortexM0p\ARM_GCC_541\Debug\FirstTestMutal.a(CapSense_1_Processing.o)
 .ARM.attributes
                0x00000227       0x32 .\CortexM0p\ARM_GCC_541\Debug\FirstTestMutal.a(CapSense_1_Structure.o)
 .ARM.attributes
                0x00000259       0x32 .\CortexM0p\ARM_GCC_541\Debug\FirstTestMutal.a(CapSense_1_Tuner.o)
 .ARM.attributes
                0x0000028b       0x32 .\CortexM0p\ARM_GCC_541\Debug\FirstTestMutal.a(CapSense_1_Filter.o)
 .ARM.attributes
                0x000002bd       0x32 .\CortexM0p\ARM_GCC_541\Debug\FirstTestMutal.a(CapSense_1_Sensing.o)
 .ARM.attributes
                0x000002ef       0x32 .\CortexM0p\ARM_GCC_541\Debug\FirstTestMutal.a(CapSense_1_SensingCSX_LL.o)
 .ARM.attributes
                0x00000321       0x32 .\CortexM0p\ARM_GCC_541\Debug\FirstTestMutal.a(CapSense_1_ISR.o)
 .ARM.attributes
                0x00000353       0x32 .\CortexM0p\ARM_GCC_541\Debug\FirstTestMutal.a(CyLib.o)
 .ARM.attributes
                0x00000385       0x32 .\CortexM0p\ARM_GCC_541\Debug\FirstTestMutal.a(cyPm.o)
 .ARM.attributes
                0x000003b7       0x32 .\CortexM0p\ARM_GCC_541\Debug\FirstTestMutal.a(CyLFClk.o)
 .ARM.attributes
                0x000003e9       0x32 .\CortexM0p\ARM_GCC_541\Debug\FirstTestMutal.a(LED1.o)
 .ARM.attributes
                0x0000041b       0x22 .\CortexM0p\ARM_GCC_541\Debug\FirstTestMutal.a(CyBootAsmGnu.o)
 .ARM.attributes
                0x0000043d       0x32 .\CortexM0p\ARM_GCC_541\Debug\FirstTestMutal.a(CyFlash.o)
 .ARM.attributes
                0x0000046f       0x1e c:/program files (x86)/cypress/psoc creator/4.2/psoc creator/import/gnu/arm/5.4.1/bin/../lib/gcc/arm-none-eabi/5.4.1/armv6-m\libgcc.a(_udivsi3.o)
 .ARM.attributes
                0x0000048d       0x1e c:/program files (x86)/cypress/psoc creator/4.2/psoc creator/import/gnu/arm/5.4.1/bin/../lib/gcc/arm-none-eabi/5.4.1/armv6-m\libgcc.a(_dvmd_tls.o)
 .ARM.attributes
                0x000004ab       0x2c c:/program files (x86)/cypress/psoc creator/4.2/psoc creator/import/gnu/arm/5.4.1/bin/../lib/gcc/arm-none-eabi/5.4.1/../../../../arm-none-eabi/lib/armv6-m\libg_nano.a(lib_a-errno.o)
 .ARM.attributes
                0x000004d7       0x2c c:/program files (x86)/cypress/psoc creator/4.2/psoc creator/import/gnu/arm/5.4.1/bin/../lib/gcc/arm-none-eabi/5.4.1/../../../../arm-none-eabi/lib/armv6-m\libg_nano.a(lib_a-exit.o)
 .ARM.attributes
                0x00000503       0x2c c:/program files (x86)/cypress/psoc creator/4.2/psoc creator/import/gnu/arm/5.4.1/bin/../lib/gcc/arm-none-eabi/5.4.1/../../../../arm-none-eabi/lib/armv6-m\libg_nano.a(lib_a-impure.o)
 .ARM.attributes
                0x0000052f       0x2c c:/program files (x86)/cypress/psoc creator/4.2/psoc creator/import/gnu/arm/5.4.1/bin/../lib/gcc/arm-none-eabi/5.4.1/../../../../arm-none-eabi/lib/armv6-m\libg_nano.a(lib_a-init.o)
 .ARM.attributes
                0x0000055b       0x2c c:/program files (x86)/cypress/psoc creator/4.2/psoc creator/import/gnu/arm/5.4.1/bin/../lib/gcc/arm-none-eabi/5.4.1/../../../../arm-none-eabi/lib/armv6-m\libg_nano.a(lib_a-memcpy-stub.o)
 .ARM.attributes
                0x00000587       0x2c c:/program files (x86)/cypress/psoc creator/4.2/psoc creator/import/gnu/arm/5.4.1/bin/../lib/gcc/arm-none-eabi/5.4.1/../../../../arm-none-eabi/lib/armv6-m\libg_nano.a(lib_a-memset.o)
 .ARM.attributes
                0x000005b3       0x2c c:/program files (x86)/cypress/psoc creator/4.2/psoc creator/import/gnu/arm/5.4.1/bin/../lib/gcc/arm-none-eabi/5.4.1/armv6-m/crtend.o
 .ARM.attributes
                0x000005df       0x1e c:/program files (x86)/cypress/psoc creator/4.2/psoc creator/import/gnu/arm/5.4.1/bin/../lib/gcc/arm-none-eabi/5.4.1/armv6-m/crtn.o

/DISCARD/
 *(.note.GNU-stack)
OUTPUT(C:\Users\michael.machate\Desktop\Mutal\FirstTestMutal.cydsn\CortexM0p\ARM_GCC_541\Debug\FirstTestMutal.elf elf32-littlearm)
